******************************************************************************
                  TI ARM Linker PC v5.1.6                      
******************************************************************************
>> Linked Mon Dec 22 00:43:55 2014

OUTPUT FILE NAME:   <BREWise_2.out>
ENTRY POINT SYMBOL: "_c_int00"  address: 2000a6c9


MEMORY CONFIGURATION

         name            origin    length      used     unused   attr    fill
----------------------  --------  ---------  --------  --------  ----  --------
  SRAM_CODE             20004000   00012fff  00007502  0000bafd  RW X
  SRAM_DATA             20017000   00019000  00001799  00017867  RW X


SEGMENT ALLOCATION MAP

run origin  load origin   length   init length attrs members
----------  ----------- ---------- ----------- ----- -------
20004000    20004000    00007508   00007508    r-x
  20004000    20004000    00000400   00000400    r-- .intvecs
  20004400    20004400    00006ace   00006ace    r-x .text
  2000aed0    2000aed0    000005d4   000005d4    r-- .const
  2000b4a8    2000b4a8    00000060   00000060    r-- .cinit
20017000    20017000    00000f9c   00000000    rw-
  20017000    20017000    00000800   00000000    rw- .sysmem
  20017800    20017800    0000057d   00000000    rw- .bss
  20017d80    20017d80    0000021c   00000000    rw- .data
2002f800    2002f800    00000800   00000000    rw-
  2002f800    2002f800    00000800   00000000    rw- .stack


SECTION ALLOCATION MAP

 output                                  attributes/
section   page    origin      length       input sections
--------  ----  ----------  ----------   ----------------
.init_array 
*          0    20004000    00000000     UNINITIALIZED

.intvecs   0    20004000    00000400     
                  20004000    00000400     startup_ccs.obj (.intvecs)

.text      0    20004400    00006ace     
                  20004400    00000ec0     rtsv7M4_T_le_eabi.lib : _printfi.obj (.text)
                  200052c0    00000b68     main.obj (.text)
                  20005e28    000003cc     rtsv7M4_T_le_eabi.lib : memory.obj (.text)
                  200061f4    000003b4     simplelink.a : driver.obj (.text:_SlDrvMsgRead)
                  200065a8    00000354     gpio_if.obj (.text)
                  200068fc    0000034c     simplelink.a : driver.obj (.text:_SlAsyncEventGenericHandler)
                  20006c48    00000314     CommandTable.obj (.text)
                  20006f5c    00000200     udma_if.obj (.text)
                  2000715c    000001f4     rtsv7M4_T_le_eabi.lib : ull_div_t2.obj (.text)
                  20007350    000001d4     uart_if.obj (.text)
                  20007524    000001b6     rtsv7M4_T_le_eabi.lib : fd_add_t2.obj (.text)
                  200076da    00000002     driverlib.a : interrupt.obj (.text:IntDefaultHandler)
                  200076dc    0000017c     simplelink.a : driver.obj (.text:_SlDrvDataReadOp)
                  20007858    00000140                  : driver.obj (.text:_SlDrvDataWriteOp)
                  20007998    00000140                  : driver.obj (.text:_SlDrvRxHdrRead)
                  20007ad8    00000136     rtsv7M4_T_le_eabi.lib : fd_div_t2.obj (.text)
                  20007c0e    00000002     --HOLE-- [fill = 0]
                  20007c10    00000134     driverlib.a : prcm.obj (.text:PRCMCC3200MCUInit)
                  20007d44    00000128     simplelink.a : cc_pal.obj (.text:spi_Open)
                  20007e6c    00000118                  : driver.obj (.text:_SlDrvWaitForPoolObj)
                  20007f84    00000118                  : socket.obj (.text:sl_Accept)
                  2000809c    00000114                  : driver.obj (.text:_SlDrvMsgWrite)
                  200081b0    0000010c                  : driver.obj (.text:_SlDrvReleasePoolObj)
                  200082bc    000000fc     rtsv7M4_T_le_eabi.lib : fd_mul_t2.obj (.text)
                  200083b8    000000fa                           : fs_add_t2.obj (.text)
                  200084b2    00000002     --HOLE-- [fill = 0]
                  200084b4    000000f0     driverlib.a : udma.obj (.text:uDMAChannelTransferSet)
                  200085a4    000000ec     simplelink.a : cc_pal.obj (.text:spi_Write)
                  20008690    000000cc                  : cc_pal.obj (.text:spi_Read)
                  2000875c    000000c8                  : device.obj (.text:sl_Start)
                  20008824    000000bc                  : driver.obj (.text:_SlDrvMsgReadCmdCtx)
                  200088e0    000000b2                  : netapp.obj (.text:_SlDrvNetAppEventHandler)
                  20008992    00000002     --HOLE-- [fill = 0]
                  20008994    000000b0                  : socket.obj (.text:sl_Send)
                  20008a44    000000a8     driverlib.a : interrupt.obj (.text:IntDisable)
                  20008aec    000000a8                 : interrupt.obj (.text:IntEnable)
                  20008b94    000000a0                 : spi.obj (.text:SPIConfigSetExpClk)
                  20008c34    0000009c     rtsv7M4_T_le_eabi.lib : memcpy_t2.obj (.text)
                  20008cd0    00000098     simplelink.a : driver.obj (.text:_SlFindAndSetActiveObj)
                  20008d68    00000094     driverlib.a : prcm.obj (.text:PRCMPeripheralClockGet)
                  20008dfc    00000094     simplelink.a : driver.obj (.text:_SlDrvClassifyRxMsg)
                  20008e90    00000094                  : driver.obj (.text:_SlDrvMsgReadSpawnCtx)
                  20008f24    00000094     rtsv7M4_T_le_eabi.lib : auto_init.obj (.text)
                  20008fb8    00000092                           : fs_div_t2.obj (.text)
                  2000904a    00000002     --HOLE-- [fill = 0]
                  2000904c    00000090     simplelink.a : driver.obj (.text:_SlDrvDriverCBInit)
                  200090dc    00000088     driverlib.a : pin.obj (.text:PinConfigSet)
                  20009164    00000088     simplelink.a : driver.obj (.text:_SlDrvCmdOp)
                  200091ec    00000088     rtsv7M4_T_le_eabi.lib : vsnprintf.obj (.text)
                  20009274    00000088     simplelink.a : netapp.obj (.text:sl_NetAppMDNSRegisterUnregisterService)
                  200092fc    00000086     rtsv7M4_T_le_eabi.lib : fd_cmp_t2.obj (.text:__aeabi_cdcmple)
                  20009382    00000086                           : fd_cmp_t2.obj (.text:__aeabi_cdrcmple)
                  20009408    00000084     simplelink.a : netapp.obj (.text:_sl_HandleAsync_DnsGetHostByName)
                  2000948c    00000082     driverlib.a : gpio.obj (.text:GPIOIntTypeSet)
                  2000950e    00000002     --HOLE-- [fill = 0]
                  20009510    00000080     simplelink.a : cc_pal.obj (.text:NwpPowerOnPreamble)
                  20009590    0000007a     rtsv7M4_T_le_eabi.lib : fs_mul_t2.obj (.text)
                  2000960a    00000002     --HOLE-- [fill = 0]
                  2000960c    00000078     simplelink.a : cc_pal.obj (.text:SetupDMAReceive)
                  20009684    00000078                  : device.obj (.text:_sl_HandleAsync_InitComplete)
                  200096fc    00000078                  : netapp.obj (.text:_sl_HandleAsync_PingResponse)
                  20009774    00000078     rtsv7M4_T_le_eabi.lib : memset_t2.obj (.text)
                  200097ec    00000076     driverlib.a : uart.obj (.text:UARTConfigSetExpClk)
                  20009862    00000002     --HOLE-- [fill = 0]
                  20009864    00000074     pinmux.obj (.text)
                  200098d8    00000070     simplelink.a : wlan.obj (.text:sl_WlanSmartConfigStart)
                  20009948    0000006e                  : socket.obj (.text:_sl_TruncatePayloadByProtocol)
                  200099b6    00000002     --HOLE-- [fill = 0]
                  200099b8    0000006c                  : socket.obj (.text:_sl_HandleAsync_Connect)
                  20009a24    00000068                  : socket.obj (.text:_sl_HandleAsync_Accept)
                  20009a8c    00000068                  : netapp.obj (.text:_sl_HandleAsync_DnsGetHostByService)
                  20009af4    00000064     driverlib.a : udma.obj (.text:uDMAChannelAttributeDisable)
                  20009b58    00000064                 : udma.obj (.text:uDMAChannelAttributeEnable)
                  20009bbc    0000005e     rtsv7M4_T_le_eabi.lib : copy_decompress_rle.obj (.text)
                  20009c1a    00000002     --HOLE-- [fill = 0]
                  20009c1c    0000005c     simplelink.a : socket.obj (.text:_sl_HandleAsync_Select)
                  20009c78    0000005c                  : socket.obj (.text:sl_Bind)
                  20009cd4    0000005a     rtsv7M4_T_le_eabi.lib : ltoa.obj (.text)
                  20009d2e    00000002     --HOLE-- [fill = 0]
                  20009d30    00000058     driverlib.a : interrupt.obj (.text:IntPendClear)
                  20009d88    00000058                 : prcm.obj (.text:PRCMPeripheralReset)
                  20009de0    00000058     simplelink.a : device.obj (.text:_sl_HandleAsync_Stop)
                  20009e38    00000054     driverlib.a : interrupt.obj (.text:IntPrioritySet)
                  20009e8c    00000054     simplelink.a : netapp.obj (.text:sl_NetAppSendTokenValue)
                  20009ee0    0000004c     driverlib.a : spi.obj (.text:SPIIntEnable)
                  20009f2c    0000004c     adcdriver.obj (.text)
                  20009f78    0000004c     rtsv7M4_T_le_eabi.lib : atoi.obj (.text)
                  20009fc4    0000004c     simplelink.a : socket.obj (.text:sl_SetSockOpt)
                  2000a010    0000004c     driverlib.a : udma.obj (.text:uDMAChannelAssign)
                  2000a05c    0000004a     simplelink.a : device.obj (.text:_sl_GetStartResponseConvert)
                  2000a0a6    0000004a     rtsv7M4_T_le_eabi.lib : fd_tos_t2.obj (.text)
                  2000a0f0    00000048     driverlib.a : gpio.obj (.text:GPIOGetIntNumber)
                  2000a138    00000048                 : spi.obj (.text:SPIIntClear)
                  2000a180    00000048     rtsv7M4_T_le_eabi.lib : fd_toi_t2.obj (.text)
                  2000a1c8    00000044     driverlib.a : spi.obj (.text:SPIDmaMaskGet)
                  2000a20c    00000044     rtsv7M4_T_le_eabi.lib : cpy_tbl.obj (.text)
                  2000a250    00000044                           : exit.obj (.text)
                  2000a294    00000044                           : xdtest.obj (.text)
                  2000a2d8    00000044     simplelink.a : socket.obj (.text:sl_Recv)
                  2000a31c    00000040     driverlib.a : pin.obj (.text:PinModeSet)
                  2000a35c    00000040     simplelink.a : driver.obj (.text:_SlDrvRxIrqHandler)
                  2000a39c    00000040                  : nonos.obj (.text:_SlNonOsMainLoopTask)
                  2000a3dc    00000040                  : driver.obj (.text:_SlRemoveFromList)
                  2000a41c    00000040                  : wlan.obj (.text:sl_WlanPolicySet)
                  2000a45c    0000003c                  : cc_pal.obj (.text:NwpPowerOff)
                  2000a498    0000003c     driverlib.a : prcm.obj (.text:PRCMPeripheralClkEnable)
                  2000a4d4    0000003c     simplelink.a : driver.obj (.text:_SlDrvObjInit)
                  2000a510    0000003c     driverlib.a : udma.obj (.text:uDMAChannelControlSet)
                  2000a54c    00000038                 : adc.obj (.text:ADCChannelEnable)
                  2000a584    00000038     simplelink.a : cc_pal.obj (.text:NwpRegisterInterruptHandler)
                  2000a5bc    00000038     rtsv7M4_T_le_eabi.lib : fs_tod_t2.obj (.text)
                  2000a5f4    00000036     driverlib.a : gpio.obj (.text:GPIODirModeSet)
                  2000a62a    00000002     --HOLE-- [fill = 0]
                  2000a62c    00000034                 : prcm.obj (.text:PRCMPeripheralStatusGet)
                  2000a660    00000034                 : spi.obj (.text:SPIFIFOLevelSet)
                  2000a694    00000034     simplelink.a : driver.obj (.text:_SlDrvBasicCmd)
                  2000a6c8    00000034     rtsv7M4_T_le_eabi.lib : boot.obj (.text)
                  2000a6fc    00000034     simplelink.a : socket.obj (.text:sl_Htons)
                  2000a730    00000030                  : cc_pal.obj (.text:NwpPowerOn)
                  2000a760    00000030     driverlib.a : pin.obj (.text:PinTypeGPIO)
                  2000a790    00000030                 : uart.obj (.text:UARTDisable)
                  2000a7c0    00000030     simplelink.a : flowcont.obj (.text:_SlDrvFlowContInit)
                  2000a7f0    00000030                  : nonos.obj (.text:_SlNonOsSemGet)
                  2000a820    00000030                  : socket.obj (.text:sl_Socket)
                  2000a850    0000002e     rtsv7M4_T_le_eabi.lib : i_tofd_t2.obj (.text)
                  2000a87e    00000002     --HOLE-- [fill = 0]
                  2000a880    0000002c     driverlib.a : prcm.obj (.text:PRCMSysResetCauseGet)
                  2000a8ac    0000002c     simplelink.a : socket.obj (.text:sl_Listen)
                  2000a8d8    00000028     driverlib.a : prcm.obj (.text:PRCMPeripheralClkDisable)
                  2000a900    00000028     simplelink.a : socket.obj (.text:_sl_BuildAddress)
                  2000a928    00000024                  : cc_pal.obj (.text:DmaSpiSwIntHandler)
                  2000a94c    00000024     driverlib.a : interrupt.obj (.text:IntUnregister)
                  2000a970    00000024                 : uart.obj (.text:UARTEnable)
                  2000a994    00000024     simplelink.a : socket.obj (.text:sl_Close)
                  2000a9b8    00000022     driverlib.a : adc.obj (.text:ADCTimerConfig)
                  2000a9da    00000022                 : spi.obj (.text:SPIReset)
                  2000a9fc    00000022                 : spi.obj (.text:SPIWordCountSet)
                  2000aa1e    00000020                 : gpio.obj (.text:GPIOPinWrite)
                  2000aa3e    00000002     --HOLE-- [fill = 0]
                  2000aa40    00000020                 : interrupt.obj (.text:IntRegister)
                  2000aa60    00000020     simplelink.a : driver.obj (.text:_SlDrvCmdSend)
                  2000aa80    00000020                  : nonos.obj (.text:_SlNonOsSpawn)
                  2000aaa0    0000001e     driverlib.a : gpio.obj (.text:GPIOIntRegister)
                  2000aabe    0000001e                 : uart.obj (.text:UARTCharPut)
                  2000aadc    0000001c                 : adc.obj (.text:ADCFIFOLvlGet)
                  2000aaf8    0000001c     rtsv7M4_T_le_eabi.lib : memccpy.obj (.text)
                  2000ab14    0000001c     simplelink.a : netapp.obj (.text:sl_NetAppMDNSRegisterService)
                  2000ab30    0000001c     driverlib.a : udma.obj (.text:uDMAChannelDisable)
                  2000ab4c    0000001c                 : udma.obj (.text:uDMAChannelEnable)
                  2000ab68    0000001c                 : udma.obj (.text:uDMAChannelRequest)
                  2000ab84    0000001a     simplelink.a : netapp.obj (.text:CopyPingResultsToReport)
                  2000ab9e    0000001a     driverlib.a : gpio.obj (.text:GPIOIntEnable)
                  2000abb8    0000001a                 : pin.obj (.text:PinTypeUART)
                  2000abd2    0000001a                 : spi.obj (.text:SPIDmaEnable)
                  2000abec    0000001a                 : spi.obj (.text:SPIFIFOEnable)
                  2000ac06    0000001a     simplelink.a : device.obj (.text:_SlDrvDeviceEventHandler)
                  2000ac20    00000018     driverlib.a : adc.obj (.text:ADCFIFORead)
                  2000ac38    00000018                 : gpio.obj (.text:GPIOPinRead)
                  2000ac50    00000018                 : spi.obj (.text:SPICSDisable)
                  2000ac68    00000018                 : spi.obj (.text:SPICSEnable)
                  2000ac80    00000018                 : spi.obj (.text:SPIDisable)
                  2000ac98    00000018                 : spi.obj (.text:SPIEnable)
                  2000acb0    00000018     rtsv7M4_T_le_eabi.lib : args_main.obj (.text)
                  2000acc8    00000018                           : ll_mul_t2.obj (.text)
                  2000ace0    00000016     driverlib.a : adc.obj (.text:ADCTimerEnable)
                  2000acf6    00000016                 : prcm.obj (.text:PRCMHIBRegRead)
                  2000ad0c    00000016                 : prcm.obj (.text:PRCMHIBRegWrite)
                  2000ad22    00000016                 : uart.obj (.text:UARTCharGet)
                  2000ad38    00000016                 : udma.obj (.text:uDMAIntRegister)
                  2000ad4e    00000014                 : adc.obj (.text:ADCEnable)
                  2000ad62    00000014                 : cpu.obj (.text:CPUcpsie)
                  2000ad76    00000014                 : gpio.obj (.text:GPIOIntClear)
                  2000ad8a    00000002     --HOLE-- [fill = 0]
                  2000ad8c    00000014                 : interrupt.obj (.text:IntVTableBaseSet)
                  2000ada0    00000014                 : pin.obj (.text:PinTypeADC)
                  2000adb4    00000014     simplelink.a : driver.obj (.text:_SlDrvShiftDWord)
                  2000adc8    00000014     rtsv7M4_T_le_eabi.lib : _lock.obj (.text)
                  2000addc    00000014                           : strlen.obj (.text)
                  2000adf0    00000014     driverlib.a : udma.obj (.text:uDMAControlBaseSet)
                  2000ae04    00000014                 : udma.obj (.text:uDMAIntClear)
                  2000ae18    00000012     rtsv7M4_T_le_eabi.lib : copy_zero_init.obj (.text:decompress:ZI)
                  2000ae2a    00000012     driverlib.a : udma.obj (.text:uDMAIntUnregister)
                  2000ae3c    00000010     simplelink.a : cc_pal.obj (.text:NwpMaskInterrupt)
                  2000ae4c    0000000e     rtsv7M4_T_le_eabi.lib : copy_decompress_none.obj (.text:decompress:none)
                  2000ae5a    0000000e                           : xdclass.obj (.text)
                  2000ae68    0000000e     startup_ccs.obj (.text)
                  2000ae76    00000002     --HOLE-- [fill = 0]
                  2000ae78    0000000c     simplelink.a : cc_pal.obj (.text:NwpUnMaskInterrupt)
                  2000ae84    0000000c     driverlib.a : udma.obj (.text:uDMADisable)
                  2000ae90    0000000c                 : udma.obj (.text:uDMAEnable)
                  2000ae9c    0000000c                 : udma.obj (.text:uDMAIntStatus)
                  2000aea8    0000000a                 : interrupt.obj (.text:IntMasterEnable)
                  2000aeb2    00000008     simplelink.a : nonos.obj (.text:_SlNonOsSemSet)
                  2000aeba    00000008                  : wlan.obj (.text:sl_WlanSmartConfigStop)
                  2000aec2    00000006     driverlib.a : utils.obj (.text:UtilsDelay)
                  2000aec8    00000006     rtsv7M4_T_le_eabi.lib : copy_decompress_rle.obj (.text:decompress:rle24)

.const     0    2000aed0    000005d4     
                  2000aed0    00000102     rtsv7M4_T_le_eabi.lib : ctype.obj (.const:.string:_ctypes_)
                  2000afd2    00000002     --HOLE-- [fill = 0]
                  2000afd4    00000100     driverlib.a : pin.obj (.const:g_ulPinToPadMap)
                  2000b0d4    000000ec     simplelink.a : wlan.obj (.const)
                  2000b1c0    000000d4     driverlib.a : interrupt.obj (.const:g_pulRegs)
                  2000b294    000000a8                 : prcm.obj (.const:PRCM_PeriphRegsList)
                  2000b33c    00000080                 : interrupt.obj (.const)
                  2000b3bc    0000004c     simplelink.a : driver.obj (.const)
                  2000b408    00000034                  : socket.obj (.const)
                  2000b43c    00000028                  : netapp.obj (.const)
                  2000b464    00000026     main.obj (.const:.string:$P$T0$1)
                  2000b48a    00000002     --HOLE-- [fill = 0]
                  2000b48c    00000018     driverlib.a : spi.obj (.const)

.cinit     0    2000b4a8    00000060     
                  2000b4a8    00000039     (.cinit..data.load) [load image, compression = rle]
                  2000b4e1    00000003     --HOLE-- [fill = 0]
                  2000b4e4    0000000c     (__TI_handler_table)
                  2000b4f0    00000008     (.cinit..bss.load) [load image, compression = zero_init]
                  2000b4f8    00000010     (__TI_cinit_table)

.sysmem    0    20017000    00000800     UNINITIALIZED
                  20017000    00000008     rtsv7M4_T_le_eabi.lib : memory.obj (.sysmem)
                  20017008    000007f8     --HOLE--

.bss       0    20017800    0000057d     UNINITIALIZED
                  20017800    00000400     udma_if.obj (.bss:gpCtlTbl)
                  20017c00    00000100     udma_if.obj (.bss:gfpAppCallbackHndl)
                  20017d00    00000028     simplelink.a : nonos.obj (.bss:g__SlNonOsCB)
                  20017d28    00000024     main.obj (.bss:g_ucConnectionSSID)
                  20017d4c    00000014     (.common:g_cBsdBuf)
                  20017d60    0000000c     (.common:arguments)
                  20017d6c    00000008     (.common:g_ucConnectionBSSID)
                  20017d74    00000004     (.common:__Errorlog)
                  20017d78    00000001     (.common:g_cDummy)
                  20017d79    00000001     (.common:g_ucLED1Pin)
                  20017d7a    00000001     (.common:g_ucLED2Pin)
                  20017d7b    00000001     (.common:g_ucLED3Pin)
                  20017d7c    00000001     (.common:iDone)

.data      0    20017d80    0000021c     UNINITIALIZED
                  20017d80    00000170     simplelink.a : driver.obj (.data)
                  20017ef0    0000005c                  : cc_pal.obj (.data)
                  20017f4c    0000001c     gpio_if.obj (.data)
                  20017f68    0000000c     main.obj (.data)
                  20017f74    0000000c     rtsv7M4_T_le_eabi.lib : memory.obj (.data)
                  20017f80    00000008     CommandTable.obj (.data)
                  20017f88    00000008     rtsv7M4_T_le_eabi.lib : _lock.obj (.data)
                  20017f90    00000008                           : exit.obj (.data)
                  20017f98    00000004                           : stkdepth_vars.obj (.data)

.stack     0    2002f800    00000800     UNINITIALIZED
                  2002f800    00000800     --HOLE--


LINKER GENERATED COPY TABLES

__TI_cinit_table @ 2000b4f8 records: 2, size/record: 8, table size: 16
	.data: load addr=2000b4a8, load size=00000039 bytes, run addr=20017d80, run size=0000021c bytes, compression=rle
	.bss: load addr=2000b4f0, load size=00000008 bytes, run addr=20017800, run size=0000057d bytes, compression=zero_init


LINKER GENERATED HANDLER TABLE

__TI_handler_table @ 2000b4e4 records: 3, size/record: 4, table size: 12
	index: 0, handler: __TI_decompress_rle24
	index: 1, handler: __TI_decompress_none
	index: 2, handler: __TI_zero_init


GLOBAL SYMBOLS: SORTED ALPHABETICALLY BY Name 

address    name
--------   ----
2000a54d   ADCChannelEnable
2000ad4f   ADCEnable
2000aadd   ADCFIFOLvlGet
2000ac21   ADCFIFORead
2000a9b9   ADCTimerConfig
2000ace1   ADCTimerEnable
20005869   BsdTcpServer
2000a251   C$$EXIT
2000ad63   CPUcpsie
20007391   ClearTerm
2000ab85   CopyPingResultsToReport
20007103   DMASetupTransfer
20006f73   DmaErrorIntHandler
2000a929   DmaSpiSwIntHandler
20006f5d   DmaSwIntHandler
2000739b   Error
2000a5f5   GPIODirModeSet
2000ad77   GPIOIntClear
2000ab9f   GPIOIntEnable
2000aaa1   GPIOIntRegister
2000948d   GPIOIntTypeSet
2000ac39   GPIOPinRead
2000aa1f   GPIOPinWrite
2000682d   GPIO_IF_ConfigureNIntEnable
200068a3   GPIO_IF_Get
200067e7   GPIO_IF_GetPortNPin
200065a9   GPIO_IF_LedConfigure
2000669b   GPIO_IF_LedOff
200065e7   GPIO_IF_LedOn
2000674f   GPIO_IF_LedStatus
200067b9   GPIO_IF_LedToggle
20006869   GPIO_IF_Set
200073d3   GetCmd
20007351   InitTerm
20008a45   IntDisable
20008aed   IntEnable
2000aea9   IntMasterEnable
20009d31   IntPendClear
20009e39   IntPrioritySet
2000aa41   IntRegister
2000a94d   IntUnregister
2000ad8d   IntVTableBaseSet
20006d6b   Interpreter
2000736f   Message
2000ae3d   NwpMaskInterrupt
2000a45d   NwpPowerOff
2000a731   NwpPowerOn
20009511   NwpPowerOnPreamble
2000a585   NwpRegisterInterruptHandler
2000ae79   NwpUnMaskInterrupt
20007c11   PRCMCC3200MCUInit
2000acf7   PRCMHIBRegRead
2000ad0d   PRCMHIBRegWrite
2000a8d9   PRCMPeripheralClkDisable
2000a499   PRCMPeripheralClkEnable
20008d69   PRCMPeripheralClockGet
20009d89   PRCMPeripheralReset
2000a62d   PRCMPeripheralStatusGet
2000a881   PRCMSysResetCauseGet
200090dd   PinConfigSet
2000a31d   PinModeSet
20009865   PinMuxConfig
2000ada1   PinTypeADC
2000a761   PinTypeGPIO
2000abb9   PinTypeUART
20007465   Report
2000ae69   ResetISR
UNDEFED    SHT$$INIT_ARRAY$$Base
UNDEFED    SHT$$INIT_ARRAY$$Limit
2000ac51   SPICSDisable
2000ac69   SPICSEnable
20008b95   SPIConfigSetExpClk
2000ac81   SPIDisable
2000abd3   SPIDmaEnable
2000ac99   SPIEnable
2000abed   SPIFIFOEnable
2000a661   SPIFIFOLevelSet
2000a139   SPIIntClear
20009ee1   SPIIntEnable
2000a9db   SPIReset
2000a9fd   SPIWordCountSet
20007005   SetupTransfer
20005489   SimpleLinkGeneralEventHandler
20005461   SimpleLinkHttpServerCallback
200053cb   SimpleLinkNetAppEventHandler
2000549f   SimpleLinkSockEventHandler
200052c1   SimpleLinkWlanEventHandler
20005b17   SmartConfigConnect
20005b49   SmartConfigStop
2000ad23   UARTCharGet
2000aabf   UARTCharPut
200097ed   UARTConfigSetExpClk
2000a791   UARTDisable
2000a971   UARTEnable
20006fd7   UDMAChannelSelect
200070ef   UDMADeInit
20006f7f   UDMAInit
20007049   UDMASetupAutoMemTransfer
2000707d   UDMASetupPingPongTransfer
200070d7   UDMAStartTransfer
200070e3   UDMAStopTransfer
2000aec3   UtilsDelay
2000ae5b   _Dclass
2000a295   _Dtest
2000b428   _SlAcceptCmdCtrl
2000b3d0   _SlActionLookupTable
200068fd   _SlAsyncEventGenericHandler
2000a695   _SlDrvBasicCmd
20008dfd   _SlDrvClassifyRxMsg
20009165   _SlDrvCmdOp
2000aa61   _SlDrvCmdSend
200076dd   _SlDrvDataReadOp
20007859   _SlDrvDataWriteOp
2000ac07   _SlDrvDeviceEventHandler
2000904d   _SlDrvDriverCBInit
2000a7c1   _SlDrvFlowContInit
200061f5   _SlDrvMsgRead
20008825   _SlDrvMsgReadCmdCtx
20008e91   _SlDrvMsgReadSpawnCtx
2000809d   _SlDrvMsgWrite
200088e1   _SlDrvNetAppEventHandler
2000a4d5   _SlDrvObjInit
200081b1   _SlDrvReleasePoolObj
20007999   _SlDrvRxHdrRead
2000a35d   _SlDrvRxIrqHandler
2000adb5   _SlDrvShiftDWord
20007e6d   _SlDrvWaitForPoolObj
20008cd1   _SlFindAndSetActiveObj
2000b454   _SlGetHostByNameCtrl
2000b450   _SlGetHostByServiceCtrl
2000b448   _SlGetServiceListeCtrl
2000b434   _SlGetSockOptCmdCtrl
2000b424   _SlListenCmdCtrl
2000b460   _SlNetAppGetCmdCtrl
2000b45c   _SlNetAppSendTokenValueCmdCtrl
2000b458   _SlNetAppSetCmdCtrl
2000b440   _SlNetAppStartCtrl
2000b444   _SlNetAppStopCtrl
2000a39d   _SlNonOsMainLoopTask
2000a7f1   _SlNonOsSemGet
2000aeb3   _SlNonOsSemSet
2000aa81   _SlNonOsSpawn
2000b0dc   _SlPolicyGetCmdCtrl
2000b0d8   _SlPolicySetCmdCtrl
2000b0e4   _SlProfileDelCmdCtrl
2000b0e0   _SlProfileGetCmdCtrl
2000b42c   _SlRecvCmdCtrl
2000b41c   _SlRecvfomCmdCtrl
2000b44c   _SlRegisterServiceCtrl
2000a3dd   _SlRemoveFromList
2000b0ec   _SlRxFilterAddtCmdCtrl
2000b0f4   _SlRxFilterGetCmdCtrl
2000b0f0   _SlRxFilterSetCmdCtrl
2000b438   _SlSelectCmdCtrl
2000b420   _SlSendCmdCtrl
2000b430   _SlSetSockOptCmdCtrl
2000b0f8   _SlSmartConfigStartCmdCtrl
2000b418   _SlSockCloseCmdCtrl
2000b414   _SlSockSocketCmdCtrl
2000b104   _SlWlanCfgGetCmdCtrl
2000b100   _SlWlanCfgSetCmdCtrl
2000b0e8   _SlWlanGetNetworkListCtrl
2000b0fc   _SlWlanSetModeCmdCtrl
20030000   __STACK_END
00000800   __STACK_SIZE
00000800   __SYSMEM_SIZE
2000b4f8   __TI_CINIT_Base
2000b508   __TI_CINIT_Limit
2000b4e4   __TI_Handler_Table_Base
2000b4f0   __TI_Handler_Table_Limit
00000001   __TI_args_main
20008f25   __TI_auto_init
20017f90   __TI_cleanup_ptr
2000ae4d   __TI_decompress_none
2000aec9   __TI_decompress_rle24
20017f94   __TI_dtors_ptr
20004fb7   __TI_printfi
2000b4a8   __TI_static_base__
2000ae19   __TI_zero_init
200092fd   __aeabi_cdcmpeq
200092fd   __aeabi_cdcmple
20009383   __aeabi_cdrcmple
2000a0a7   __aeabi_d2f
2000a181   __aeabi_d2iz
2000752f   __aeabi_dadd
20007ad9   __aeabi_ddiv
200082bd   __aeabi_dmul
20007525   __aeabi_dsub
2000a5bd   __aeabi_f2d
200083bd   __aeabi_fadd
20008fb9   __aeabi_fdiv
20009591   __aeabi_fmul
200083b9   __aeabi_fsub
2000a851   __aeabi_i2d
2000acc9   __aeabi_lmul
20009775   __aeabi_memclr
20009775   __aeabi_memclr4
20009775   __aeabi_memclr8
20008c35   __aeabi_memcpy
20008c35   __aeabi_memcpy4
20008c35   __aeabi_memcpy8
20009777   __aeabi_memset
20009777   __aeabi_memset4
20009777   __aeabi_memset8
2000715d   __aeabi_uldivmod
ffffffff   __binit__
ffffffff   __c_args__
2002f800   __stack
2000acb1   _args_main
2000a6c9   _c_int00
2000aed0   _ctypes_
20017f88   _lock
2000add7   _nop
2000adcf   _register_lock
2000adc9   _register_unlock
2000a901   _sl_BuildAddress
2000a05d   _sl_GetStartResponseConvert
20009a25   _sl_HandleAsync_Accept
200099b9   _sl_HandleAsync_Connect
20009409   _sl_HandleAsync_DnsGetHostByName
20009a8d   _sl_HandleAsync_DnsGetHostByService
20009685   _sl_HandleAsync_InitComplete
200096fd   _sl_HandleAsync_PingResponse
20009c1d   _sl_HandleAsync_Select
20009de1   _sl_HandleAsync_Stop
20009949   _sl_TruncatePayloadByProtocol
20017000   _sys_memory
20017f8c   _unlock
2000a255   abort
20009f2d   adcInit
20009f79   atoi
ffffffff   binit
200061bd   calloc
2000a20d   copy_in
2000a25d   exit
20005f17   free
20017d84   gFirstCmdMode
2000b3c8   g_H2NCnysPattern
2000b3c0   g_H2NSyncPattern
20017ef0   g_SpiFd
20017d8c   g_StatMem
20017d00   g__SlNonOsCB
20017d4c   g_cBsdBuf
20017d78   g_cDummy
20017d88   g_pCB
20017ef4   g_pHostIntHdl
20004000   g_pfnVectors
20017f70   g_ucConnectTimeout
20017d6c   g_ucConnectionBSSID
20017d28   g_ucConnectionSSID
20017ef8   g_ucDMAEnabled
20017efc   g_ucDinDout
20017d79   g_ucLED1Pin
20017d7a   g_ucLED2Pin
20017d7b   g_ucLED3Pin
20017f5c   g_uiLED1Port
20017f60   g_uiLED2Port
20017f64   g_uiLED3Port
20017f6c   g_ulGatewayIP
20017f68   g_ulStatus
20017c00   gfpAppCallbackHndl
20017800   gpCtlTbl
20017d7c   iDone
20009cd5   ltoa
20005b51   main
20017f98   main_func_sp
20005eb5   malloc
200060dd   memalign
2000aaf9   memccpy
20008c35   memcpy
2000977d   memset
20005e29   minit
20017d80   pPingCallBackFunc
20005fd7   realloc
20009f4d   sampleAdc
20007f85   sl_Accept
20009c79   sl_Bind
2000a995   sl_Close
2000a6fd   sl_Htons
2000a8ad   sl_Listen
2000ab15   sl_NetAppMDNSRegisterService
20009275   sl_NetAppMDNSRegisterUnregisterService
20009e8d   sl_NetAppSendTokenValue
2000a2d9   sl_Recv
20008995   sl_Send
20009fc5   sl_SetSockOpt
2000a821   sl_Socket
2000875d   sl_Start
2000a41d   sl_WlanPolicySet
200098d9   sl_WlanSmartConfigStart
2000aebb   sl_WlanSmartConfigStop
20007d45   spi_Open
20008691   spi_Read
200085a5   spi_Write
2000addd   strlen
2000a011   uDMAChannelAssign
20009af5   uDMAChannelAttributeDisable
20009b59   uDMAChannelAttributeEnable
2000a511   uDMAChannelControlSet
2000ab31   uDMAChannelDisable
2000ab4d   uDMAChannelEnable
2000ab69   uDMAChannelRequest
200084b5   uDMAChannelTransferSet
2000adf1   uDMAControlBaseSet
2000ae85   uDMADisable
2000ae91   uDMAEnable
2000ae05   uDMAIntClear
2000ad39   uDMAIntRegister
2000ae9d   uDMAIntStatus
2000ae2b   uDMAIntUnregister
200091ed   vsnprintf


GLOBAL SYMBOLS: SORTED BY Symbol Address 

address    name
--------   ----
00000001   __TI_args_main
00000800   __STACK_SIZE
00000800   __SYSMEM_SIZE
20004000   g_pfnVectors
20004fb7   __TI_printfi
200052c1   SimpleLinkWlanEventHandler
200053cb   SimpleLinkNetAppEventHandler
20005461   SimpleLinkHttpServerCallback
20005489   SimpleLinkGeneralEventHandler
2000549f   SimpleLinkSockEventHandler
20005869   BsdTcpServer
20005b17   SmartConfigConnect
20005b49   SmartConfigStop
20005b51   main
20005e29   minit
20005eb5   malloc
20005f17   free
20005fd7   realloc
200060dd   memalign
200061bd   calloc
200061f5   _SlDrvMsgRead
200065a9   GPIO_IF_LedConfigure
200065e7   GPIO_IF_LedOn
2000669b   GPIO_IF_LedOff
2000674f   GPIO_IF_LedStatus
200067b9   GPIO_IF_LedToggle
200067e7   GPIO_IF_GetPortNPin
2000682d   GPIO_IF_ConfigureNIntEnable
20006869   GPIO_IF_Set
200068a3   GPIO_IF_Get
200068fd   _SlAsyncEventGenericHandler
20006d6b   Interpreter
20006f5d   DmaSwIntHandler
20006f73   DmaErrorIntHandler
20006f7f   UDMAInit
20006fd7   UDMAChannelSelect
20007005   SetupTransfer
20007049   UDMASetupAutoMemTransfer
2000707d   UDMASetupPingPongTransfer
200070d7   UDMAStartTransfer
200070e3   UDMAStopTransfer
200070ef   UDMADeInit
20007103   DMASetupTransfer
2000715d   __aeabi_uldivmod
20007351   InitTerm
2000736f   Message
20007391   ClearTerm
2000739b   Error
200073d3   GetCmd
20007465   Report
20007525   __aeabi_dsub
2000752f   __aeabi_dadd
200076dd   _SlDrvDataReadOp
20007859   _SlDrvDataWriteOp
20007999   _SlDrvRxHdrRead
20007ad9   __aeabi_ddiv
20007c11   PRCMCC3200MCUInit
20007d45   spi_Open
20007e6d   _SlDrvWaitForPoolObj
20007f85   sl_Accept
2000809d   _SlDrvMsgWrite
200081b1   _SlDrvReleasePoolObj
200082bd   __aeabi_dmul
200083b9   __aeabi_fsub
200083bd   __aeabi_fadd
200084b5   uDMAChannelTransferSet
200085a5   spi_Write
20008691   spi_Read
2000875d   sl_Start
20008825   _SlDrvMsgReadCmdCtx
200088e1   _SlDrvNetAppEventHandler
20008995   sl_Send
20008a45   IntDisable
20008aed   IntEnable
20008b95   SPIConfigSetExpClk
20008c35   __aeabi_memcpy
20008c35   __aeabi_memcpy4
20008c35   __aeabi_memcpy8
20008c35   memcpy
20008cd1   _SlFindAndSetActiveObj
20008d69   PRCMPeripheralClockGet
20008dfd   _SlDrvClassifyRxMsg
20008e91   _SlDrvMsgReadSpawnCtx
20008f25   __TI_auto_init
20008fb9   __aeabi_fdiv
2000904d   _SlDrvDriverCBInit
200090dd   PinConfigSet
20009165   _SlDrvCmdOp
200091ed   vsnprintf
20009275   sl_NetAppMDNSRegisterUnregisterService
200092fd   __aeabi_cdcmpeq
200092fd   __aeabi_cdcmple
20009383   __aeabi_cdrcmple
20009409   _sl_HandleAsync_DnsGetHostByName
2000948d   GPIOIntTypeSet
20009511   NwpPowerOnPreamble
20009591   __aeabi_fmul
20009685   _sl_HandleAsync_InitComplete
200096fd   _sl_HandleAsync_PingResponse
20009775   __aeabi_memclr
20009775   __aeabi_memclr4
20009775   __aeabi_memclr8
20009777   __aeabi_memset
20009777   __aeabi_memset4
20009777   __aeabi_memset8
2000977d   memset
200097ed   UARTConfigSetExpClk
20009865   PinMuxConfig
200098d9   sl_WlanSmartConfigStart
20009949   _sl_TruncatePayloadByProtocol
200099b9   _sl_HandleAsync_Connect
20009a25   _sl_HandleAsync_Accept
20009a8d   _sl_HandleAsync_DnsGetHostByService
20009af5   uDMAChannelAttributeDisable
20009b59   uDMAChannelAttributeEnable
20009c1d   _sl_HandleAsync_Select
20009c79   sl_Bind
20009cd5   ltoa
20009d31   IntPendClear
20009d89   PRCMPeripheralReset
20009de1   _sl_HandleAsync_Stop
20009e39   IntPrioritySet
20009e8d   sl_NetAppSendTokenValue
20009ee1   SPIIntEnable
20009f2d   adcInit
20009f4d   sampleAdc
20009f79   atoi
20009fc5   sl_SetSockOpt
2000a011   uDMAChannelAssign
2000a05d   _sl_GetStartResponseConvert
2000a0a7   __aeabi_d2f
2000a139   SPIIntClear
2000a181   __aeabi_d2iz
2000a20d   copy_in
2000a251   C$$EXIT
2000a255   abort
2000a25d   exit
2000a295   _Dtest
2000a2d9   sl_Recv
2000a31d   PinModeSet
2000a35d   _SlDrvRxIrqHandler
2000a39d   _SlNonOsMainLoopTask
2000a3dd   _SlRemoveFromList
2000a41d   sl_WlanPolicySet
2000a45d   NwpPowerOff
2000a499   PRCMPeripheralClkEnable
2000a4d5   _SlDrvObjInit
2000a511   uDMAChannelControlSet
2000a54d   ADCChannelEnable
2000a585   NwpRegisterInterruptHandler
2000a5bd   __aeabi_f2d
2000a5f5   GPIODirModeSet
2000a62d   PRCMPeripheralStatusGet
2000a661   SPIFIFOLevelSet
2000a695   _SlDrvBasicCmd
2000a6c9   _c_int00
2000a6fd   sl_Htons
2000a731   NwpPowerOn
2000a761   PinTypeGPIO
2000a791   UARTDisable
2000a7c1   _SlDrvFlowContInit
2000a7f1   _SlNonOsSemGet
2000a821   sl_Socket
2000a851   __aeabi_i2d
2000a881   PRCMSysResetCauseGet
2000a8ad   sl_Listen
2000a8d9   PRCMPeripheralClkDisable
2000a901   _sl_BuildAddress
2000a929   DmaSpiSwIntHandler
2000a94d   IntUnregister
2000a971   UARTEnable
2000a995   sl_Close
2000a9b9   ADCTimerConfig
2000a9db   SPIReset
2000a9fd   SPIWordCountSet
2000aa1f   GPIOPinWrite
2000aa41   IntRegister
2000aa61   _SlDrvCmdSend
2000aa81   _SlNonOsSpawn
2000aaa1   GPIOIntRegister
2000aabf   UARTCharPut
2000aadd   ADCFIFOLvlGet
2000aaf9   memccpy
2000ab15   sl_NetAppMDNSRegisterService
2000ab31   uDMAChannelDisable
2000ab4d   uDMAChannelEnable
2000ab69   uDMAChannelRequest
2000ab85   CopyPingResultsToReport
2000ab9f   GPIOIntEnable
2000abb9   PinTypeUART
2000abd3   SPIDmaEnable
2000abed   SPIFIFOEnable
2000ac07   _SlDrvDeviceEventHandler
2000ac21   ADCFIFORead
2000ac39   GPIOPinRead
2000ac51   SPICSDisable
2000ac69   SPICSEnable
2000ac81   SPIDisable
2000ac99   SPIEnable
2000acb1   _args_main
2000acc9   __aeabi_lmul
2000ace1   ADCTimerEnable
2000acf7   PRCMHIBRegRead
2000ad0d   PRCMHIBRegWrite
2000ad23   UARTCharGet
2000ad39   uDMAIntRegister
2000ad4f   ADCEnable
2000ad63   CPUcpsie
2000ad77   GPIOIntClear
2000ad8d   IntVTableBaseSet
2000ada1   PinTypeADC
2000adb5   _SlDrvShiftDWord
2000adc9   _register_unlock
2000adcf   _register_lock
2000add7   _nop
2000addd   strlen
2000adf1   uDMAControlBaseSet
2000ae05   uDMAIntClear
2000ae19   __TI_zero_init
2000ae2b   uDMAIntUnregister
2000ae3d   NwpMaskInterrupt
2000ae4d   __TI_decompress_none
2000ae5b   _Dclass
2000ae69   ResetISR
2000ae79   NwpUnMaskInterrupt
2000ae85   uDMADisable
2000ae91   uDMAEnable
2000ae9d   uDMAIntStatus
2000aea9   IntMasterEnable
2000aeb3   _SlNonOsSemSet
2000aebb   sl_WlanSmartConfigStop
2000aec3   UtilsDelay
2000aec9   __TI_decompress_rle24
2000aed0   _ctypes_
2000b0d8   _SlPolicySetCmdCtrl
2000b0dc   _SlPolicyGetCmdCtrl
2000b0e0   _SlProfileGetCmdCtrl
2000b0e4   _SlProfileDelCmdCtrl
2000b0e8   _SlWlanGetNetworkListCtrl
2000b0ec   _SlRxFilterAddtCmdCtrl
2000b0f0   _SlRxFilterSetCmdCtrl
2000b0f4   _SlRxFilterGetCmdCtrl
2000b0f8   _SlSmartConfigStartCmdCtrl
2000b0fc   _SlWlanSetModeCmdCtrl
2000b100   _SlWlanCfgSetCmdCtrl
2000b104   _SlWlanCfgGetCmdCtrl
2000b3c0   g_H2NSyncPattern
2000b3c8   g_H2NCnysPattern
2000b3d0   _SlActionLookupTable
2000b414   _SlSockSocketCmdCtrl
2000b418   _SlSockCloseCmdCtrl
2000b41c   _SlRecvfomCmdCtrl
2000b420   _SlSendCmdCtrl
2000b424   _SlListenCmdCtrl
2000b428   _SlAcceptCmdCtrl
2000b42c   _SlRecvCmdCtrl
2000b430   _SlSetSockOptCmdCtrl
2000b434   _SlGetSockOptCmdCtrl
2000b438   _SlSelectCmdCtrl
2000b440   _SlNetAppStartCtrl
2000b444   _SlNetAppStopCtrl
2000b448   _SlGetServiceListeCtrl
2000b44c   _SlRegisterServiceCtrl
2000b450   _SlGetHostByServiceCtrl
2000b454   _SlGetHostByNameCtrl
2000b458   _SlNetAppSetCmdCtrl
2000b45c   _SlNetAppSendTokenValueCmdCtrl
2000b460   _SlNetAppGetCmdCtrl
2000b4a8   __TI_static_base__
2000b4e4   __TI_Handler_Table_Base
2000b4f0   __TI_Handler_Table_Limit
2000b4f8   __TI_CINIT_Base
2000b508   __TI_CINIT_Limit
20017000   _sys_memory
20017800   gpCtlTbl
20017c00   gfpAppCallbackHndl
20017d00   g__SlNonOsCB
20017d28   g_ucConnectionSSID
20017d4c   g_cBsdBuf
20017d6c   g_ucConnectionBSSID
20017d78   g_cDummy
20017d79   g_ucLED1Pin
20017d7a   g_ucLED2Pin
20017d7b   g_ucLED3Pin
20017d7c   iDone
20017d80   pPingCallBackFunc
20017d84   gFirstCmdMode
20017d88   g_pCB
20017d8c   g_StatMem
20017ef0   g_SpiFd
20017ef4   g_pHostIntHdl
20017ef8   g_ucDMAEnabled
20017efc   g_ucDinDout
20017f5c   g_uiLED1Port
20017f60   g_uiLED2Port
20017f64   g_uiLED3Port
20017f68   g_ulStatus
20017f6c   g_ulGatewayIP
20017f70   g_ucConnectTimeout
20017f88   _lock
20017f8c   _unlock
20017f90   __TI_cleanup_ptr
20017f94   __TI_dtors_ptr
20017f98   main_func_sp
2002f800   __stack
20030000   __STACK_END
ffffffff   __binit__
ffffffff   __c_args__
ffffffff   binit
UNDEFED    SHT$$INIT_ARRAY$$Base
UNDEFED    SHT$$INIT_ARRAY$$Limit

[311 symbols]
