<?xml version="1.0"?>
<link_info>
   <banner>TI ARM Linker PC v5.1.6</banner>
   <copyright>Copyright (c) 1996-2014 Texas Instruments Incorporated</copyright>
   <link_time>0x53ec15b8</link_time>
   <link_errors>0x0</link_errors>
   <output_file>BREWise_2.out</output_file>
   <entry_point>
      <name>_c_int00</name>
      <address>0x2000d0a5</address>
   </entry_point>
   <input_file_list>
      <input_file id="fl-2">
         <path>.\</path>
         <kind>object</kind>
         <file>gpio_if.obj</file>
         <name>gpio_if.obj</name>
      </input_file>
      <input_file id="fl-3">
         <path>.\</path>
         <kind>object</kind>
         <file>main.obj</file>
         <name>main.obj</name>
      </input_file>
      <input_file id="fl-4">
         <path>.\</path>
         <kind>object</kind>
         <file>pinmux.obj</file>
         <name>pinmux.obj</name>
      </input_file>
      <input_file id="fl-5">
         <path>.\</path>
         <kind>object</kind>
         <file>startup_ccs.obj</file>
         <name>startup_ccs.obj</name>
      </input_file>
      <input_file id="fl-6">
         <path>.\</path>
         <kind>object</kind>
         <file>uart_if.obj</file>
         <name>uart_if.obj</name>
      </input_file>
      <input_file id="fl-7">
         <path>.\</path>
         <kind>object</kind>
         <file>udma_if.obj</file>
         <name>udma_if.obj</name>
      </input_file>
      <input_file id="fl-136">
         <path>c:\ti\ccsv6\tools\compiler\arm_5.1.6\lib\</path>
         <kind>archive</kind>
         <file>rtsv7M4_T_le_eabi.lib</file>
         <name>boot.obj</name>
      </input_file>
      <input_file id="fl-137">
         <path>c:\ti\ccsv6\tools\compiler\arm_5.1.6\lib\</path>
         <kind>archive</kind>
         <file>rtsv7M4_T_le_eabi.lib</file>
         <name>copy_decompress_none.obj</name>
      </input_file>
      <input_file id="fl-138">
         <path>c:\ti\ccsv6\tools\compiler\arm_5.1.6\lib\</path>
         <kind>archive</kind>
         <file>rtsv7M4_T_le_eabi.lib</file>
         <name>copy_decompress_rle.obj</name>
      </input_file>
      <input_file id="fl-139">
         <path>c:\ti\ccsv6\tools\compiler\arm_5.1.6\lib\</path>
         <kind>archive</kind>
         <file>rtsv7M4_T_le_eabi.lib</file>
         <name>copy_zero_init.obj</name>
      </input_file>
      <input_file id="fl-13a">
         <path>c:\ti\ccsv6\tools\compiler\arm_5.1.6\lib\</path>
         <kind>archive</kind>
         <file>rtsv7M4_T_le_eabi.lib</file>
         <name>exit.obj</name>
      </input_file>
      <input_file id="fl-13b">
         <path>c:\ti\ccsv6\tools\compiler\arm_5.1.6\lib\</path>
         <kind>archive</kind>
         <file>rtsv7M4_T_le_eabi.lib</file>
         <name>memcpy_t2.obj</name>
      </input_file>
      <input_file id="fl-13c">
         <path>c:\ti\ccsv6\tools\compiler\arm_5.1.6\lib\</path>
         <kind>archive</kind>
         <file>rtsv7M4_T_le_eabi.lib</file>
         <name>memory.obj</name>
      </input_file>
      <input_file id="fl-13d">
         <path>c:\ti\ccsv6\tools\compiler\arm_5.1.6\lib\</path>
         <kind>archive</kind>
         <file>rtsv7M4_T_le_eabi.lib</file>
         <name>memset_t2.obj</name>
      </input_file>
      <input_file id="fl-13e">
         <path>c:\ti\ccsv6\tools\compiler\arm_5.1.6\lib\</path>
         <kind>archive</kind>
         <file>rtsv7M4_T_le_eabi.lib</file>
         <name>stkdepth_vars.obj</name>
      </input_file>
      <input_file id="fl-13f">
         <path>c:\ti\ccsv6\tools\compiler\arm_5.1.6\lib\</path>
         <kind>archive</kind>
         <file>rtsv7M4_T_le_eabi.lib</file>
         <name>vsnprintf.obj</name>
      </input_file>
      <input_file id="fl-140">
         <path>c:\ti\ccsv6\tools\compiler\arm_5.1.6\lib\</path>
         <kind>archive</kind>
         <file>rtsv7M4_T_le_eabi.lib</file>
         <name>_lock.obj</name>
      </input_file>
      <input_file id="fl-141">
         <path>c:\ti\ccsv6\tools\compiler\arm_5.1.6\lib\</path>
         <kind>archive</kind>
         <file>rtsv7M4_T_le_eabi.lib</file>
         <name>_printfi.obj</name>
      </input_file>
      <input_file id="fl-142">
         <path>c:\ti\ccsv6\tools\compiler\arm_5.1.6\lib\</path>
         <kind>archive</kind>
         <file>rtsv7M4_T_le_eabi.lib</file>
         <name>args_main.obj</name>
      </input_file>
      <input_file id="fl-143">
         <path>c:\ti\ccsv6\tools\compiler\arm_5.1.6\lib\</path>
         <kind>archive</kind>
         <file>rtsv7M4_T_le_eabi.lib</file>
         <name>atoi.obj</name>
      </input_file>
      <input_file id="fl-144">
         <path>c:\ti\ccsv6\tools\compiler\arm_5.1.6\lib\</path>
         <kind>archive</kind>
         <file>rtsv7M4_T_le_eabi.lib</file>
         <name>auto_init.obj</name>
      </input_file>
      <input_file id="fl-145">
         <path>c:\ti\ccsv6\tools\compiler\arm_5.1.6\lib\</path>
         <kind>archive</kind>
         <file>rtsv7M4_T_le_eabi.lib</file>
         <name>cpy_tbl.obj</name>
      </input_file>
      <input_file id="fl-146">
         <path>c:\ti\ccsv6\tools\compiler\arm_5.1.6\lib\</path>
         <kind>archive</kind>
         <file>rtsv7M4_T_le_eabi.lib</file>
         <name>ctype.obj</name>
      </input_file>
      <input_file id="fl-147">
         <path>c:\ti\ccsv6\tools\compiler\arm_5.1.6\lib\</path>
         <kind>archive</kind>
         <file>rtsv7M4_T_le_eabi.lib</file>
         <name>fd_add_t2.obj</name>
      </input_file>
      <input_file id="fl-148">
         <path>c:\ti\ccsv6\tools\compiler\arm_5.1.6\lib\</path>
         <kind>archive</kind>
         <file>rtsv7M4_T_le_eabi.lib</file>
         <name>fd_cmp_t2.obj</name>
      </input_file>
      <input_file id="fl-149">
         <path>c:\ti\ccsv6\tools\compiler\arm_5.1.6\lib\</path>
         <kind>archive</kind>
         <file>rtsv7M4_T_le_eabi.lib</file>
         <name>fd_div_t2.obj</name>
      </input_file>
      <input_file id="fl-14a">
         <path>c:\ti\ccsv6\tools\compiler\arm_5.1.6\lib\</path>
         <kind>archive</kind>
         <file>rtsv7M4_T_le_eabi.lib</file>
         <name>fd_mul_t2.obj</name>
      </input_file>
      <input_file id="fl-14b">
         <path>c:\ti\ccsv6\tools\compiler\arm_5.1.6\lib\</path>
         <kind>archive</kind>
         <file>rtsv7M4_T_le_eabi.lib</file>
         <name>fd_toi_t2.obj</name>
      </input_file>
      <input_file id="fl-14c">
         <path>c:\ti\ccsv6\tools\compiler\arm_5.1.6\lib\</path>
         <kind>archive</kind>
         <file>rtsv7M4_T_le_eabi.lib</file>
         <name>i_tofd_t2.obj</name>
      </input_file>
      <input_file id="fl-14d">
         <path>c:\ti\ccsv6\tools\compiler\arm_5.1.6\lib\</path>
         <kind>archive</kind>
         <file>rtsv7M4_T_le_eabi.lib</file>
         <name>ll_mul_t2.obj</name>
      </input_file>
      <input_file id="fl-14e">
         <path>c:\ti\ccsv6\tools\compiler\arm_5.1.6\lib\</path>
         <kind>archive</kind>
         <file>rtsv7M4_T_le_eabi.lib</file>
         <name>ltoa.obj</name>
      </input_file>
      <input_file id="fl-14f">
         <path>c:\ti\ccsv6\tools\compiler\arm_5.1.6\lib\</path>
         <kind>archive</kind>
         <file>rtsv7M4_T_le_eabi.lib</file>
         <name>memccpy.obj</name>
      </input_file>
      <input_file id="fl-150">
         <path>c:\ti\ccsv6\tools\compiler\arm_5.1.6\lib\</path>
         <kind>archive</kind>
         <file>rtsv7M4_T_le_eabi.lib</file>
         <name>strlen.obj</name>
      </input_file>
      <input_file id="fl-151">
         <path>c:\ti\ccsv6\tools\compiler\arm_5.1.6\lib\</path>
         <kind>archive</kind>
         <file>rtsv7M4_T_le_eabi.lib</file>
         <name>ull_div_t2.obj</name>
      </input_file>
      <input_file id="fl-152">
         <path>c:\ti\ccsv6\tools\compiler\arm_5.1.6\lib\</path>
         <kind>archive</kind>
         <file>rtsv7M4_T_le_eabi.lib</file>
         <name>xdclass.obj</name>
      </input_file>
      <input_file id="fl-153">
         <path>c:\ti\ccsv6\tools\compiler\arm_5.1.6\lib\</path>
         <kind>archive</kind>
         <file>rtsv7M4_T_le_eabi.lib</file>
         <name>xdtest.obj</name>
      </input_file>
      <input_file id="fl-154">
         <path>C:\ti\CC3200SDK\cc3200-sdk\example\BREWise_2\ccs\..\..\..\driverlib\ccs\Release\</path>
         <kind>archive</kind>
         <file>driverlib.a</file>
         <name>gpio.obj</name>
      </input_file>
      <input_file id="fl-155">
         <path>C:\ti\CC3200SDK\cc3200-sdk\example\BREWise_2\ccs\..\..\..\driverlib\ccs\Release\</path>
         <kind>archive</kind>
         <file>driverlib.a</file>
         <name>interrupt.obj</name>
      </input_file>
      <input_file id="fl-156">
         <path>C:\ti\CC3200SDK\cc3200-sdk\example\BREWise_2\ccs\..\..\..\driverlib\ccs\Release\</path>
         <kind>archive</kind>
         <file>driverlib.a</file>
         <name>pin.obj</name>
      </input_file>
      <input_file id="fl-157">
         <path>C:\ti\CC3200SDK\cc3200-sdk\example\BREWise_2\ccs\..\..\..\driverlib\ccs\Release\</path>
         <kind>archive</kind>
         <file>driverlib.a</file>
         <name>prcm.obj</name>
      </input_file>
      <input_file id="fl-158">
         <path>C:\ti\CC3200SDK\cc3200-sdk\example\BREWise_2\ccs\..\..\..\driverlib\ccs\Release\</path>
         <kind>archive</kind>
         <file>driverlib.a</file>
         <name>uart.obj</name>
      </input_file>
      <input_file id="fl-159">
         <path>C:\ti\CC3200SDK\cc3200-sdk\example\BREWise_2\ccs\..\..\..\driverlib\ccs\Release\</path>
         <kind>archive</kind>
         <file>driverlib.a</file>
         <name>udma.obj</name>
      </input_file>
      <input_file id="fl-15a">
         <path>C:\ti\CC3200SDK\cc3200-sdk\example\BREWise_2\ccs\..\..\..\driverlib\ccs\Release\</path>
         <kind>archive</kind>
         <file>driverlib.a</file>
         <name>utils.obj</name>
      </input_file>
      <input_file id="fl-15b">
         <path>C:\ti\CC3200SDK\cc3200-sdk\example\BREWise_2\ccs\..\..\..\driverlib\ccs\Release\</path>
         <kind>archive</kind>
         <file>driverlib.a</file>
         <name>cpu.obj</name>
      </input_file>
      <input_file id="fl-15c">
         <path>C:\ti\CC3200SDK\cc3200-sdk\example\BREWise_2\ccs\..\..\..\driverlib\ccs\Release\</path>
         <kind>archive</kind>
         <file>driverlib.a</file>
         <name>flash.obj</name>
      </input_file>
      <input_file id="fl-15d">
         <path>C:\ti\CC3200SDK\cc3200-sdk\example\BREWise_2\ccs\..\..\..\simplelink\ccs\NON_OS\</path>
         <kind>archive</kind>
         <file>simplelink.a</file>
         <name>wlan.obj</name>
      </input_file>
      <input_file id="fl-15e">
         <path>C:\ti\CC3200SDK\cc3200-sdk\example\BREWise_2\ccs\..\..\..\simplelink\ccs\NON_OS\</path>
         <kind>archive</kind>
         <file>simplelink.a</file>
         <name>socket.obj</name>
      </input_file>
      <input_file id="fl-15f">
         <path>C:\ti\CC3200SDK\cc3200-sdk\example\BREWise_2\ccs\..\..\..\simplelink\ccs\NON_OS\</path>
         <kind>archive</kind>
         <file>simplelink.a</file>
         <name>nonos.obj</name>
      </input_file>
      <input_file id="fl-160">
         <path>C:\ti\CC3200SDK\cc3200-sdk\example\BREWise_2\ccs\..\..\..\simplelink\ccs\NON_OS\</path>
         <kind>archive</kind>
         <file>simplelink.a</file>
         <name>netcfg.obj</name>
      </input_file>
      <input_file id="fl-161">
         <path>C:\ti\CC3200SDK\cc3200-sdk\example\BREWise_2\ccs\..\..\..\simplelink\ccs\NON_OS\</path>
         <kind>archive</kind>
         <file>simplelink.a</file>
         <name>driver.obj</name>
      </input_file>
      <input_file id="fl-162">
         <path>C:\ti\CC3200SDK\cc3200-sdk\example\BREWise_2\ccs\..\..\..\simplelink\ccs\NON_OS\</path>
         <kind>archive</kind>
         <file>simplelink.a</file>
         <name>device.obj</name>
      </input_file>
      <input_file id="fl-163">
         <path>C:\ti\CC3200SDK\cc3200-sdk\example\BREWise_2\ccs\..\..\..\simplelink\ccs\NON_OS\</path>
         <kind>archive</kind>
         <file>simplelink.a</file>
         <name>cc_pal.obj</name>
      </input_file>
      <input_file id="fl-164">
         <path>C:\ti\CC3200SDK\cc3200-sdk\example\BREWise_2\ccs\..\..\..\simplelink\ccs\NON_OS\</path>
         <kind>archive</kind>
         <file>simplelink.a</file>
         <name>netapp.obj</name>
      </input_file>
      <input_file id="fl-165">
         <path>C:\ti\CC3200SDK\cc3200-sdk\example\BREWise_2\ccs\..\..\..\simplelink\ccs\NON_OS\</path>
         <kind>archive</kind>
         <file>simplelink.a</file>
         <name>flowcont.obj</name>
      </input_file>
      <input_file id="fl-166">
         <path>c:\ti\ccsv6\tools\compiler\arm_5.1.6\lib\</path>
         <kind>archive</kind>
         <file>rtsv7M4_T_le_eabi.lib</file>
         <name>ll_lsr_t2.obj</name>
      </input_file>
      <input_file id="fl-167">
         <path>C:\ti\CC3200SDK\cc3200-sdk\example\BREWise_2\ccs\..\..\..\driverlib\ccs\Release\</path>
         <kind>archive</kind>
         <file>driverlib.a</file>
         <name>spi.obj</name>
      </input_file>
   </input_file_list>
   <object_component_list>
      <object_component id="oc-e">
         <name>.intvecs</name>
         <load_address>0x20004000</load_address>
         <run_address>0x20004000</run_address>
         <size>0x400</size>
         <input_file_ref idref="fl-5"/>
      </object_component>
      <object_component id="oc-176">
         <name>.text</name>
         <load_address>0x20004400</load_address>
         <run_address>0x20004400</run_address>
         <size>0x126c</size>
         <input_file_ref idref="fl-161"/>
      </object_component>
      <object_component id="oc-21c">
         <name>.text</name>
         <load_address>0x2000566c</load_address>
         <run_address>0x2000566c</run_address>
         <size>0xec0</size>
         <input_file_ref idref="fl-141"/>
      </object_component>
      <object_component id="oc-7d">
         <name>.text</name>
         <load_address>0x2000652c</load_address>
         <run_address>0x2000652c</run_address>
         <size>0xb84</size>
         <input_file_ref idref="fl-3"/>
      </object_component>
      <object_component id="oc-f2">
         <name>.text</name>
         <load_address>0x200070b0</load_address>
         <run_address>0x200070b0</run_address>
         <size>0x98c</size>
         <input_file_ref idref="fl-157"/>
      </object_component>
      <object_component id="oc-e5">
         <name>.text</name>
         <load_address>0x20007a3c</load_address>
         <run_address>0x20007a3c</run_address>
         <size>0x960</size>
         <input_file_ref idref="fl-15e"/>
      </object_component>
      <object_component id="oc-d0">
         <name>.text</name>
         <load_address>0x2000839c</load_address>
         <run_address>0x2000839c</run_address>
         <size>0x7a4</size>
         <input_file_ref idref="fl-15d"/>
      </object_component>
      <object_component id="oc-255">
         <name>.text</name>
         <load_address>0x20008b40</load_address>
         <run_address>0x20008b40</run_address>
         <size>0x79c</size>
         <input_file_ref idref="fl-167"/>
      </object_component>
      <object_component id="oc-23f">
         <name>.text</name>
         <load_address>0x200092dc</load_address>
         <run_address>0x200092dc</run_address>
         <size>0x748</size>
         <input_file_ref idref="fl-164"/>
      </object_component>
      <object_component id="oc-17c">
         <name>.text</name>
         <load_address>0x20009a24</load_address>
         <run_address>0x20009a24</run_address>
         <size>0x514</size>
         <input_file_ref idref="fl-163"/>
      </object_component>
      <object_component id="oc-1f8">
         <name>.text</name>
         <load_address>0x20009f38</load_address>
         <run_address>0x20009f38</run_address>
         <size>0x4a4</size>
         <input_file_ref idref="fl-159"/>
      </object_component>
      <object_component id="oc-131">
         <name>.text</name>
         <load_address>0x2000a3dc</load_address>
         <run_address>0x2000a3dc</run_address>
         <size>0x48c</size>
         <input_file_ref idref="fl-158"/>
      </object_component>
      <object_component id="oc-13d">
         <name>.text</name>
         <load_address>0x2000a868</load_address>
         <run_address>0x2000a868</run_address>
         <size>0x3cc</size>
         <input_file_ref idref="fl-13c"/>
      </object_component>
      <object_component id="oc-ca">
         <name>.text</name>
         <load_address>0x2000ac34</load_address>
         <run_address>0x2000ac34</run_address>
         <size>0x3b4</size>
         <input_file_ref idref="fl-162"/>
      </object_component>
      <object_component id="oc-ec">
         <name>.text</name>
         <load_address>0x2000afe8</load_address>
         <run_address>0x2000afe8</run_address>
         <size>0x370</size>
         <input_file_ref idref="fl-155"/>
      </object_component>
      <object_component id="oc-f8">
         <name>.text</name>
         <load_address>0x2000b358</load_address>
         <run_address>0x2000b358</run_address>
         <size>0x354</size>
         <input_file_ref idref="fl-2"/>
      </object_component>
      <object_component id="oc-1e9">
         <name>.text</name>
         <load_address>0x2000b6ac</load_address>
         <run_address>0x2000b6ac</run_address>
         <size>0x334</size>
         <input_file_ref idref="fl-154"/>
      </object_component>
      <object_component id="oc-1de">
         <name>.text</name>
         <load_address>0x2000b9e0</load_address>
         <run_address>0x2000b9e0</run_address>
         <size>0x300</size>
         <input_file_ref idref="fl-15c"/>
      </object_component>
      <object_component id="oc-20d">
         <name>.text</name>
         <load_address>0x2000bce0</load_address>
         <run_address>0x2000bce0</run_address>
         <size>0x284</size>
         <input_file_ref idref="fl-156"/>
      </object_component>
      <object_component id="oc-fe">
         <name>.text</name>
         <load_address>0x2000bf64</load_address>
         <run_address>0x2000bf64</run_address>
         <size>0x200</size>
         <input_file_ref idref="fl-7"/>
      </object_component>
      <object_component id="oc-1d4">
         <name>.text</name>
         <load_address>0x2000c164</load_address>
         <run_address>0x2000c164</run_address>
         <size>0x1f4</size>
         <input_file_ref idref="fl-151"/>
      </object_component>
      <object_component id="oc-b0">
         <name>.text</name>
         <load_address>0x2000c358</load_address>
         <run_address>0x2000c358</run_address>
         <size>0x1d4</size>
         <input_file_ref idref="fl-6"/>
      </object_component>
      <object_component id="oc-2f2">
         <name>.text</name>
         <load_address>0x2000c52c</load_address>
         <run_address>0x2000c52c</run_address>
         <size>0x1b6</size>
         <input_file_ref idref="fl-147"/>
      </object_component>
      <object_component id="oc-2d8">
         <name>.text</name>
         <load_address>0x2000c6e2</load_address>
         <run_address>0x2000c6e2</run_address>
         <size>0x136</size>
         <input_file_ref idref="fl-149"/>
      </object_component>
      <object_component id="oc-2d3">
         <name>.text</name>
         <load_address>0x2000c818</load_address>
         <run_address>0x2000c818</run_address>
         <size>0xfc</size>
         <input_file_ref idref="fl-14a"/>
      </object_component>
      <object_component id="oc-dc">
         <name>.text</name>
         <load_address>0x2000c914</load_address>
         <run_address>0x2000c914</run_address>
         <size>0xb4</size>
         <input_file_ref idref="fl-160"/>
      </object_component>
      <object_component id="oc-4a">
         <name>.text</name>
         <load_address>0x2000c9c8</load_address>
         <run_address>0x2000c9c8</run_address>
         <size>0x9c</size>
         <input_file_ref idref="fl-13b"/>
      </object_component>
      <object_component id="oc-35">
         <name>.text</name>
         <load_address>0x2000ca64</load_address>
         <run_address>0x2000ca64</run_address>
         <size>0x94</size>
         <input_file_ref idref="fl-144"/>
      </object_component>
      <object_component id="oc-d6">
         <name>.text</name>
         <load_address>0x2000caf8</load_address>
         <run_address>0x2000caf8</run_address>
         <size>0x94</size>
         <input_file_ref idref="fl-15f"/>
      </object_component>
      <object_component id="oc-137">
         <name>.text</name>
         <load_address>0x2000cb8c</load_address>
         <run_address>0x2000cb8c</run_address>
         <size>0x88</size>
         <input_file_ref idref="fl-13f"/>
      </object_component>
      <object_component id="oc-2ce">
         <name>.text:__aeabi_cdcmple</name>
         <load_address>0x2000cc14</load_address>
         <run_address>0x2000cc14</run_address>
         <size>0x86</size>
         <input_file_ref idref="fl-148"/>
      </object_component>
      <object_component id="oc-2dd">
         <name>.text:__aeabi_cdrcmple</name>
         <load_address>0x2000cc9a</load_address>
         <run_address>0x2000cc9a</run_address>
         <size>0x86</size>
         <input_file_ref idref="fl-148"/>
      </object_component>
      <object_component id="oc-b6">
         <name>.text</name>
         <load_address>0x2000cd20</load_address>
         <run_address>0x2000cd20</run_address>
         <size>0x78</size>
         <input_file_ref idref="fl-13d"/>
      </object_component>
      <object_component id="oc-1c6">
         <name>.text</name>
         <load_address>0x2000cd98</load_address>
         <run_address>0x2000cd98</run_address>
         <size>0x5e</size>
         <input_file_ref idref="fl-15b"/>
      </object_component>
      <object_component id="oc-5d">
         <name>.text</name>
         <load_address>0x2000cdf6</load_address>
         <run_address>0x2000cdf6</run_address>
         <size>0x5e</size>
         <input_file_ref idref="fl-138"/>
      </object_component>
      <object_component id="oc-2e7">
         <name>.text</name>
         <load_address>0x2000ce54</load_address>
         <run_address>0x2000ce54</run_address>
         <size>0x5a</size>
         <input_file_ref idref="fl-14e"/>
      </object_component>
      <object_component id="oc-248">
         <name>.text</name>
         <load_address>0x2000ceb0</load_address>
         <run_address>0x2000ceb0</run_address>
         <size>0x58</size>
         <input_file_ref idref="fl-165"/>
      </object_component>
      <object_component id="oc-303">
         <name>.text</name>
         <load_address>0x2000cf08</load_address>
         <run_address>0x2000cf08</run_address>
         <size>0x4c</size>
         <input_file_ref idref="fl-143"/>
      </object_component>
      <object_component id="oc-2e2">
         <name>.text</name>
         <load_address>0x2000cf54</load_address>
         <run_address>0x2000cf54</run_address>
         <size>0x48</size>
         <input_file_ref idref="fl-14b"/>
      </object_component>
      <object_component id="oc-76">
         <name>.text</name>
         <load_address>0x2000cf9c</load_address>
         <run_address>0x2000cf9c</run_address>
         <size>0x44</size>
         <input_file_ref idref="fl-145"/>
      </object_component>
      <object_component id="oc-40">
         <name>.text</name>
         <load_address>0x2000cfe0</load_address>
         <run_address>0x2000cfe0</run_address>
         <size>0x44</size>
         <input_file_ref idref="fl-13a"/>
      </object_component>
      <object_component id="oc-354">
         <name>.text</name>
         <load_address>0x2000d024</load_address>
         <run_address>0x2000d024</run_address>
         <size>0x44</size>
         <input_file_ref idref="fl-153"/>
      </object_component>
      <object_component id="oc-104">
         <name>.text</name>
         <load_address>0x2000d068</load_address>
         <run_address>0x2000d068</run_address>
         <size>0x3c</size>
         <input_file_ref idref="fl-4"/>
      </object_component>
      <object_component id="oc-11">
         <name>.text</name>
         <load_address>0x2000d0a4</load_address>
         <run_address>0x2000d0a4</run_address>
         <size>0x34</size>
         <input_file_ref idref="fl-136"/>
      </object_component>
      <object_component id="oc-2ed">
         <name>.text</name>
         <load_address>0x2000d0d8</load_address>
         <run_address>0x2000d0d8</run_address>
         <size>0x2e</size>
         <input_file_ref idref="fl-14c"/>
      </object_component>
      <object_component id="oc-1d9">
         <name>.text</name>
         <load_address>0x2000d106</load_address>
         <run_address>0x2000d106</run_address>
         <size>0x1e</size>
         <input_file_ref idref="fl-166"/>
      </object_component>
      <object_component id="oc-2fd">
         <name>.text</name>
         <load_address>0x2000d124</load_address>
         <run_address>0x2000d124</run_address>
         <size>0x1c</size>
         <input_file_ref idref="fl-14f"/>
      </object_component>
      <object_component id="oc-3a">
         <name>.text</name>
         <load_address>0x2000d140</load_address>
         <run_address>0x2000d140</run_address>
         <size>0x18</size>
         <input_file_ref idref="fl-142"/>
      </object_component>
      <object_component id="oc-2c3">
         <name>.text</name>
         <load_address>0x2000d158</load_address>
         <run_address>0x2000d158</run_address>
         <size>0x18</size>
         <input_file_ref idref="fl-14d"/>
      </object_component>
      <object_component id="oc-11c">
         <name>.text</name>
         <load_address>0x2000d170</load_address>
         <run_address>0x2000d170</run_address>
         <size>0x14</size>
         <input_file_ref idref="fl-140"/>
      </object_component>
      <object_component id="oc-2c8">
         <name>.text</name>
         <load_address>0x2000d184</load_address>
         <run_address>0x2000d184</run_address>
         <size>0x14</size>
         <input_file_ref idref="fl-150"/>
      </object_component>
      <object_component id="oc-1c">
         <name>.text:decompress:ZI</name>
         <load_address>0x2000d198</load_address>
         <run_address>0x2000d198</run_address>
         <size>0x12</size>
         <input_file_ref idref="fl-139"/>
      </object_component>
      <object_component id="oc-16">
         <name>.text:decompress:none</name>
         <load_address>0x2000d1aa</load_address>
         <run_address>0x2000d1aa</run_address>
         <size>0xe</size>
         <input_file_ref idref="fl-137"/>
      </object_component>
      <object_component id="oc-2f7">
         <name>.text</name>
         <load_address>0x2000d1b8</load_address>
         <run_address>0x2000d1b8</run_address>
         <size>0xe</size>
         <input_file_ref idref="fl-152"/>
      </object_component>
      <object_component id="oc-2c">
         <name>.text</name>
         <load_address>0x2000d1c6</load_address>
         <run_address>0x2000d1c6</run_address>
         <size>0xe</size>
         <input_file_ref idref="fl-5"/>
      </object_component>
      <object_component id="oc-eb">
         <name>.text:UtilsDelay</name>
         <load_address>0x2000d1d4</load_address>
         <run_address>0x2000d1d4</run_address>
         <size>0x6</size>
         <input_file_ref idref="fl-15a"/>
      </object_component>
      <object_component id="oc-22">
         <name>.text:decompress:rle24</name>
         <load_address>0x2000d1da</load_address>
         <run_address>0x2000d1da</run_address>
         <size>0x6</size>
         <input_file_ref idref="fl-138"/>
      </object_component>
      <object_component id="oc-35d">
         <name>.const:.string:_ctypes_</name>
         <load_address>0x2000d1e0</load_address>
         <run_address>0x2000d1e0</run_address>
         <size>0x102</size>
         <input_file_ref idref="fl-146"/>
      </object_component>
      <object_component id="oc-2ba">
         <name>.const:g_ulPinToPadMap</name>
         <load_address>0x2000d2e4</load_address>
         <run_address>0x2000d2e4</run_address>
         <size>0x100</size>
         <input_file_ref idref="fl-156"/>
      </object_component>
      <object_component id="oc-1cf">
         <name>.const:g_pulRegs</name>
         <load_address>0x2000d3e4</load_address>
         <run_address>0x2000d3e4</run_address>
         <size>0xd4</size>
         <input_file_ref idref="fl-155"/>
      </object_component>
      <object_component id="oc-19c">
         <name>.const:$P$T0$1</name>
         <load_address>0x2000d4b8</load_address>
         <run_address>0x2000d4b8</run_address>
         <size>0xb0</size>
         <input_file_ref idref="fl-15d"/>
      </object_component>
      <object_component id="oc-1e4">
         <name>.const:PRCM_PeriphRegsList</name>
         <load_address>0x2000d568</load_address>
         <run_address>0x2000d568</run_address>
         <size>0xa0</size>
         <input_file_ref idref="fl-157"/>
      </object_component>
      <object_component id="oc-1cc">
         <name>.const</name>
         <load_address>0x2000d608</load_address>
         <run_address>0x2000d608</run_address>
         <size>0x80</size>
         <input_file_ref idref="fl-155"/>
      </object_component>
      <object_component id="oc-294">
         <name>.const:g_pulFMPPERegs</name>
         <load_address>0x2000d688</load_address>
         <run_address>0x2000d688</run_address>
         <size>0x40</size>
         <input_file_ref idref="fl-15c"/>
      </object_component>
      <object_component id="oc-291">
         <name>.const:g_pulFMPRERegs</name>
         <load_address>0x2000d6c8</load_address>
         <run_address>0x2000d6c8</run_address>
         <size>0x40</size>
         <input_file_ref idref="fl-15c"/>
      </object_component>
      <object_component id="oc-199">
         <name>.const</name>
         <load_address>0x2000d708</load_address>
         <run_address>0x2000d708</run_address>
         <size>0x3c</size>
         <input_file_ref idref="fl-15d"/>
      </object_component>
      <object_component id="oc-239">
         <name>.const:_SlActionLookupTable</name>
         <load_address>0x2000d744</load_address>
         <run_address>0x2000d744</run_address>
         <size>0x38</size>
         <input_file_ref idref="fl-161"/>
      </object_component>
      <object_component id="oc-1bc">
         <name>.const</name>
         <load_address>0x2000d77c</load_address>
         <run_address>0x2000d77c</run_address>
         <size>0x34</size>
         <input_file_ref idref="fl-15e"/>
      </object_component>
      <object_component id="oc-e2">
         <name>.const:$P$T0$1</name>
         <load_address>0x2000d7b0</load_address>
         <run_address>0x2000d7b0</run_address>
         <size>0x2c</size>
         <input_file_ref idref="fl-3"/>
      </object_component>
      <object_component id="oc-31d">
         <name>.const</name>
         <load_address>0x2000d7dc</load_address>
         <run_address>0x2000d7dc</run_address>
         <size>0x28</size>
         <input_file_ref idref="fl-164"/>
      </object_component>
      <object_component id="oc-32c">
         <name>.const:g_ppulSPIIntMap</name>
         <load_address>0x2000d804</load_address>
         <run_address>0x2000d804</run_address>
         <size>0x24</size>
         <input_file_ref idref="fl-167"/>
      </object_component>
      <object_component id="oc-32f">
         <name>.const</name>
         <load_address>0x2000d828</load_address>
         <run_address>0x2000d828</run_address>
         <size>0x18</size>
         <input_file_ref idref="fl-167"/>
      </object_component>
      <object_component id="oc-185">
         <name>.const</name>
         <load_address>0x2000d840</load_address>
         <run_address>0x2000d840</run_address>
         <size>0x14</size>
         <input_file_ref idref="fl-162"/>
      </object_component>
      <object_component id="oc-23c">
         <name>.const</name>
         <load_address>0x2000d854</load_address>
         <run_address>0x2000d854</run_address>
         <size>0x14</size>
         <input_file_ref idref="fl-161"/>
      </object_component>
      <object_component id="oc-217">
         <name>.const</name>
         <load_address>0x2000d868</load_address>
         <run_address>0x2000d868</run_address>
         <size>0x10</size>
         <input_file_ref idref="fl-158"/>
      </object_component>
      <object_component id="oc-1b0">
         <name>.const</name>
         <load_address>0x2000d878</load_address>
         <run_address>0x2000d878</run_address>
         <size>0x8</size>
         <input_file_ref idref="fl-160"/>
      </object_component>
      <object_component id="oc-3a2">
         <name>.cinit..data.load</name>
         <load_address>0x2000d880</load_address>
         <run_address>0x2000d880</run_address>
         <size>0x35</size>
      </object_component>
      <object_component id="oc-3a0">
         <name>__TI_handler_table</name>
         <load_address>0x2000d8b8</load_address>
         <run_address>0x2000d8b8</run_address>
         <size>0xc</size>
      </object_component>
      <object_component id="oc-3a3">
         <name>.cinit..bss.load</name>
         <load_address>0x2000d8c8</load_address>
         <run_address>0x2000d8c8</run_address>
         <size>0x8</size>
      </object_component>
      <object_component id="oc-3a1">
         <name>__TI_cinit_table</name>
         <load_address>0x2000d8d0</load_address>
         <run_address>0x2000d8d0</run_address>
         <size>0x10</size>
      </object_component>
      <object_component id="oc-46">
         <name>.data</name>
         <load_address>0x20017f6c</load_address>
         <run_address>0x20017f6c</run_address>
         <size>0x4</size>
         <input_file_ref idref="fl-13e"/>
      </object_component>
      <object_component id="oc-85">
         <name>.data</name>
         <load_address>0x20017f54</load_address>
         <run_address>0x20017f54</run_address>
         <size>0x8</size>
         <input_file_ref idref="fl-140"/>
      </object_component>
      <object_component id="oc-88">
         <name>.data</name>
         <load_address>0x20017f5c</load_address>
         <run_address>0x20017f5c</run_address>
         <size>0x8</size>
         <input_file_ref idref="fl-13a"/>
      </object_component>
      <object_component id="oc-bb">
         <name>.data</name>
         <load_address>0x20017f4c</load_address>
         <run_address>0x20017f4c</run_address>
         <size>0x8</size>
         <input_file_ref idref="fl-3"/>
      </object_component>
      <object_component id="oc-182">
         <name>.data</name>
         <load_address>0x20017f64</load_address>
         <run_address>0x20017f64</run_address>
         <size>0x8</size>
         <input_file_ref idref="fl-161"/>
      </object_component>
      <object_component id="oc-1ef">
         <name>.data</name>
         <load_address>0x20017f14</load_address>
         <run_address>0x20017f14</run_address>
         <size>0x1c</size>
         <input_file_ref idref="fl-2"/>
      </object_component>
      <object_component id="oc-22e">
         <name>.data</name>
         <load_address>0x20017f40</load_address>
         <run_address>0x20017f40</run_address>
         <size>0xc</size>
         <input_file_ref idref="fl-13c"/>
      </object_component>
      <object_component id="oc-25e">
         <name>.data</name>
         <load_address>0x20017f30</load_address>
         <run_address>0x20017f30</run_address>
         <size>0x10</size>
         <input_file_ref idref="fl-163"/>
      </object_component>
      <object_component id="oc-be">
         <name>.bss:g_ucConnectionSSID</name>
         <uninitialized>true</uninitialized>
         <run_address>0x20017edc</run_address>
         <size>0x24</size>
         <input_file_ref idref="fl-3"/>
      </object_component>
      <object_component id="oc-1a6">
         <name>.bss:g__SlNonOsCB</name>
         <uninitialized>true</uninitialized>
         <run_address>0x20017eb4</run_address>
         <size>0x28</size>
         <input_file_ref idref="fl-15f"/>
      </object_component>
      <object_component id="oc-201">
         <name>.bss:gpCtlTbl</name>
         <uninitialized>true</uninitialized>
         <run_address>0x20017800</run_address>
         <size>0x400</size>
         <input_file_ref idref="fl-7"/>
      </object_component>
      <object_component id="oc-204">
         <name>.bss:gfpAppCallbackHndl</name>
         <uninitialized>true</uninitialized>
         <run_address>0x20017d64</run_address>
         <size>0x100</size>
         <input_file_ref idref="fl-7"/>
      </object_component>
      <object_component id="oc-245">
         <name>.bss:g_StatMem</name>
         <uninitialized>true</uninitialized>
         <run_address>0x20017c00</run_address>
         <size>0x164</size>
         <input_file_ref idref="fl-161"/>
      </object_component>
      <object_component id="oc-25b">
         <name>.bss:g_ucDinDout</name>
         <uninitialized>true</uninitialized>
         <run_address>0x20017e64</run_address>
         <size>0x50</size>
         <input_file_ref idref="fl-163"/>
      </object_component>
      <object_component id="oc-1f2">
         <name>.common:g_ucLED1Pin</name>
         <uninitialized>true</uninitialized>
         <run_address>0x20017f0d</run_address>
         <size>0x1</size>
      </object_component>
      <object_component id="oc-1f5">
         <name>.common:g_ucLED2Pin</name>
         <uninitialized>true</uninitialized>
         <run_address>0x20017f0e</run_address>
         <size>0x1</size>
      </object_component>
      <object_component id="oc-1f6">
         <name>.common:g_ucLED3Pin</name>
         <uninitialized>true</uninitialized>
         <run_address>0x20017f0f</run_address>
         <size>0x1</size>
      </object_component>
      <object_component id="oc-c9">
         <name>.common:g_ucConnectionBSSID</name>
         <uninitialized>true</uninitialized>
         <run_address>0x20017f00</run_address>
         <size>0x8</size>
      </object_component>
      <object_component id="oc-143">
         <name>.common:__Errorlog</name>
         <uninitialized>true</uninitialized>
         <run_address>0x20017f08</run_address>
         <size>0x4</size>
      </object_component>
      <object_component id="oc-1fe">
         <name>.common:iDone</name>
         <uninitialized>true</uninitialized>
         <run_address>0x20017f10</run_address>
         <size>0x1</size>
      </object_component>
      <object_component id="oc-264">
         <name>.common:g_cDummy</name>
         <uninitialized>true</uninitialized>
         <run_address>0x20017f0c</run_address>
         <size>0x1</size>
      </object_component>
      <object_component id="oc-29">
         <name>.sysmem</name>
         <uninitialized>true</uninitialized>
         <run_address>0x20017000</run_address>
         <size>0x8</size>
         <input_file_ref idref="fl-13c"/>
      </object_component>
      <object_component id="oc-3a5">
         <name>.sysmem</name>
         <uninitialized>true</uninitialized>
         <run_address>0x20017000</run_address>
         <size>0x0</size>
      </object_component>
      <object_component id="oc-28">
         <name>.stack</name>
         <uninitialized>true</uninitialized>
         <run_address>0x2002f800</run_address>
         <size>0x0</size>
         <input_file_ref idref="fl-136"/>
      </object_component>
      <object_component id="oc-3a4">
         <name>.stack</name>
         <uninitialized>true</uninitialized>
         <run_address>0x2002f800</run_address>
         <size>0x0</size>
      </object_component>
      <object_component id="oc-f">
         <name>.debug_info</name>
         <load_address>0x0</load_address>
         <run_address>0x0</run_address>
         <size>0x106</size>
         <input_file_ref idref="fl-5"/>
      </object_component>
      <object_component id="oc-13">
         <name>.debug_info</name>
         <load_address>0x106</load_address>
         <run_address>0x106</run_address>
         <size>0x10a</size>
         <input_file_ref idref="fl-136"/>
      </object_component>
      <object_component id="oc-17">
         <name>.debug_info</name>
         <load_address>0x210</load_address>
         <run_address>0x210</run_address>
         <size>0x1ab</size>
         <input_file_ref idref="fl-137"/>
      </object_component>
      <object_component id="oc-1f">
         <name>.debug_info</name>
         <load_address>0x3bb</load_address>
         <run_address>0x3bb</run_address>
         <size>0x181</size>
         <input_file_ref idref="fl-139"/>
      </object_component>
      <object_component id="oc-26">
         <name>.debug_info</name>
         <load_address>0x53c</load_address>
         <run_address>0x53c</run_address>
         <size>0x1a5</size>
         <input_file_ref idref="fl-138"/>
      </object_component>
      <object_component id="oc-2a">
         <name>.debug_info</name>
         <load_address>0x6e1</load_address>
         <run_address>0x6e1</run_address>
         <size>0xcd</size>
         <input_file_ref idref="fl-13c"/>
      </object_component>
      <object_component id="oc-2d">
         <name>.debug_info</name>
         <load_address>0x7ae</load_address>
         <run_address>0x7ae</run_address>
         <size>0x3eb</size>
         <input_file_ref idref="fl-5"/>
      </object_component>
      <object_component id="oc-34">
         <name>.debug_info</name>
         <load_address>0xb99</load_address>
         <run_address>0xb99</run_address>
         <size>0x121</size>
         <input_file_ref idref="fl-5"/>
      </object_component>
      <object_component id="oc-36">
         <name>.debug_info</name>
         <load_address>0xcba</load_address>
         <run_address>0xcba</run_address>
         <size>0x154</size>
         <input_file_ref idref="fl-144"/>
      </object_component>
      <object_component id="oc-3b">
         <name>.debug_info</name>
         <load_address>0xe0e</load_address>
         <run_address>0xe0e</run_address>
         <size>0x133</size>
         <input_file_ref idref="fl-142"/>
      </object_component>
      <object_component id="oc-43">
         <name>.debug_info</name>
         <load_address>0xf41</load_address>
         <run_address>0xf41</run_address>
         <size>0x1d9</size>
         <input_file_ref idref="fl-13a"/>
      </object_component>
      <object_component id="oc-47">
         <name>.debug_info</name>
         <load_address>0x111a</load_address>
         <run_address>0x111a</run_address>
         <size>0xd5</size>
         <input_file_ref idref="fl-13e"/>
      </object_component>
      <object_component id="oc-4b">
         <name>.debug_info</name>
         <load_address>0x11ef</load_address>
         <run_address>0x11ef</run_address>
         <size>0xe3</size>
         <input_file_ref idref="fl-13b"/>
      </object_component>
      <object_component id="oc-50">
         <name>.debug_info</name>
         <load_address>0x12d2</load_address>
         <run_address>0x12d2</run_address>
         <size>0x46</size>
         <input_file_ref idref="fl-137"/>
      </object_component>
      <object_component id="oc-55">
         <name>.debug_info</name>
         <load_address>0x1318</load_address>
         <run_address>0x1318</run_address>
         <size>0x109</size>
         <input_file_ref idref="fl-137"/>
      </object_component>
      <object_component id="oc-57">
         <name>.debug_info</name>
         <load_address>0x1421</load_address>
         <run_address>0x1421</run_address>
         <size>0x46</size>
         <input_file_ref idref="fl-139"/>
      </object_component>
      <object_component id="oc-5c">
         <name>.debug_info</name>
         <load_address>0x1467</load_address>
         <run_address>0x1467</run_address>
         <size>0xc4</size>
         <input_file_ref idref="fl-139"/>
      </object_component>
      <object_component id="oc-61">
         <name>.debug_info</name>
         <load_address>0x152b</load_address>
         <run_address>0x152b</run_address>
         <size>0x206</size>
         <input_file_ref idref="fl-138"/>
      </object_component>
      <object_component id="oc-64">
         <name>.debug_info</name>
         <load_address>0x1731</load_address>
         <run_address>0x1731</run_address>
         <size>0xce</size>
         <input_file_ref idref="fl-138"/>
      </object_component>
      <object_component id="oc-65">
         <name>.debug_info</name>
         <load_address>0x17ff</load_address>
         <run_address>0x17ff</run_address>
         <size>0x39</size>
         <input_file_ref idref="fl-138"/>
      </object_component>
      <object_component id="oc-6c">
         <name>.debug_info</name>
         <load_address>0x1838</load_address>
         <run_address>0x1838</run_address>
         <size>0x1ee</size>
         <input_file_ref idref="fl-13c"/>
      </object_component>
      <object_component id="oc-71">
         <name>.debug_info</name>
         <load_address>0x1a26</load_address>
         <run_address>0x1a26</run_address>
         <size>0x84</size>
         <input_file_ref idref="fl-2"/>
      </object_component>
      <object_component id="oc-78">
         <name>.debug_info</name>
         <load_address>0x1aaa</load_address>
         <run_address>0x1aaa</run_address>
         <size>0x162</size>
         <input_file_ref idref="fl-145"/>
      </object_component>
      <object_component id="oc-7e">
         <name>.debug_info</name>
         <load_address>0x1c0c</load_address>
         <run_address>0x1c0c</run_address>
         <size>0x137c</size>
         <input_file_ref idref="fl-3"/>
      </object_component>
      <object_component id="oc-84">
         <name>.debug_info</name>
         <load_address>0x2f88</load_address>
         <run_address>0x2f88</run_address>
         <size>0x132</size>
         <input_file_ref idref="fl-142"/>
      </object_component>
      <object_component id="oc-86">
         <name>.debug_info</name>
         <load_address>0x30ba</load_address>
         <run_address>0x30ba</run_address>
         <size>0xdf</size>
         <input_file_ref idref="fl-140"/>
      </object_component>
      <object_component id="oc-89">
         <name>.debug_info</name>
         <load_address>0x3199</load_address>
         <run_address>0x3199</run_address>
         <size>0x102</size>
         <input_file_ref idref="fl-13a"/>
      </object_component>
      <object_component id="oc-8c">
         <name>.debug_info</name>
         <load_address>0x329b</load_address>
         <run_address>0x329b</run_address>
         <size>0x15d</size>
         <input_file_ref idref="fl-13a"/>
      </object_component>
      <object_component id="oc-91">
         <name>.debug_info</name>
         <load_address>0x33f8</load_address>
         <run_address>0x33f8</run_address>
         <size>0x2c</size>
         <input_file_ref idref="fl-137"/>
      </object_component>
      <object_component id="oc-98">
         <name>.debug_info</name>
         <load_address>0x3424</load_address>
         <run_address>0x3424</run_address>
         <size>0x2c</size>
         <input_file_ref idref="fl-139"/>
      </object_component>
      <object_component id="oc-a4">
         <name>.debug_info</name>
         <load_address>0x3450</load_address>
         <run_address>0x3450</run_address>
         <size>0x2c</size>
         <input_file_ref idref="fl-13c"/>
      </object_component>
      <object_component id="oc-a9">
         <name>.debug_info</name>
         <load_address>0x347c</load_address>
         <run_address>0x347c</run_address>
         <size>0x62</size>
         <input_file_ref idref="fl-13c"/>
      </object_component>
      <object_component id="oc-af">
         <name>.debug_info</name>
         <load_address>0x34de</load_address>
         <run_address>0x34de</run_address>
         <size>0x15f</size>
         <input_file_ref idref="fl-145"/>
      </object_component>
      <object_component id="oc-b3">
         <name>.debug_info</name>
         <load_address>0x363d</load_address>
         <run_address>0x363d</run_address>
         <size>0x6ee</size>
         <input_file_ref idref="fl-6"/>
      </object_component>
      <object_component id="oc-b8">
         <name>.debug_info</name>
         <load_address>0x3d2b</load_address>
         <run_address>0x3d2b</run_address>
         <size>0x113</size>
         <input_file_ref idref="fl-13d"/>
      </object_component>
      <object_component id="oc-bc">
         <name>.debug_info</name>
         <load_address>0x3e3e</load_address>
         <run_address>0x3e3e</run_address>
         <size>0x129</size>
         <input_file_ref idref="fl-3"/>
      </object_component>
      <object_component id="oc-bf">
         <name>.debug_info</name>
         <load_address>0x3f67</load_address>
         <run_address>0x3f67</run_address>
         <size>0x10e</size>
         <input_file_ref idref="fl-3"/>
      </object_component>
      <object_component id="oc-c2">
         <name>.debug_info</name>
         <load_address>0x4075</load_address>
         <run_address>0x4075</run_address>
         <size>0xa8c</size>
         <input_file_ref idref="fl-3"/>
      </object_component>
      <object_component id="oc-cc">
         <name>.debug_info</name>
         <load_address>0x4b01</load_address>
         <run_address>0x4b01</run_address>
         <size>0x1073</size>
         <input_file_ref idref="fl-162"/>
      </object_component>
      <object_component id="oc-d3">
         <name>.debug_info</name>
         <load_address>0x5b74</load_address>
         <run_address>0x5b74</run_address>
         <size>0x1cd2</size>
         <input_file_ref idref="fl-15d"/>
      </object_component>
      <object_component id="oc-d7">
         <name>.debug_info</name>
         <load_address>0x7846</load_address>
         <run_address>0x7846</run_address>
         <size>0x501</size>
         <input_file_ref idref="fl-15f"/>
      </object_component>
      <object_component id="oc-dd">
         <name>.debug_info</name>
         <load_address>0x7d47</load_address>
         <run_address>0x7d47</run_address>
         <size>0x40f</size>
         <input_file_ref idref="fl-160"/>
      </object_component>
      <object_component id="oc-e3">
         <name>.debug_info</name>
         <load_address>0x8156</load_address>
         <run_address>0x8156</run_address>
         <size>0xf8</size>
         <input_file_ref idref="fl-3"/>
      </object_component>
      <object_component id="oc-e9">
         <name>.debug_info</name>
         <load_address>0x824e</load_address>
         <run_address>0x824e</run_address>
         <size>0x2106</size>
         <input_file_ref idref="fl-15e"/>
      </object_component>
      <object_component id="oc-f0">
         <name>.debug_info</name>
         <load_address>0xa354</load_address>
         <run_address>0xa354</run_address>
         <size>0xed3</size>
         <input_file_ref idref="fl-155"/>
      </object_component>
      <object_component id="oc-f4">
         <name>.debug_info</name>
         <load_address>0xb227</load_address>
         <run_address>0xb227</run_address>
         <size>0x284a</size>
         <input_file_ref idref="fl-157"/>
      </object_component>
      <object_component id="oc-f9">
         <name>.debug_info</name>
         <load_address>0xda71</load_address>
         <run_address>0xda71</run_address>
         <size>0xd65</size>
         <input_file_ref idref="fl-2"/>
      </object_component>
      <object_component id="oc-ff">
         <name>.debug_info</name>
         <load_address>0xe7d6</load_address>
         <run_address>0xe7d6</run_address>
         <size>0x107b</size>
         <input_file_ref idref="fl-7"/>
      </object_component>
      <object_component id="oc-105">
         <name>.debug_info</name>
         <load_address>0xf851</load_address>
         <run_address>0xf851</run_address>
         <size>0x20d</size>
         <input_file_ref idref="fl-4"/>
      </object_component>
      <object_component id="oc-10b">
         <name>.debug_info</name>
         <load_address>0xfa5e</load_address>
         <run_address>0xfa5e</run_address>
         <size>0x2c6</size>
         <input_file_ref idref="fl-3"/>
      </object_component>
      <object_component id="oc-110">
         <name>.debug_info</name>
         <load_address>0xfd24</load_address>
         <run_address>0xfd24</run_address>
         <size>0x738</size>
         <input_file_ref idref="fl-3"/>
      </object_component>
      <object_component id="oc-117">
         <name>.debug_info</name>
         <load_address>0x1045c</load_address>
         <run_address>0x1045c</run_address>
         <size>0x5e</size>
         <input_file_ref idref="fl-142"/>
      </object_component>
      <object_component id="oc-11f">
         <name>.debug_info</name>
         <load_address>0x104ba</load_address>
         <run_address>0x104ba</run_address>
         <size>0x1eb</size>
         <input_file_ref idref="fl-140"/>
      </object_component>
      <object_component id="oc-124">
         <name>.debug_info</name>
         <load_address>0x106a5</load_address>
         <run_address>0x106a5</run_address>
         <size>0xf0</size>
         <input_file_ref idref="fl-140"/>
      </object_component>
      <object_component id="oc-12c">
         <name>.debug_info</name>
         <load_address>0x10795</load_address>
         <run_address>0x10795</run_address>
         <size>0xcd</size>
         <input_file_ref idref="fl-145"/>
      </object_component>
      <object_component id="oc-133">
         <name>.debug_info</name>
         <load_address>0x10862</load_address>
         <run_address>0x10862</run_address>
         <size>0x23d0</size>
         <input_file_ref idref="fl-158"/>
      </object_component>
      <object_component id="oc-13a">
         <name>.debug_info</name>
         <load_address>0x12c32</load_address>
         <run_address>0x12c32</run_address>
         <size>0x366</size>
         <input_file_ref idref="fl-13f"/>
      </object_component>
      <object_component id="oc-13e">
         <name>.debug_info</name>
         <load_address>0x12f98</load_address>
         <run_address>0x12f98</run_address>
         <size>0x86c</size>
         <input_file_ref idref="fl-13c"/>
      </object_component>
      <object_component id="oc-144">
         <name>.debug_info</name>
         <load_address>0x13804</load_address>
         <run_address>0x13804</run_address>
         <size>0x2d6</size>
         <input_file_ref idref="fl-6"/>
      </object_component>
      <object_component id="oc-147">
         <name>.debug_info</name>
         <load_address>0x13ada</load_address>
         <run_address>0x13ada</run_address>
         <size>0x4e</size>
         <input_file_ref idref="fl-2"/>
      </object_component>
      <object_component id="oc-153">
         <name>.debug_info</name>
         <load_address>0x13b28</load_address>
         <run_address>0x13b28</run_address>
         <size>0x2c</size>
         <input_file_ref idref="fl-2"/>
      </object_component>
      <object_component id="oc-158">
         <name>.debug_info</name>
         <load_address>0x13b54</load_address>
         <run_address>0x13b54</run_address>
         <size>0x92b</size>
         <input_file_ref idref="fl-3"/>
      </object_component>
      <object_component id="oc-15d">
         <name>.debug_info</name>
         <load_address>0x1447f</load_address>
         <run_address>0x1447f</run_address>
         <size>0x5e7</size>
         <input_file_ref idref="fl-3"/>
      </object_component>
      <object_component id="oc-162">
         <name>.debug_info</name>
         <load_address>0x14a66</load_address>
         <run_address>0x14a66</run_address>
         <size>0x6c4</size>
         <input_file_ref idref="fl-3"/>
      </object_component>
      <object_component id="oc-167">
         <name>.debug_info</name>
         <load_address>0x1512a</load_address>
         <run_address>0x1512a</run_address>
         <size>0xef</size>
         <input_file_ref idref="fl-3"/>
      </object_component>
      <object_component id="oc-16c">
         <name>.debug_info</name>
         <load_address>0x15219</load_address>
         <run_address>0x15219</run_address>
         <size>0x46</size>
         <input_file_ref idref="fl-3"/>
      </object_component>
      <object_component id="oc-171">
         <name>.debug_info</name>
         <load_address>0x1525f</load_address>
         <run_address>0x1525f</run_address>
         <size>0xc8</size>
         <input_file_ref idref="fl-2"/>
      </object_component>
      <object_component id="oc-178">
         <name>.debug_info</name>
         <load_address>0x15327</load_address>
         <run_address>0x15327</run_address>
         <size>0x2355</size>
         <input_file_ref idref="fl-161"/>
      </object_component>
      <object_component id="oc-180">
         <name>.debug_info</name>
         <load_address>0x1767c</load_address>
         <run_address>0x1767c</run_address>
         <size>0x15b1</size>
         <input_file_ref idref="fl-163"/>
      </object_component>
      <object_component id="oc-183">
         <name>.debug_info</name>
         <load_address>0x18c2d</load_address>
         <run_address>0x18c2d</run_address>
         <size>0x113</size>
         <input_file_ref idref="fl-161"/>
      </object_component>
      <object_component id="oc-186">
         <name>.debug_info</name>
         <load_address>0x18d40</load_address>
         <run_address>0x18d40</run_address>
         <size>0x1de</size>
         <input_file_ref idref="fl-162"/>
      </object_component>
      <object_component id="oc-189">
         <name>.debug_info</name>
         <load_address>0x18f1e</load_address>
         <run_address>0x18f1e</run_address>
         <size>0x750</size>
         <input_file_ref idref="fl-162"/>
      </object_component>
      <object_component id="oc-18a">
         <name>.debug_info</name>
         <load_address>0x1966e</load_address>
         <run_address>0x1966e</run_address>
         <size>0x235a</size>
         <input_file_ref idref="fl-15d"/>
      </object_component>
      <object_component id="oc-18f">
         <name>.debug_info</name>
         <load_address>0x1b9c8</load_address>
         <run_address>0x1b9c8</run_address>
         <size>0x169</size>
         <input_file_ref idref="fl-162"/>
      </object_component>
      <object_component id="oc-194">
         <name>.debug_info</name>
         <load_address>0x1bb31</load_address>
         <run_address>0x1bb31</run_address>
         <size>0x5d5</size>
         <input_file_ref idref="fl-15d"/>
      </object_component>
      <object_component id="oc-19a">
         <name>.debug_info</name>
         <load_address>0x1c106</load_address>
         <run_address>0x1c106</run_address>
         <size>0x3f2</size>
         <input_file_ref idref="fl-15d"/>
      </object_component>
      <object_component id="oc-19d">
         <name>.debug_info</name>
         <load_address>0x1c4f8</load_address>
         <run_address>0x1c4f8</run_address>
         <size>0xe1</size>
         <input_file_ref idref="fl-15d"/>
      </object_component>
      <object_component id="oc-1a0">
         <name>.debug_info</name>
         <load_address>0x1c5d9</load_address>
         <run_address>0x1c5d9</run_address>
         <size>0x565</size>
         <input_file_ref idref="fl-15d"/>
      </object_component>
      <object_component id="oc-1a1">
         <name>.debug_info</name>
         <load_address>0x1cb3e</load_address>
         <run_address>0x1cb3e</run_address>
         <size>0x48e</size>
         <input_file_ref idref="fl-15d"/>
      </object_component>
      <object_component id="oc-1a7">
         <name>.debug_info</name>
         <load_address>0x1cfcc</load_address>
         <run_address>0x1cfcc</run_address>
         <size>0xed</size>
         <input_file_ref idref="fl-15f"/>
      </object_component>
      <object_component id="oc-1aa">
         <name>.debug_info</name>
         <load_address>0x1d0b9</load_address>
         <run_address>0x1d0b9</run_address>
         <size>0x3fe</size>
         <input_file_ref idref="fl-15f"/>
      </object_component>
      <object_component id="oc-1ab">
         <name>.debug_info</name>
         <load_address>0x1d4b7</load_address>
         <run_address>0x1d4b7</run_address>
         <size>0x2d</size>
         <input_file_ref idref="fl-3"/>
      </object_component>
      <object_component id="oc-1b1">
         <name>.debug_info</name>
         <load_address>0x1d4e4</load_address>
         <run_address>0x1d4e4</run_address>
         <size>0x133</size>
         <input_file_ref idref="fl-160"/>
      </object_component>
      <object_component id="oc-1b4">
         <name>.debug_info</name>
         <load_address>0x1d617</load_address>
         <run_address>0x1d617</run_address>
         <size>0x3fa</size>
         <input_file_ref idref="fl-160"/>
      </object_component>
      <object_component id="oc-1b5">
         <name>.debug_info</name>
         <load_address>0x1da11</load_address>
         <run_address>0x1da11</run_address>
         <size>0x9d</size>
         <input_file_ref idref="fl-160"/>
      </object_component>
      <object_component id="oc-1bd">
         <name>.debug_info</name>
         <load_address>0x1daae</load_address>
         <run_address>0x1daae</run_address>
         <size>0x32b</size>
         <input_file_ref idref="fl-15e"/>
      </object_component>
      <object_component id="oc-1c0">
         <name>.debug_info</name>
         <load_address>0x1ddd9</load_address>
         <run_address>0x1ddd9</run_address>
         <size>0x63c</size>
         <input_file_ref idref="fl-15e"/>
      </object_component>
      <object_component id="oc-1c1">
         <name>.debug_info</name>
         <load_address>0x1e415</load_address>
         <run_address>0x1e415</run_address>
         <size>0x364</size>
         <input_file_ref idref="fl-15e"/>
      </object_component>
      <object_component id="oc-1c9">
         <name>.debug_info</name>
         <load_address>0x1e779</load_address>
         <run_address>0x1e779</run_address>
         <size>0x45f</size>
         <input_file_ref idref="fl-15b"/>
      </object_component>
      <object_component id="oc-1cd">
         <name>.debug_info</name>
         <load_address>0x1ebd8</load_address>
         <run_address>0x1ebd8</run_address>
         <size>0x19e</size>
         <input_file_ref idref="fl-155"/>
      </object_component>
      <object_component id="oc-1d0">
         <name>.debug_info</name>
         <load_address>0x1ed76</load_address>
         <run_address>0x1ed76</run_address>
         <size>0xf0</size>
         <input_file_ref idref="fl-155"/>
      </object_component>
      <object_component id="oc-1d3">
         <name>.debug_info</name>
         <load_address>0x1ee66</load_address>
         <run_address>0x1ee66</run_address>
         <size>0x19b</size>
         <input_file_ref idref="fl-155"/>
      </object_component>
      <object_component id="oc-1d5">
         <name>.debug_info</name>
         <load_address>0x1f001</load_address>
         <run_address>0x1f001</run_address>
         <size>0x151</size>
         <input_file_ref idref="fl-151"/>
      </object_component>
      <object_component id="oc-1da">
         <name>.debug_info</name>
         <load_address>0x1f152</load_address>
         <run_address>0x1f152</run_address>
         <size>0xec</size>
         <input_file_ref idref="fl-166"/>
      </object_component>
      <object_component id="oc-1df">
         <name>.debug_info</name>
         <load_address>0x1f23e</load_address>
         <run_address>0x1f23e</run_address>
         <size>0xd10</size>
         <input_file_ref idref="fl-15c"/>
      </object_component>
      <object_component id="oc-1e5">
         <name>.debug_info</name>
         <load_address>0x1ff4e</load_address>
         <run_address>0x1ff4e</run_address>
         <size>0xff</size>
         <input_file_ref idref="fl-157"/>
      </object_component>
      <object_component id="oc-1e8">
         <name>.debug_info</name>
         <load_address>0x2004d</load_address>
         <run_address>0x2004d</run_address>
         <size>0x1d2</size>
         <input_file_ref idref="fl-157"/>
      </object_component>
      <object_component id="oc-1eb">
         <name>.debug_info</name>
         <load_address>0x2021f</load_address>
         <run_address>0x2021f</run_address>
         <size>0xfc3</size>
         <input_file_ref idref="fl-154"/>
      </object_component>
      <object_component id="oc-1f0">
         <name>.debug_info</name>
         <load_address>0x211e2</load_address>
         <run_address>0x211e2</run_address>
         <size>0x16e</size>
         <input_file_ref idref="fl-2"/>
      </object_component>
      <object_component id="oc-1f3">
         <name>.debug_info</name>
         <load_address>0x21350</load_address>
         <run_address>0x21350</run_address>
         <size>0x2ae</size>
         <input_file_ref idref="fl-2"/>
      </object_component>
      <object_component id="oc-1fb">
         <name>.debug_info</name>
         <load_address>0x215fe</load_address>
         <run_address>0x215fe</run_address>
         <size>0x18fa</size>
         <input_file_ref idref="fl-159"/>
      </object_component>
      <object_component id="oc-1ff">
         <name>.debug_info</name>
         <load_address>0x22ef8</load_address>
         <run_address>0x22ef8</run_address>
         <size>0x51c</size>
         <input_file_ref idref="fl-7"/>
      </object_component>
      <object_component id="oc-202">
         <name>.debug_info</name>
         <load_address>0x23414</load_address>
         <run_address>0x23414</run_address>
         <size>0xfa</size>
         <input_file_ref idref="fl-7"/>
      </object_component>
      <object_component id="oc-205">
         <name>.debug_info</name>
         <load_address>0x2350e</load_address>
         <run_address>0x2350e</run_address>
         <size>0x10e</size>
         <input_file_ref idref="fl-7"/>
      </object_component>
      <object_component id="oc-208">
         <name>.debug_info</name>
         <load_address>0x2361c</load_address>
         <run_address>0x2361c</run_address>
         <size>0x2c</size>
         <input_file_ref idref="fl-3"/>
      </object_component>
      <object_component id="oc-20f">
         <name>.debug_info</name>
         <load_address>0x23648</load_address>
         <run_address>0x23648</run_address>
         <size>0x10c1</size>
         <input_file_ref idref="fl-156"/>
      </object_component>
      <object_component id="oc-218">
         <name>.debug_info</name>
         <load_address>0x24709</load_address>
         <run_address>0x24709</run_address>
         <size>0xf9</size>
         <input_file_ref idref="fl-158"/>
      </object_component>
      <object_component id="oc-21b">
         <name>.debug_info</name>
         <load_address>0x24802</load_address>
         <run_address>0x24802</run_address>
         <size>0x1a3</size>
         <input_file_ref idref="fl-158"/>
      </object_component>
      <object_component id="oc-21f">
         <name>.debug_info</name>
         <load_address>0x249a5</load_address>
         <run_address>0x249a5</run_address>
         <size>0x12c8</size>
         <input_file_ref idref="fl-141"/>
      </object_component>
      <object_component id="oc-223">
         <name>.debug_info</name>
         <load_address>0x25c6d</load_address>
         <run_address>0x25c6d</run_address>
         <size>0x199</size>
         <input_file_ref idref="fl-13f"/>
      </object_component>
      <object_component id="oc-224">
         <name>.debug_info</name>
         <load_address>0x25e06</load_address>
         <run_address>0x25e06</run_address>
         <size>0x2c</size>
         <input_file_ref idref="fl-13f"/>
      </object_component>
      <object_component id="oc-229">
         <name>.debug_info</name>
         <load_address>0x25e32</load_address>
         <run_address>0x25e32</run_address>
         <size>0x69</size>
         <input_file_ref idref="fl-13f"/>
      </object_component>
      <object_component id="oc-22f">
         <name>.debug_info</name>
         <load_address>0x25e9b</load_address>
         <run_address>0x25e9b</run_address>
         <size>0x118</size>
         <input_file_ref idref="fl-13c"/>
      </object_component>
      <object_component id="oc-234">
         <name>.debug_info</name>
         <load_address>0x25fb3</load_address>
         <run_address>0x25fb3</run_address>
         <size>0x110</size>
         <input_file_ref idref="fl-6"/>
      </object_component>
      <object_component id="oc-23a">
         <name>.debug_info</name>
         <load_address>0x260c3</load_address>
         <run_address>0x260c3</run_address>
         <size>0xfe</size>
         <input_file_ref idref="fl-161"/>
      </object_component>
      <object_component id="oc-23d">
         <name>.debug_info</name>
         <load_address>0x261c1</load_address>
         <run_address>0x261c1</run_address>
         <size>0x146</size>
         <input_file_ref idref="fl-161"/>
      </object_component>
      <object_component id="oc-240">
         <name>.debug_info</name>
         <load_address>0x26307</load_address>
         <run_address>0x26307</run_address>
         <size>0x1f86</size>
         <input_file_ref idref="fl-164"/>
      </object_component>
      <object_component id="oc-246">
         <name>.debug_info</name>
         <load_address>0x2828d</load_address>
         <run_address>0x2828d</run_address>
         <size>0xe8</size>
         <input_file_ref idref="fl-161"/>
      </object_component>
      <object_component id="oc-249">
         <name>.debug_info</name>
         <load_address>0x28375</load_address>
         <run_address>0x28375</run_address>
         <size>0x271</size>
         <input_file_ref idref="fl-165"/>
      </object_component>
      <object_component id="oc-24f">
         <name>.debug_info</name>
         <load_address>0x285e6</load_address>
         <run_address>0x285e6</run_address>
         <size>0x9ee</size>
         <input_file_ref idref="fl-161"/>
      </object_component>
      <object_component id="oc-250">
         <name>.debug_info</name>
         <load_address>0x28fd4</load_address>
         <run_address>0x28fd4</run_address>
         <size>0xd7</size>
         <input_file_ref idref="fl-161"/>
      </object_component>
      <object_component id="oc-256">
         <name>.debug_info</name>
         <load_address>0x290ab</load_address>
         <run_address>0x290ab</run_address>
         <size>0x229e</size>
         <input_file_ref idref="fl-167"/>
      </object_component>
      <object_component id="oc-25c">
         <name>.debug_info</name>
         <load_address>0x2b349</load_address>
         <run_address>0x2b349</run_address>
         <size>0xe5</size>
         <input_file_ref idref="fl-163"/>
      </object_component>
      <object_component id="oc-25f">
         <name>.debug_info</name>
         <load_address>0x2b42e</load_address>
         <run_address>0x2b42e</run_address>
         <size>0x151</size>
         <input_file_ref idref="fl-163"/>
      </object_component>
      <object_component id="oc-262">
         <name>.debug_info</name>
         <load_address>0x2b57f</load_address>
         <run_address>0x2b57f</run_address>
         <size>0xa5f</size>
         <input_file_ref idref="fl-163"/>
      </object_component>
      <object_component id="oc-266">
         <name>.debug_info</name>
         <load_address>0x2bfde</load_address>
         <run_address>0x2bfde</run_address>
         <size>0x39</size>
         <input_file_ref idref="fl-3"/>
      </object_component>
      <object_component id="oc-279">
         <name>.debug_info</name>
         <load_address>0x2c017</load_address>
         <run_address>0x2c017</run_address>
         <size>0x89</size>
         <input_file_ref idref="fl-15f"/>
      </object_component>
      <object_component id="oc-292">
         <name>.debug_info</name>
         <load_address>0x2c0a0</load_address>
         <run_address>0x2c0a0</run_address>
         <size>0xf6</size>
         <input_file_ref idref="fl-15c"/>
      </object_component>
      <object_component id="oc-295">
         <name>.debug_info</name>
         <load_address>0x2c196</load_address>
         <run_address>0x2c196</run_address>
         <size>0xf6</size>
         <input_file_ref idref="fl-15c"/>
      </object_component>
      <object_component id="oc-298">
         <name>.debug_info</name>
         <load_address>0x2c28c</load_address>
         <run_address>0x2c28c</run_address>
         <size>0x1ba</size>
         <input_file_ref idref="fl-15c"/>
      </object_component>
      <object_component id="oc-299">
         <name>.debug_info</name>
         <load_address>0x2c446</load_address>
         <run_address>0x2c446</run_address>
         <size>0x51</size>
         <input_file_ref idref="fl-157"/>
      </object_component>
      <object_component id="oc-2a2">
         <name>.debug_info</name>
         <load_address>0x2c497</load_address>
         <run_address>0x2c497</run_address>
         <size>0x62</size>
         <input_file_ref idref="fl-2"/>
      </object_component>
      <object_component id="oc-2a8">
         <name>.debug_info</name>
         <load_address>0x2c4f9</load_address>
         <run_address>0x2c4f9</run_address>
         <size>0x17a</size>
         <input_file_ref idref="fl-154"/>
      </object_component>
      <object_component id="oc-2ae">
         <name>.debug_info</name>
         <load_address>0x2c673</load_address>
         <run_address>0x2c673</run_address>
         <size>0x196</size>
         <input_file_ref idref="fl-159"/>
      </object_component>
      <object_component id="oc-2b1">
         <name>.debug_info</name>
         <load_address>0x2c809</load_address>
         <run_address>0x2c809</run_address>
         <size>0x86</size>
         <input_file_ref idref="fl-7"/>
      </object_component>
      <object_component id="oc-2bb">
         <name>.debug_info</name>
         <load_address>0x2c88f</load_address>
         <run_address>0x2c88f</run_address>
         <size>0xf6</size>
         <input_file_ref idref="fl-156"/>
      </object_component>
      <object_component id="oc-2be">
         <name>.debug_info</name>
         <load_address>0x2c985</load_address>
         <run_address>0x2c985</run_address>
         <size>0xe8</size>
         <input_file_ref idref="fl-156"/>
      </object_component>
      <object_component id="oc-2c5">
         <name>.debug_info</name>
         <load_address>0x2ca6d</load_address>
         <run_address>0x2ca6d</run_address>
         <size>0xec</size>
         <input_file_ref idref="fl-14d"/>
      </object_component>
      <object_component id="oc-2ca">
         <name>.debug_info</name>
         <load_address>0x2cb59</load_address>
         <run_address>0x2cb59</run_address>
         <size>0x19c</size>
         <input_file_ref idref="fl-150"/>
      </object_component>
      <object_component id="oc-2d1">
         <name>.debug_info</name>
         <load_address>0x2ccf5</load_address>
         <run_address>0x2ccf5</run_address>
         <size>0xf2</size>
         <input_file_ref idref="fl-148"/>
      </object_component>
      <object_component id="oc-2d6">
         <name>.debug_info</name>
         <load_address>0x2cde7</load_address>
         <run_address>0x2cde7</run_address>
         <size>0x104</size>
         <input_file_ref idref="fl-14a"/>
      </object_component>
      <object_component id="oc-2db">
         <name>.debug_info</name>
         <load_address>0x2ceeb</load_address>
         <run_address>0x2ceeb</run_address>
         <size>0x104</size>
         <input_file_ref idref="fl-149"/>
      </object_component>
      <object_component id="oc-2df">
         <name>.debug_info</name>
         <load_address>0x2cfef</load_address>
         <run_address>0x2cfef</run_address>
         <size>0xf4</size>
         <input_file_ref idref="fl-148"/>
      </object_component>
      <object_component id="oc-2e3">
         <name>.debug_info</name>
         <load_address>0x2d0e3</load_address>
         <run_address>0x2d0e3</run_address>
         <size>0xf8</size>
         <input_file_ref idref="fl-14b"/>
      </object_component>
      <object_component id="oc-2ea">
         <name>.debug_info</name>
         <load_address>0x2d1db</load_address>
         <run_address>0x2d1db</run_address>
         <size>0x18e</size>
         <input_file_ref idref="fl-14e"/>
      </object_component>
      <object_component id="oc-2ef">
         <name>.debug_info</name>
         <load_address>0x2d369</load_address>
         <run_address>0x2d369</run_address>
         <size>0xf6</size>
         <input_file_ref idref="fl-14c"/>
      </object_component>
      <object_component id="oc-2f5">
         <name>.debug_info</name>
         <load_address>0x2d45f</load_address>
         <run_address>0x2d45f</run_address>
         <size>0x116</size>
         <input_file_ref idref="fl-147"/>
      </object_component>
      <object_component id="oc-2fa">
         <name>.debug_info</name>
         <load_address>0x2d575</load_address>
         <run_address>0x2d575</run_address>
         <size>0x127</size>
         <input_file_ref idref="fl-152"/>
      </object_component>
      <object_component id="oc-2fe">
         <name>.debug_info</name>
         <load_address>0x2d69c</load_address>
         <run_address>0x2d69c</run_address>
         <size>0x177</size>
         <input_file_ref idref="fl-14f"/>
      </object_component>
      <object_component id="oc-304">
         <name>.debug_info</name>
         <load_address>0x2d813</load_address>
         <run_address>0x2d813</run_address>
         <size>0x13d</size>
         <input_file_ref idref="fl-143"/>
      </object_component>
      <object_component id="oc-30a">
         <name>.debug_info</name>
         <load_address>0x2d950</load_address>
         <run_address>0x2d950</run_address>
         <size>0x282</size>
         <input_file_ref idref="fl-141"/>
      </object_component>
      <object_component id="oc-30b">
         <name>.debug_info</name>
         <load_address>0x2dbd2</load_address>
         <run_address>0x2dbd2</run_address>
         <size>0x86</size>
         <input_file_ref idref="fl-141"/>
      </object_component>
      <object_component id="oc-310">
         <name>.debug_info</name>
         <load_address>0x2dc58</load_address>
         <run_address>0x2dc58</run_address>
         <size>0x39</size>
         <input_file_ref idref="fl-141"/>
      </object_component>
      <object_component id="oc-31e">
         <name>.debug_info</name>
         <load_address>0x2dc91</load_address>
         <run_address>0x2dc91</run_address>
         <size>0x2ff</size>
         <input_file_ref idref="fl-164"/>
      </object_component>
      <object_component id="oc-321">
         <name>.debug_info</name>
         <load_address>0x2df90</load_address>
         <run_address>0x2df90</run_address>
         <size>0x6f2</size>
         <input_file_ref idref="fl-164"/>
      </object_component>
      <object_component id="oc-322">
         <name>.debug_info</name>
         <load_address>0x2e682</load_address>
         <run_address>0x2e682</run_address>
         <size>0x5b9</size>
         <input_file_ref idref="fl-164"/>
      </object_component>
      <object_component id="oc-32d">
         <name>.debug_info</name>
         <load_address>0x2ec3b</load_address>
         <run_address>0x2ec3b</run_address>
         <size>0xf6</size>
         <input_file_ref idref="fl-167"/>
      </object_component>
      <object_component id="oc-330">
[...]
         <name>_SlAsyncEventGenericHandler</name>
         <value>0x20004ddf</value>
         <object_component_ref idref="oc-176"/>
      </symbol>
      <symbol id="sm-c30">
         <name>_SlDrvDriverCBDeinit</name>
         <value>0x200052c7</value>
         <object_component_ref idref="oc-176"/>
      </symbol>
      <symbol id="sm-c31">
         <name>_SlDrvShiftDWord</name>
         <value>0x200045db</value>
         <object_component_ref idref="oc-176"/>
      </symbol>
      <symbol id="sm-c32">
         <name>_SlDrvReleasePoolObj</name>
         <value>0x2000474d</value>
         <object_component_ref idref="oc-176"/>
      </symbol>
      <symbol id="sm-c33">
         <name>pPingCallBackFunc</name>
         <value>0x20017f68</value>
         <object_component_ref idref="oc-182"/>
      </symbol>
      <symbol id="sm-c34">
         <name>_SlDrvDriverCBInit</name>
         <value>0x20005249</value>
         <object_component_ref idref="oc-176"/>
      </symbol>
      <symbol id="sm-c35">
         <name>g_pCB</name>
         <value>0x20017f64</value>
         <object_component_ref idref="oc-182"/>
      </symbol>
      <symbol id="sm-c36">
         <name>_SlDrvClassifyRxMsg</name>
         <value>0x200049a5</value>
         <object_component_ref idref="oc-176"/>
      </symbol>
      <symbol id="sm-c37">
         <name>_SlDrvCmdOp</name>
         <value>0x200055e1</value>
         <object_component_ref idref="oc-176"/>
      </symbol>
      <symbol id="sm-c38">
         <name>_SlDrvMsgReadCmdCtx</name>
         <value>0x20005199</value>
         <object_component_ref idref="oc-176"/>
      </symbol>
      <symbol id="sm-c39">
         <name>_SlDrvObjDeInit</name>
         <value>0x2000487f</value>
         <object_component_ref idref="oc-176"/>
      </symbol>
      <symbol id="sm-c3a">
         <name>g_StatMem</name>
         <value>0x20017c00</value>
         <object_component_ref idref="oc-245"/>
      </symbol>
      <symbol id="sm-c3b">
         <name>_SlFindAndSetActiveObj</name>
         <value>0x2000443f</value>
         <object_component_ref idref="oc-176"/>
      </symbol>
      <symbol id="sm-c3c">
         <name>_SlDrvWaitForPoolObj</name>
         <value>0x200044cb</value>
         <object_component_ref idref="oc-176"/>
      </symbol>
      <symbol id="sm-c3d">
         <name>g_H2NCnysPattern</name>
         <value>0x2000d85c</value>
         <object_component_ref idref="oc-23c"/>
      </symbol>
      <symbol id="sm-c3e">
         <name>_SlDrvMsgWrite</name>
         <value>0x200048a9</value>
         <object_component_ref idref="oc-176"/>
      </symbol>
      <symbol id="sm-c3f">
         <name>_SlDrvDataReadOp</name>
         <value>0x20005461</value>
         <object_component_ref idref="oc-176"/>
      </symbol>
      <symbol id="sm-c40">
         <name>_SlDrvDataWriteOp</name>
         <value>0x2000531f</value>
         <object_component_ref idref="oc-176"/>
      </symbol>
      <symbol id="sm-c41">
         <name>_SlDrvRxIrqHandler</name>
         <value>0x200045ef</value>
         <object_component_ref idref="oc-176"/>
      </symbol>
      <symbol id="sm-c42">
         <name>_SlDrvMsgRead</name>
         <value>0x20004a39</value>
         <object_component_ref idref="oc-176"/>
      </symbol>
      <symbol id="sm-c43">
         <name>g_H2NSyncPattern</name>
         <value>0x2000d854</value>
         <object_component_ref idref="oc-23c"/>
      </symbol>
      <symbol id="sm-c44">
         <name>_SlDrvObjInit</name>
         <value>0x20004849</value>
         <object_component_ref idref="oc-176"/>
      </symbol>
      <symbol id="sm-c45">
         <name>_SlDrvCmdSend</name>
         <value>0x200055c3</value>
         <object_component_ref idref="oc-176"/>
      </symbol>
      <symbol id="sm-c46">
         <name>_SlActionLookupTable</name>
         <value>0x2000d744</value>
         <object_component_ref idref="oc-239"/>
      </symbol>
      <symbol id="sm-ca5">
         <name>sl_Task</name>
         <value>0x2000ac35</value>
         <object_component_ref idref="oc-ca"/>
      </symbol>
      <symbol id="sm-ca6">
         <name>_SlStopCmdCtrl</name>
         <value>0x2000d840</value>
         <object_component_ref idref="oc-185"/>
      </symbol>
      <symbol id="sm-ca7">
         <name>_sl_HandleAsync_InitComplete</name>
         <value>0x2000af3d</value>
         <object_component_ref idref="oc-ca"/>
      </symbol>
      <symbol id="sm-ca8">
         <name>sl_EventMaskGet</name>
         <value>0x2000ae13</value>
         <object_component_ref idref="oc-ca"/>
      </symbol>
      <symbol id="sm-ca9">
         <name>GetStartResponseConvert</name>
         <value>0x2000acf7</value>
         <object_component_ref idref="oc-ca"/>
      </symbol>
      <symbol id="sm-caa">
         <name>_SlDeviceSetCmdCtrl</name>
         <value>0x2000d850</value>
         <object_component_ref idref="oc-185"/>
      </symbol>
      <symbol id="sm-cab">
         <name>_SlDeviceGetCmdCtrl</name>
         <value>0x2000d84c</value>
         <object_component_ref idref="oc-185"/>
      </symbol>
      <symbol id="sm-cac">
         <name>_SlDrvDeviceEventHandler</name>
         <value>0x2000afb1</value>
         <object_component_ref idref="oc-ca"/>
      </symbol>
      <symbol id="sm-cad">
         <name>_sl_HandleAsync_Stop</name>
         <value>0x2000aedd</value>
         <object_component_ref idref="oc-ca"/>
      </symbol>
      <symbol id="sm-cae">
         <name>sl_DevSet</name>
         <value>0x2000ae31</value>
         <object_component_ref idref="oc-ca"/>
      </symbol>
      <symbol id="sm-caf">
         <name>sl_Stop</name>
         <value>0x2000ac39</value>
         <object_component_ref idref="oc-ca"/>
      </symbol>
      <symbol id="sm-cb0">
         <name>_SlEventMaskSetCmdCtrl</name>
         <value>0x2000d844</value>
         <object_component_ref idref="oc-185"/>
      </symbol>
      <symbol id="sm-cb1">
         <name>_SlEventMaskGetCmdCtrl</name>
         <value>0x2000d848</value>
         <object_component_ref idref="oc-185"/>
      </symbol>
      <symbol id="sm-cb2">
         <name>sl_Start</name>
         <value>0x2000ad41</value>
         <object_component_ref idref="oc-ca"/>
      </symbol>
      <symbol id="sm-cb3">
         <name>sl_EventMaskSet</name>
         <value>0x2000adf5</value>
         <object_component_ref idref="oc-ca"/>
      </symbol>
      <symbol id="sm-cb4">
         <name>sl_DevGet</name>
         <value>0x2000ae71</value>
         <object_component_ref idref="oc-ca"/>
      </symbol>
      <symbol id="sm-d1d">
         <name>g_cDummy</name>
         <value>0x20017f0c</value>
      </symbol>
      <symbol id="sm-d1e">
         <name>NwpMaskInterrupt</name>
         <value>0x20009e1d</value>
         <object_component_ref idref="oc-17c"/>
      </symbol>
      <symbol id="sm-d1f">
         <name>NwpRegisterInterruptHandler</name>
         <value>0x20009ddd</value>
         <object_component_ref idref="oc-17c"/>
      </symbol>
      <symbol id="sm-d20">
         <name>NwpPowerOnPreamble</name>
         <value>0x20009e61</value>
         <object_component_ref idref="oc-17c"/>
      </symbol>
      <symbol id="sm-d21">
         <name>g_pHostIntHdl</name>
         <value>0x20017f30</value>
         <object_component_ref idref="oc-25e"/>
      </symbol>
      <symbol id="sm-d22">
         <name>spi_Read_CPU</name>
         <value>0x20009b41</value>
         <object_component_ref idref="oc-17c"/>
      </symbol>
      <symbol id="sm-d23">
         <name>cc_UDMAChannelSelect</name>
         <value>0x20009c71</value>
         <object_component_ref idref="oc-17c"/>
      </symbol>
      <symbol id="sm-d24">
         <name>NwpUnMaskInterrupt</name>
         <value>0x20009dcf</value>
         <object_component_ref idref="oc-17c"/>
      </symbol>
      <symbol id="sm-d25">
         <name>g_ucDinDout</name>
         <value>0x20017e64</value>
         <object_component_ref idref="oc-25b"/>
      </symbol>
      <symbol id="sm-d26">
         <name>NwpPowerOff</name>
         <value>0x20009e2d</value>
         <object_component_ref idref="oc-17c"/>
      </symbol>
      <symbol id="sm-d27">
         <name>spi_Read</name>
         <value>0x20009be5</value>
         <object_component_ref idref="oc-17c"/>
      </symbol>
      <symbol id="sm-d28">
         <name>SetupDMASend</name>
         <value>0x20009a97</value>
         <object_component_ref idref="oc-17c"/>
      </symbol>
      <symbol id="sm-d29">
         <name>DmaSpiSwIntHandler</name>
         <value>0x20009ec9</value>
         <object_component_ref idref="oc-17c"/>
      </symbol>
      <symbol id="sm-d2a">
         <name>NwpPowerOn</name>
         <value>0x20009ea5</value>
         <object_component_ref idref="oc-17c"/>
      </symbol>
      <symbol id="sm-d2b">
         <name>spi_Close</name>
         <value>0x20009d6d</value>
         <object_component_ref idref="oc-17c"/>
      </symbol>
      <symbol id="sm-d2c">
         <name>spi_Write_CPU</name>
         <value>0x20009a25</value>
         <object_component_ref idref="oc-17c"/>
      </symbol>
      <symbol id="sm-d2d">
         <name>SetupDMAReceive</name>
         <value>0x20009b7d</value>
         <object_component_ref idref="oc-17c"/>
      </symbol>
      <symbol id="sm-d2e">
         <name>g_len</name>
         <value>0x20017f3c</value>
         <object_component_ref idref="oc-25e"/>
      </symbol>
      <symbol id="sm-d2f">
         <name>cc_SetupTransfer</name>
         <value>0x20009a61</value>
         <object_component_ref idref="oc-17c"/>
      </symbol>
      <symbol id="sm-d30">
         <name>spi_Write</name>
         <value>0x20009af9</value>
         <object_component_ref idref="oc-17c"/>
      </symbol>
      <symbol id="sm-d31">
         <name>HostIntHanlder</name>
         <value>0x20009ee5</value>
         <object_component_ref idref="oc-17c"/>
      </symbol>
      <symbol id="sm-d32">
         <name>spi_Open</name>
         <value>0x20009c8d</value>
         <object_component_ref idref="oc-17c"/>
      </symbol>
      <symbol id="sm-d33">
         <name>g_ucDMAEnabled</name>
         <value>0x20017f38</value>
         <object_component_ref idref="oc-25e"/>
      </symbol>
      <symbol id="sm-d34">
         <name>g_SpiFd</name>
         <value>0x20017f34</value>
         <object_component_ref idref="oc-25e"/>
      </symbol>
      <symbol id="sm-dc5">
         <name>sl_NetAppMDNSUnRegisterService</name>
         <value>0x20009553</value>
         <object_component_ref idref="oc-23f"/>
      </symbol>
      <symbol id="sm-dc6">
         <name>sl_NetAppGetServiceList</name>
         <value>0x20009585</value>
         <object_component_ref idref="oc-23f"/>
      </symbol>
      <symbol id="sm-dc7">
         <name>sl_NetAppSet</name>
         <value>0x20009315</value>
         <object_component_ref idref="oc-23f"/>
      </symbol>
      <symbol id="sm-dc8">
         <name>_SlNetAppSendTokenValueCmdCtrl</name>
         <value>0x2000d7f8</value>
         <object_component_ref idref="oc-31d"/>
      </symbol>
      <symbol id="sm-dc9">
         <name>sl_NetAppStop</name>
         <value>0x200092dd</value>
         <object_component_ref idref="oc-23f"/>
      </symbol>
      <symbol id="sm-dca">
         <name>_SlGetServiceListeCtrl</name>
         <value>0x2000d7e4</value>
         <object_component_ref idref="oc-31d"/>
      </symbol>
      <symbol id="sm-dcb">
         <name>_SlNetAppStopCtrl</name>
         <value>0x2000d7e0</value>
         <object_component_ref idref="oc-31d"/>
      </symbol>
      <symbol id="sm-dcc">
         <name>_SlNetAppSetCmdCtrl</name>
         <value>0x2000d7f4</value>
         <object_component_ref idref="oc-31d"/>
      </symbol>
      <symbol id="sm-dcd">
         <name>_SlNetAppGetCmdCtrl</name>
         <value>0x2000d7fc</value>
         <object_component_ref idref="oc-31d"/>
      </symbol>
      <symbol id="sm-dce">
         <name>sl_NetAppDnsGetHostByName</name>
         <value>0x20009727</value>
         <object_component_ref idref="oc-23f"/>
      </symbol>
      <symbol id="sm-dcf">
         <name>_sl_HandleAsync_DnsGetHostByName</name>
         <value>0x200098dd</value>
         <object_component_ref idref="oc-23f"/>
      </symbol>
      <symbol id="sm-dd0">
         <name>_SlRegisterServiceCtrl</name>
         <value>0x2000d7e8</value>
         <object_component_ref idref="oc-31d"/>
      </symbol>
      <symbol id="sm-dd1">
         <name>_sl_HandleAsync_PingResponse</name>
         <value>0x200097f9</value>
         <object_component_ref idref="oc-23f"/>
      </symbol>
      <symbol id="sm-dd2">
         <name>sl_NetAppDnsGetHostByService</name>
         <value>0x20009659</value>
         <object_component_ref idref="oc-23f"/>
      </symbol>
      <symbol id="sm-dd3">
         <name>_SlNetAppStartCtrl</name>
         <value>0x2000d7dc</value>
         <object_component_ref idref="oc-31d"/>
      </symbol>
      <symbol id="sm-dd4">
         <name>sl_NetAppPingStart</name>
         <value>0x200093bb</value>
         <object_component_ref idref="oc-23f"/>
      </symbol>
      <symbol id="sm-dd5">
         <name>_SlDrvNetAppEventHandler</name>
         <value>0x20009961</value>
         <object_component_ref idref="oc-23f"/>
      </symbol>
      <symbol id="sm-dd6">
         <name>_sl_HandleAsync_DnsGetHostByService</name>
         <value>0x2000986d</value>
         <object_component_ref idref="oc-23f"/>
      </symbol>
      <symbol id="sm-dd7">
         <name>sl_NetAppStart</name>
         <value>0x200092f9</value>
         <object_component_ref idref="oc-23f"/>
      </symbol>
      <symbol id="sm-dd8">
         <name>sl_NetAppSendTokenValue</name>
         <value>0x20009355</value>
         <object_component_ref idref="oc-23f"/>
      </symbol>
      <symbol id="sm-dd9">
         <name>sl_NetAppMDNSRegisterService</name>
         <value>0x20009565</value>
         <object_component_ref idref="oc-23f"/>
      </symbol>
      <symbol id="sm-dda">
         <name>CopyPingResultsToReport</name>
         <value>0x200093a1</value>
         <object_component_ref idref="oc-23f"/>
      </symbol>
      <symbol id="sm-ddb">
         <name>sl_NetAppGet</name>
         <value>0x200095f9</value>
         <object_component_ref idref="oc-23f"/>
      </symbol>
      <symbol id="sm-ddc">
         <name>_SlGetHostByNameCtrl</name>
         <value>0x2000d7f0</value>
         <object_component_ref idref="oc-31d"/>
      </symbol>
      <symbol id="sm-ddd">
         <name>_SlGetHostByServiceCtrl</name>
         <value>0x2000d7ec</value>
         <object_component_ref idref="oc-31d"/>
      </symbol>
      <symbol id="sm-dde">
         <name>sl_NetAppMDNSRegisterUnregisterService</name>
         <value>0x200094cf</value>
         <object_component_ref idref="oc-23f"/>
      </symbol>
      <symbol id="sm-ddf">
         <name>_sl_HandleAsync_DnsGetHostByAddr</name>
         <value>0x2000995b</value>
         <object_component_ref idref="oc-23f"/>
      </symbol>
      <symbol id="sm-df2">
         <name>_SlDrvFlowContDeinit</name>
         <value>0x2000cedb</value>
         <object_component_ref idref="oc-248"/>
      </symbol>
      <symbol id="sm-df3">
         <name>_SlDrvFlowContInit</name>
         <value>0x2000ceb1</value>
         <object_component_ref idref="oc-248"/>
      </symbol>
      <symbol id="sm-dfc">
         <name>__aeabi_llsr</name>
         <value>0x2000d107</value>
         <object_component_ref idref="oc-1d9"/>
      </symbol>
      <symbol id="sm-e83">
         <name>SPIFIFOLevelGet</name>
         <value>0x20009039</value>
         <object_component_ref idref="oc-255"/>
      </symbol>
      <symbol id="sm-e84">
         <name>SPIFIFODisable</name>
         <value>0x20008feb</value>
         <object_component_ref idref="oc-255"/>
      </symbol>
      <symbol id="sm-e85">
         <name>SPITransfer</name>
         <value>0x2000923d</value>
         <object_component_ref idref="oc-255"/>
      </symbol>
      <symbol id="sm-e86">
         <name>SPICSEnable</name>
         <value>0x2000920d</value>
         <object_component_ref idref="oc-255"/>
      </symbol>
      <symbol id="sm-e87">
         <name>SPIDisable</name>
         <value>0x20008e2f</value>
         <object_component_ref idref="oc-255"/>
      </symbol>
      <symbol id="sm-e88">
         <name>SPIFIFOEnable</name>
         <value>0x20008fd1</value>
         <object_component_ref idref="oc-255"/>
      </symbol>
      <symbol id="sm-e89">
         <name>SPIWordCountSet</name>
         <value>0x2000906d</value>
         <object_component_ref idref="oc-255"/>
      </symbol>
      <symbol id="sm-e8a">
         <name>SPIDataGetNonBlocking</name>
         <value>0x20008f41</value>
         <object_component_ref idref="oc-255"/>
      </symbol>
      <symbol id="sm-e8b">
         <name>SPIDataPut</name>
         <value>0x20008fb3</value>
         <object_component_ref idref="oc-255"/>
      </symbol>
      <symbol id="sm-e8c">
         <name>SPIEnable</name>
         <value>0x20008e17</value>
         <object_component_ref idref="oc-255"/>
      </symbol>
      <symbol id="sm-e8d">
         <name>SPIDataGet</name>
         <value>0x20008f6b</value>
         <object_component_ref idref="oc-255"/>
      </symbol>
      <symbol id="sm-e8e">
         <name>SPIDmaEnable</name>
         <value>0x20008e47</value>
         <object_component_ref idref="oc-255"/>
      </symbol>
      <symbol id="sm-e8f">
         <name>SPIConfigSetExpClk</name>
         <value>0x20008e9d</value>
         <object_component_ref idref="oc-255"/>
      </symbol>
      <symbol id="sm-e90">
         <name>SPIIntRegister</name>
         <value>0x20009095</value>
         <object_component_ref idref="oc-255"/>
      </symbol>
      <symbol id="sm-e91">
         <name>SPIIntUnregister</name>
         <value>0x200090b9</value>
         <object_component_ref idref="oc-255"/>
      </symbol>
      <symbol id="sm-e92">
         <name>SPIFIFOLevelSet</name>
         <value>0x20009005</value>
         <object_component_ref idref="oc-255"/>
      </symbol>
      <symbol id="sm-e93">
         <name>SPIDmaDisable</name>
         <value>0x20008e61</value>
         <object_component_ref idref="oc-255"/>
      </symbol>
      <symbol id="sm-e94">
         <name>SPIReset</name>
         <value>0x20008e7b</value>
         <object_component_ref idref="oc-255"/>
      </symbol>
      <symbol id="sm-e95">
         <name>SPIDataPutNonBlocking</name>
         <value>0x20008f8b</value>
         <object_component_ref idref="oc-255"/>
      </symbol>
      <symbol id="sm-e96">
         <name>SPIIntStatus</name>
         <value>0x20009161</value>
         <object_component_ref idref="oc-255"/>
      </symbol>
      <symbol id="sm-e97">
         <name>SPIIntEnable</name>
         <value>0x200090d3</value>
         <object_component_ref idref="oc-255"/>
      </symbol>
      <symbol id="sm-e98">
         <name>SPIIntClear</name>
         <value>0x200091cf</value>
         <object_component_ref idref="oc-255"/>
      </symbol>
      <symbol id="sm-e99">
         <name>SPICSDisable</name>
         <value>0x20009225</value>
         <object_component_ref idref="oc-255"/>
      </symbol>
      <symbol id="sm-e9a">
         <name>SPIIntDisable</name>
         <value>0x20009117</value>
         <object_component_ref idref="oc-255"/>
      </symbol>
      <symbol id="sm-e9b">
         <name>__TI_static_base__</name>
         <value>0x2000d880</value>
      </symbol>
      <symbol id="sm-e9c">
         <name>__TI_args_main</name>
         <value>0x1</value>
      </symbol>
      <symbol id="sm-e9d">
         <name>SHT$$INIT_ARRAY$$Limit</name>
         <value>0x0</value>
      </symbol>
      <symbol id="sm-e9e">
         <name>SHT$$INIT_ARRAY$$Base</name>
         <value>0x0</value>
      </symbol>
   </symbol_table>
   <title>Link successful</title>
</link_info>
