<?xml version="1.0"?>
<link_info>
   <banner>TI ARM Linker PC v5.1.6</banner>
   <copyright>Copyright (c) 1996-2014 Texas Instruments Incorporated</copyright>
   <link_time>0x53ec0847</link_time>
   <link_errors>0x0</link_errors>
   <output_file>BREWise_2.out</output_file>
   <entry_point>
      <name>_c_int00</name>
      <address>0x2000cc21</address>
   </entry_point>
   <input_file_list>
      <input_file id="fl-2">
         <path>.\</path>
         <kind>object</kind>
         <file>gpio_if.obj</file>
         <name>gpio_if.obj</name>
      </input_file>
      <input_file id="fl-3">
         <path>.\</path>
         <kind>object</kind>
         <file>main.obj</file>
         <name>main.obj</name>
      </input_file>
      <input_file id="fl-4">
         <path>.\</path>
         <kind>object</kind>
         <file>pinmux.obj</file>
         <name>pinmux.obj</name>
      </input_file>
      <input_file id="fl-5">
         <path>.\</path>
         <kind>object</kind>
         <file>startup_ccs.obj</file>
         <name>startup_ccs.obj</name>
      </input_file>
      <input_file id="fl-6">
         <path>.\</path>
         <kind>object</kind>
         <file>uart_if.obj</file>
         <name>uart_if.obj</name>
      </input_file>
      <input_file id="fl-135">
         <path>c:\ti\ccsv6\tools\compiler\arm_5.1.6\lib\</path>
         <kind>archive</kind>
         <file>rtsv7M4_T_le_eabi.lib</file>
         <name>boot.obj</name>
      </input_file>
      <input_file id="fl-136">
         <path>c:\ti\ccsv6\tools\compiler\arm_5.1.6\lib\</path>
         <kind>archive</kind>
         <file>rtsv7M4_T_le_eabi.lib</file>
         <name>copy_decompress_none.obj</name>
      </input_file>
      <input_file id="fl-137">
         <path>c:\ti\ccsv6\tools\compiler\arm_5.1.6\lib\</path>
         <kind>archive</kind>
         <file>rtsv7M4_T_le_eabi.lib</file>
         <name>copy_decompress_rle.obj</name>
      </input_file>
      <input_file id="fl-138">
         <path>c:\ti\ccsv6\tools\compiler\arm_5.1.6\lib\</path>
         <kind>archive</kind>
         <file>rtsv7M4_T_le_eabi.lib</file>
         <name>copy_zero_init.obj</name>
      </input_file>
      <input_file id="fl-139">
         <path>c:\ti\ccsv6\tools\compiler\arm_5.1.6\lib\</path>
         <kind>archive</kind>
         <file>rtsv7M4_T_le_eabi.lib</file>
         <name>exit.obj</name>
      </input_file>
      <input_file id="fl-13a">
         <path>c:\ti\ccsv6\tools\compiler\arm_5.1.6\lib\</path>
         <kind>archive</kind>
         <file>rtsv7M4_T_le_eabi.lib</file>
         <name>memcpy_t2.obj</name>
      </input_file>
      <input_file id="fl-13b">
         <path>c:\ti\ccsv6\tools\compiler\arm_5.1.6\lib\</path>
         <kind>archive</kind>
         <file>rtsv7M4_T_le_eabi.lib</file>
         <name>memory.obj</name>
      </input_file>
      <input_file id="fl-13c">
         <path>c:\ti\ccsv6\tools\compiler\arm_5.1.6\lib\</path>
         <kind>archive</kind>
         <file>rtsv7M4_T_le_eabi.lib</file>
         <name>memset_t2.obj</name>
      </input_file>
      <input_file id="fl-13d">
         <path>c:\ti\ccsv6\tools\compiler\arm_5.1.6\lib\</path>
         <kind>archive</kind>
         <file>rtsv7M4_T_le_eabi.lib</file>
         <name>stkdepth_vars.obj</name>
      </input_file>
      <input_file id="fl-13e">
         <path>c:\ti\ccsv6\tools\compiler\arm_5.1.6\lib\</path>
         <kind>archive</kind>
         <file>rtsv7M4_T_le_eabi.lib</file>
         <name>vsnprintf.obj</name>
      </input_file>
      <input_file id="fl-13f">
         <path>c:\ti\ccsv6\tools\compiler\arm_5.1.6\lib\</path>
         <kind>archive</kind>
         <file>rtsv7M4_T_le_eabi.lib</file>
         <name>_lock.obj</name>
      </input_file>
      <input_file id="fl-140">
         <path>c:\ti\ccsv6\tools\compiler\arm_5.1.6\lib\</path>
         <kind>archive</kind>
         <file>rtsv7M4_T_le_eabi.lib</file>
         <name>_printfi.obj</name>
      </input_file>
      <input_file id="fl-141">
         <path>c:\ti\ccsv6\tools\compiler\arm_5.1.6\lib\</path>
         <kind>archive</kind>
         <file>rtsv7M4_T_le_eabi.lib</file>
         <name>args_main.obj</name>
      </input_file>
      <input_file id="fl-142">
         <path>c:\ti\ccsv6\tools\compiler\arm_5.1.6\lib\</path>
         <kind>archive</kind>
         <file>rtsv7M4_T_le_eabi.lib</file>
         <name>atoi.obj</name>
      </input_file>
      <input_file id="fl-143">
         <path>c:\ti\ccsv6\tools\compiler\arm_5.1.6\lib\</path>
         <kind>archive</kind>
         <file>rtsv7M4_T_le_eabi.lib</file>
         <name>auto_init.obj</name>
      </input_file>
      <input_file id="fl-144">
         <path>c:\ti\ccsv6\tools\compiler\arm_5.1.6\lib\</path>
         <kind>archive</kind>
         <file>rtsv7M4_T_le_eabi.lib</file>
         <name>cpy_tbl.obj</name>
      </input_file>
      <input_file id="fl-145">
         <path>c:\ti\ccsv6\tools\compiler\arm_5.1.6\lib\</path>
         <kind>archive</kind>
         <file>rtsv7M4_T_le_eabi.lib</file>
         <name>ctype.obj</name>
      </input_file>
      <input_file id="fl-146">
         <path>c:\ti\ccsv6\tools\compiler\arm_5.1.6\lib\</path>
         <kind>archive</kind>
         <file>rtsv7M4_T_le_eabi.lib</file>
         <name>fd_add_t2.obj</name>
      </input_file>
      <input_file id="fl-147">
         <path>c:\ti\ccsv6\tools\compiler\arm_5.1.6\lib\</path>
         <kind>archive</kind>
         <file>rtsv7M4_T_le_eabi.lib</file>
         <name>fd_cmp_t2.obj</name>
      </input_file>
      <input_file id="fl-148">
         <path>c:\ti\ccsv6\tools\compiler\arm_5.1.6\lib\</path>
         <kind>archive</kind>
         <file>rtsv7M4_T_le_eabi.lib</file>
         <name>fd_div_t2.obj</name>
      </input_file>
      <input_file id="fl-149">
         <path>c:\ti\ccsv6\tools\compiler\arm_5.1.6\lib\</path>
         <kind>archive</kind>
         <file>rtsv7M4_T_le_eabi.lib</file>
         <name>fd_mul_t2.obj</name>
      </input_file>
      <input_file id="fl-14a">
         <path>c:\ti\ccsv6\tools\compiler\arm_5.1.6\lib\</path>
         <kind>archive</kind>
         <file>rtsv7M4_T_le_eabi.lib</file>
         <name>fd_toi_t2.obj</name>
      </input_file>
      <input_file id="fl-14b">
         <path>c:\ti\ccsv6\tools\compiler\arm_5.1.6\lib\</path>
         <kind>archive</kind>
         <file>rtsv7M4_T_le_eabi.lib</file>
         <name>i_tofd_t2.obj</name>
      </input_file>
      <input_file id="fl-14c">
         <path>c:\ti\ccsv6\tools\compiler\arm_5.1.6\lib\</path>
         <kind>archive</kind>
         <file>rtsv7M4_T_le_eabi.lib</file>
         <name>ll_mul_t2.obj</name>
      </input_file>
      <input_file id="fl-14d">
         <path>c:\ti\ccsv6\tools\compiler\arm_5.1.6\lib\</path>
         <kind>archive</kind>
         <file>rtsv7M4_T_le_eabi.lib</file>
         <name>ltoa.obj</name>
      </input_file>
      <input_file id="fl-14e">
         <path>c:\ti\ccsv6\tools\compiler\arm_5.1.6\lib\</path>
         <kind>archive</kind>
         <file>rtsv7M4_T_le_eabi.lib</file>
         <name>memccpy.obj</name>
      </input_file>
      <input_file id="fl-14f">
         <path>c:\ti\ccsv6\tools\compiler\arm_5.1.6\lib\</path>
         <kind>archive</kind>
         <file>rtsv7M4_T_le_eabi.lib</file>
         <name>strlen.obj</name>
      </input_file>
      <input_file id="fl-150">
         <path>c:\ti\ccsv6\tools\compiler\arm_5.1.6\lib\</path>
         <kind>archive</kind>
         <file>rtsv7M4_T_le_eabi.lib</file>
         <name>ull_div_t2.obj</name>
      </input_file>
      <input_file id="fl-151">
         <path>c:\ti\ccsv6\tools\compiler\arm_5.1.6\lib\</path>
         <kind>archive</kind>
         <file>rtsv7M4_T_le_eabi.lib</file>
         <name>xdclass.obj</name>
      </input_file>
      <input_file id="fl-152">
         <path>c:\ti\ccsv6\tools\compiler\arm_5.1.6\lib\</path>
         <kind>archive</kind>
         <file>rtsv7M4_T_le_eabi.lib</file>
         <name>xdtest.obj</name>
      </input_file>
      <input_file id="fl-153">
         <path>C:\ti\CC3200SDK\cc3200-sdk\example\BREWise_2\ccs\..\..\..\driverlib\ccs\Release\</path>
         <kind>archive</kind>
         <file>driverlib.a</file>
         <name>gpio.obj</name>
      </input_file>
      <input_file id="fl-154">
         <path>C:\ti\CC3200SDK\cc3200-sdk\example\BREWise_2\ccs\..\..\..\driverlib\ccs\Release\</path>
         <kind>archive</kind>
         <file>driverlib.a</file>
         <name>interrupt.obj</name>
      </input_file>
      <input_file id="fl-155">
         <path>C:\ti\CC3200SDK\cc3200-sdk\example\BREWise_2\ccs\..\..\..\driverlib\ccs\Release\</path>
         <kind>archive</kind>
         <file>driverlib.a</file>
         <name>pin.obj</name>
      </input_file>
      <input_file id="fl-156">
         <path>C:\ti\CC3200SDK\cc3200-sdk\example\BREWise_2\ccs\..\..\..\driverlib\ccs\Release\</path>
         <kind>archive</kind>
         <file>driverlib.a</file>
         <name>prcm.obj</name>
      </input_file>
      <input_file id="fl-157">
         <path>C:\ti\CC3200SDK\cc3200-sdk\example\BREWise_2\ccs\..\..\..\driverlib\ccs\Release\</path>
         <kind>archive</kind>
         <file>driverlib.a</file>
         <name>uart.obj</name>
      </input_file>
      <input_file id="fl-158">
         <path>C:\ti\CC3200SDK\cc3200-sdk\example\BREWise_2\ccs\..\..\..\driverlib\ccs\Release\</path>
         <kind>archive</kind>
         <file>driverlib.a</file>
         <name>utils.obj</name>
      </input_file>
      <input_file id="fl-159">
         <path>C:\ti\CC3200SDK\cc3200-sdk\example\BREWise_2\ccs\..\..\..\driverlib\ccs\Release\</path>
         <kind>archive</kind>
         <file>driverlib.a</file>
         <name>cpu.obj</name>
      </input_file>
      <input_file id="fl-15a">
         <path>C:\ti\CC3200SDK\cc3200-sdk\example\BREWise_2\ccs\..\..\..\driverlib\ccs\Release\</path>
         <kind>archive</kind>
         <file>driverlib.a</file>
         <name>flash.obj</name>
      </input_file>
      <input_file id="fl-15b">
         <path>C:\ti\CC3200SDK\cc3200-sdk\example\BREWise_2\ccs\..\..\..\simplelink\ccs\NON_OS\</path>
         <kind>archive</kind>
         <file>simplelink.a</file>
         <name>wlan.obj</name>
      </input_file>
      <input_file id="fl-15c">
         <path>C:\ti\CC3200SDK\cc3200-sdk\example\BREWise_2\ccs\..\..\..\simplelink\ccs\NON_OS\</path>
         <kind>archive</kind>
         <file>simplelink.a</file>
         <name>nonos.obj</name>
      </input_file>
      <input_file id="fl-15d">
         <path>C:\ti\CC3200SDK\cc3200-sdk\example\BREWise_2\ccs\..\..\..\simplelink\ccs\NON_OS\</path>
         <kind>archive</kind>
         <file>simplelink.a</file>
         <name>netcfg.obj</name>
      </input_file>
      <input_file id="fl-15e">
         <path>C:\ti\CC3200SDK\cc3200-sdk\example\BREWise_2\ccs\..\..\..\simplelink\ccs\NON_OS\</path>
         <kind>archive</kind>
         <file>simplelink.a</file>
         <name>driver.obj</name>
      </input_file>
      <input_file id="fl-15f">
         <path>C:\ti\CC3200SDK\cc3200-sdk\example\BREWise_2\ccs\..\..\..\simplelink\ccs\NON_OS\</path>
         <kind>archive</kind>
         <file>simplelink.a</file>
         <name>device.obj</name>
      </input_file>
      <input_file id="fl-160">
         <path>C:\ti\CC3200SDK\cc3200-sdk\example\BREWise_2\ccs\..\..\..\simplelink\ccs\NON_OS\</path>
         <kind>archive</kind>
         <file>simplelink.a</file>
         <name>cc_pal.obj</name>
      </input_file>
      <input_file id="fl-161">
         <path>C:\ti\CC3200SDK\cc3200-sdk\example\BREWise_2\ccs\..\..\..\simplelink\ccs\NON_OS\</path>
         <kind>archive</kind>
         <file>simplelink.a</file>
         <name>socket.obj</name>
      </input_file>
      <input_file id="fl-162">
         <path>C:\ti\CC3200SDK\cc3200-sdk\example\BREWise_2\ccs\..\..\..\simplelink\ccs\NON_OS\</path>
         <kind>archive</kind>
         <file>simplelink.a</file>
         <name>netapp.obj</name>
      </input_file>
      <input_file id="fl-163">
         <path>C:\ti\CC3200SDK\cc3200-sdk\example\BREWise_2\ccs\..\..\..\simplelink\ccs\NON_OS\</path>
         <kind>archive</kind>
         <file>simplelink.a</file>
         <name>flowcont.obj</name>
      </input_file>
      <input_file id="fl-164">
         <path>c:\ti\ccsv6\tools\compiler\arm_5.1.6\lib\</path>
         <kind>archive</kind>
         <file>rtsv7M4_T_le_eabi.lib</file>
         <name>ll_lsr_t2.obj</name>
      </input_file>
      <input_file id="fl-165">
         <path>C:\ti\CC3200SDK\cc3200-sdk\example\BREWise_2\ccs\..\..\..\driverlib\ccs\Release\</path>
         <kind>archive</kind>
         <file>driverlib.a</file>
         <name>spi.obj</name>
      </input_file>
      <input_file id="fl-166">
         <path>C:\ti\CC3200SDK\cc3200-sdk\example\BREWise_2\ccs\..\..\..\driverlib\ccs\Release\</path>
         <kind>archive</kind>
         <file>driverlib.a</file>
         <name>udma.obj</name>
      </input_file>
   </input_file_list>
   <object_component_list>
      <object_component id="oc-e">
         <name>.intvecs</name>
         <load_address>0x20004000</load_address>
         <run_address>0x20004000</run_address>
         <size>0x400</size>
         <input_file_ref idref="fl-5"/>
      </object_component>
      <object_component id="oc-16a">
         <name>.text</name>
         <load_address>0x20004400</load_address>
         <run_address>0x20004400</run_address>
         <size>0x126c</size>
         <input_file_ref idref="fl-15e"/>
      </object_component>
      <object_component id="oc-1f1">
         <name>.text</name>
         <load_address>0x2000566c</load_address>
         <run_address>0x2000566c</run_address>
         <size>0xec0</size>
         <input_file_ref idref="fl-140"/>
      </object_component>
      <object_component id="oc-e8">
         <name>.text</name>
         <load_address>0x2000652c</load_address>
         <run_address>0x2000652c</run_address>
         <size>0x98c</size>
         <input_file_ref idref="fl-156"/>
      </object_component>
      <object_component id="oc-2e3">
         <name>.text</name>
         <load_address>0x20006eb8</load_address>
         <run_address>0x20006eb8</run_address>
         <size>0x960</size>
         <input_file_ref idref="fl-161"/>
      </object_component>
      <object_component id="oc-7d">
         <name>.text</name>
         <load_address>0x20007818</load_address>
         <run_address>0x20007818</run_address>
         <size>0x900</size>
         <input_file_ref idref="fl-3"/>
      </object_component>
      <object_component id="oc-d0">
         <name>.text</name>
         <load_address>0x20008118</load_address>
         <run_address>0x20008118</run_address>
         <size>0x7a4</size>
         <input_file_ref idref="fl-15b"/>
      </object_component>
      <object_component id="oc-22a">
         <name>.text</name>
         <load_address>0x200088bc</load_address>
         <run_address>0x200088bc</run_address>
         <size>0x79c</size>
         <input_file_ref idref="fl-165"/>
      </object_component>
      <object_component id="oc-214">
         <name>.text</name>
         <load_address>0x20009058</load_address>
         <run_address>0x20009058</run_address>
         <size>0x748</size>
         <input_file_ref idref="fl-162"/>
      </object_component>
      <object_component id="oc-170">
         <name>.text</name>
         <load_address>0x200097a0</load_address>
         <run_address>0x200097a0</run_address>
         <size>0x514</size>
         <input_file_ref idref="fl-160"/>
      </object_component>
      <object_component id="oc-230">
         <name>.text</name>
         <load_address>0x20009cb4</load_address>
         <run_address>0x20009cb4</run_address>
         <size>0x4a4</size>
         <input_file_ref idref="fl-166"/>
      </object_component>
      <object_component id="oc-120">
         <name>.text</name>
         <load_address>0x2000a158</load_address>
         <run_address>0x2000a158</run_address>
         <size>0x48c</size>
         <input_file_ref idref="fl-157"/>
      </object_component>
      <object_component id="oc-12c">
         <name>.text</name>
         <load_address>0x2000a5e4</load_address>
         <run_address>0x2000a5e4</run_address>
         <size>0x3cc</size>
         <input_file_ref idref="fl-13b"/>
      </object_component>
      <object_component id="oc-ca">
         <name>.text</name>
         <load_address>0x2000a9b0</load_address>
         <run_address>0x2000a9b0</run_address>
         <size>0x3b4</size>
         <input_file_ref idref="fl-15f"/>
      </object_component>
      <object_component id="oc-e2">
         <name>.text</name>
         <load_address>0x2000ad64</load_address>
         <run_address>0x2000ad64</run_address>
         <size>0x370</size>
         <input_file_ref idref="fl-154"/>
      </object_component>
      <object_component id="oc-f1">
         <name>.text</name>
         <load_address>0x2000b0d4</load_address>
         <run_address>0x2000b0d4</run_address>
         <size>0x354</size>
         <input_file_ref idref="fl-2"/>
      </object_component>
      <object_component id="oc-1d3">
         <name>.text</name>
         <load_address>0x2000b428</load_address>
         <run_address>0x2000b428</run_address>
         <size>0x334</size>
         <input_file_ref idref="fl-153"/>
      </object_component>
      <object_component id="oc-1c6">
         <name>.text</name>
         <load_address>0x2000b75c</load_address>
         <run_address>0x2000b75c</run_address>
         <size>0x300</size>
         <input_file_ref idref="fl-15a"/>
      </object_component>
      <object_component id="oc-1e2">
         <name>.text</name>
         <load_address>0x2000ba5c</load_address>
         <run_address>0x2000ba5c</run_address>
         <size>0x284</size>
         <input_file_ref idref="fl-155"/>
      </object_component>
      <object_component id="oc-1bc">
         <name>.text</name>
         <load_address>0x2000bce0</load_address>
         <run_address>0x2000bce0</run_address>
         <size>0x1f4</size>
         <input_file_ref idref="fl-150"/>
      </object_component>
      <object_component id="oc-b0">
         <name>.text</name>
         <load_address>0x2000bed4</load_address>
         <run_address>0x2000bed4</run_address>
         <size>0x1d4</size>
         <input_file_ref idref="fl-6"/>
      </object_component>
      <object_component id="oc-2bc">
         <name>.text</name>
         <load_address>0x2000c0a8</load_address>
         <run_address>0x2000c0a8</run_address>
         <size>0x1b6</size>
         <input_file_ref idref="fl-146"/>
      </object_component>
      <object_component id="oc-2a2">
         <name>.text</name>
         <load_address>0x2000c25e</load_address>
         <run_address>0x2000c25e</run_address>
         <size>0x136</size>
         <input_file_ref idref="fl-148"/>
      </object_component>
      <object_component id="oc-29d">
         <name>.text</name>
         <load_address>0x2000c394</load_address>
         <run_address>0x2000c394</run_address>
         <size>0xfc</size>
         <input_file_ref idref="fl-149"/>
      </object_component>
      <object_component id="oc-dc">
         <name>.text</name>
         <load_address>0x2000c490</load_address>
         <run_address>0x2000c490</run_address>
         <size>0xb4</size>
         <input_file_ref idref="fl-15d"/>
      </object_component>
      <object_component id="oc-4a">
         <name>.text</name>
         <load_address>0x2000c544</load_address>
         <run_address>0x2000c544</run_address>
         <size>0x9c</size>
         <input_file_ref idref="fl-13a"/>
      </object_component>
      <object_component id="oc-35">
         <name>.text</name>
         <load_address>0x2000c5e0</load_address>
         <run_address>0x2000c5e0</run_address>
         <size>0x94</size>
         <input_file_ref idref="fl-143"/>
      </object_component>
      <object_component id="oc-d6">
         <name>.text</name>
         <load_address>0x2000c674</load_address>
         <run_address>0x2000c674</run_address>
         <size>0x94</size>
         <input_file_ref idref="fl-15c"/>
      </object_component>
      <object_component id="oc-126">
         <name>.text</name>
         <load_address>0x2000c708</load_address>
         <run_address>0x2000c708</run_address>
         <size>0x88</size>
         <input_file_ref idref="fl-13e"/>
      </object_component>
      <object_component id="oc-298">
         <name>.text:__aeabi_cdcmple</name>
         <load_address>0x2000c790</load_address>
         <run_address>0x2000c790</run_address>
         <size>0x86</size>
         <input_file_ref idref="fl-147"/>
      </object_component>
      <object_component id="oc-2a7">
         <name>.text:__aeabi_cdrcmple</name>
         <load_address>0x2000c816</load_address>
         <run_address>0x2000c816</run_address>
         <size>0x86</size>
         <input_file_ref idref="fl-147"/>
      </object_component>
      <object_component id="oc-b6">
         <name>.text</name>
         <load_address>0x2000c89c</load_address>
         <run_address>0x2000c89c</run_address>
         <size>0x78</size>
         <input_file_ref idref="fl-13c"/>
      </object_component>
      <object_component id="oc-1ae">
         <name>.text</name>
         <load_address>0x2000c914</load_address>
         <run_address>0x2000c914</run_address>
         <size>0x5e</size>
         <input_file_ref idref="fl-159"/>
      </object_component>
      <object_component id="oc-5d">
         <name>.text</name>
         <load_address>0x2000c972</load_address>
         <run_address>0x2000c972</run_address>
         <size>0x5e</size>
         <input_file_ref idref="fl-137"/>
      </object_component>
      <object_component id="oc-2b1">
         <name>.text</name>
         <load_address>0x2000c9d0</load_address>
         <run_address>0x2000c9d0</run_address>
         <size>0x5a</size>
         <input_file_ref idref="fl-14d"/>
      </object_component>
      <object_component id="oc-21d">
         <name>.text</name>
         <load_address>0x2000ca2c</load_address>
         <run_address>0x2000ca2c</run_address>
         <size>0x58</size>
         <input_file_ref idref="fl-163"/>
      </object_component>
      <object_component id="oc-2cd">
         <name>.text</name>
         <load_address>0x2000ca84</load_address>
         <run_address>0x2000ca84</run_address>
         <size>0x4c</size>
         <input_file_ref idref="fl-142"/>
      </object_component>
      <object_component id="oc-2ac">
         <name>.text</name>
         <load_address>0x2000cad0</load_address>
         <run_address>0x2000cad0</run_address>
         <size>0x48</size>
         <input_file_ref idref="fl-14a"/>
      </object_component>
      <object_component id="oc-76">
         <name>.text</name>
         <load_address>0x2000cb18</load_address>
         <run_address>0x2000cb18</run_address>
         <size>0x44</size>
         <input_file_ref idref="fl-144"/>
      </object_component>
      <object_component id="oc-40">
         <name>.text</name>
         <load_address>0x2000cb5c</load_address>
         <run_address>0x2000cb5c</run_address>
         <size>0x44</size>
         <input_file_ref idref="fl-139"/>
      </object_component>
      <object_component id="oc-324">
         <name>.text</name>
         <load_address>0x2000cba0</load_address>
         <run_address>0x2000cba0</run_address>
         <size>0x44</size>
         <input_file_ref idref="fl-152"/>
      </object_component>
      <object_component id="oc-f8">
         <name>.text</name>
         <load_address>0x2000cbe4</load_address>
         <run_address>0x2000cbe4</run_address>
         <size>0x3c</size>
         <input_file_ref idref="fl-4"/>
      </object_component>
      <object_component id="oc-11">
         <name>.text</name>
         <load_address>0x2000cc20</load_address>
         <run_address>0x2000cc20</run_address>
         <size>0x34</size>
         <input_file_ref idref="fl-135"/>
      </object_component>
      <object_component id="oc-2b7">
         <name>.text</name>
         <load_address>0x2000cc54</load_address>
         <run_address>0x2000cc54</run_address>
         <size>0x2e</size>
         <input_file_ref idref="fl-14b"/>
      </object_component>
      <object_component id="oc-1c1">
         <name>.text</name>
         <load_address>0x2000cc82</load_address>
         <run_address>0x2000cc82</run_address>
         <size>0x1e</size>
         <input_file_ref idref="fl-164"/>
      </object_component>
      <object_component id="oc-2c7">
         <name>.text</name>
         <load_address>0x2000cca0</load_address>
         <run_address>0x2000cca0</run_address>
         <size>0x1c</size>
         <input_file_ref idref="fl-14e"/>
      </object_component>
      <object_component id="oc-3a">
         <name>.text</name>
         <load_address>0x2000ccbc</load_address>
         <run_address>0x2000ccbc</run_address>
         <size>0x18</size>
         <input_file_ref idref="fl-141"/>
      </object_component>
      <object_component id="oc-28d">
         <name>.text</name>
         <load_address>0x2000ccd4</load_address>
         <run_address>0x2000ccd4</run_address>
         <size>0x18</size>
         <input_file_ref idref="fl-14c"/>
      </object_component>
      <object_component id="oc-10b">
         <name>.text</name>
         <load_address>0x2000ccec</load_address>
         <run_address>0x2000ccec</run_address>
         <size>0x14</size>
         <input_file_ref idref="fl-13f"/>
      </object_component>
      <object_component id="oc-292">
         <name>.text</name>
         <load_address>0x2000cd00</load_address>
         <run_address>0x2000cd00</run_address>
         <size>0x14</size>
         <input_file_ref idref="fl-14f"/>
      </object_component>
      <object_component id="oc-1c">
         <name>.text:decompress:ZI</name>
         <load_address>0x2000cd14</load_address>
         <run_address>0x2000cd14</run_address>
         <size>0x12</size>
         <input_file_ref idref="fl-138"/>
      </object_component>
      <object_component id="oc-16">
         <name>.text:decompress:none</name>
         <load_address>0x2000cd26</load_address>
         <run_address>0x2000cd26</run_address>
         <size>0xe</size>
         <input_file_ref idref="fl-136"/>
      </object_component>
      <object_component id="oc-2c1">
         <name>.text</name>
         <load_address>0x2000cd34</load_address>
         <run_address>0x2000cd34</run_address>
         <size>0xe</size>
         <input_file_ref idref="fl-151"/>
      </object_component>
      <object_component id="oc-2c">
         <name>.text</name>
         <load_address>0x2000cd42</load_address>
         <run_address>0x2000cd42</run_address>
         <size>0xe</size>
         <input_file_ref idref="fl-5"/>
      </object_component>
      <object_component id="oc-f7">
         <name>.text:UtilsDelay</name>
         <load_address>0x2000cd50</load_address>
         <run_address>0x2000cd50</run_address>
         <size>0x6</size>
         <input_file_ref idref="fl-158"/>
      </object_component>
      <object_component id="oc-22">
         <name>.text:decompress:rle24</name>
         <load_address>0x2000cd56</load_address>
         <run_address>0x2000cd56</run_address>
         <size>0x6</size>
         <input_file_ref idref="fl-137"/>
      </object_component>
      <object_component id="oc-32d">
         <name>.const:.string:_ctypes_</name>
         <load_address>0x2000cd5c</load_address>
         <run_address>0x2000cd5c</run_address>
         <size>0x102</size>
         <input_file_ref idref="fl-145"/>
      </object_component>
      <object_component id="oc-284">
         <name>.const:g_ulPinToPadMap</name>
         <load_address>0x2000ce60</load_address>
         <run_address>0x2000ce60</run_address>
         <size>0x100</size>
         <input_file_ref idref="fl-155"/>
      </object_component>
      <object_component id="oc-1b7">
         <name>.const:g_pulRegs</name>
         <load_address>0x2000cf60</load_address>
         <run_address>0x2000cf60</run_address>
         <size>0xd4</size>
         <input_file_ref idref="fl-154"/>
      </object_component>
      <object_component id="oc-190">
         <name>.const:$P$T0$1</name>
         <load_address>0x2000d034</load_address>
         <run_address>0x2000d034</run_address>
         <size>0xb0</size>
         <input_file_ref idref="fl-15b"/>
      </object_component>
      <object_component id="oc-1cc">
         <name>.const:PRCM_PeriphRegsList</name>
         <load_address>0x2000d0e4</load_address>
         <run_address>0x2000d0e4</run_address>
         <size>0xa0</size>
         <input_file_ref idref="fl-156"/>
      </object_component>
      <object_component id="oc-1b4">
         <name>.const</name>
         <load_address>0x2000d184</load_address>
         <run_address>0x2000d184</run_address>
         <size>0x80</size>
         <input_file_ref idref="fl-154"/>
      </object_component>
      <object_component id="oc-26b">
         <name>.const:g_pulFMPPERegs</name>
         <load_address>0x2000d204</load_address>
         <run_address>0x2000d204</run_address>
         <size>0x40</size>
         <input_file_ref idref="fl-15a"/>
      </object_component>
      <object_component id="oc-268">
         <name>.const:g_pulFMPRERegs</name>
         <load_address>0x2000d244</load_address>
         <run_address>0x2000d244</run_address>
         <size>0x40</size>
         <input_file_ref idref="fl-15a"/>
      </object_component>
      <object_component id="oc-18d">
         <name>.const</name>
         <load_address>0x2000d284</load_address>
         <run_address>0x2000d284</run_address>
         <size>0x3c</size>
         <input_file_ref idref="fl-15b"/>
      </object_component>
      <object_component id="oc-20e">
         <name>.const:_SlActionLookupTable</name>
         <load_address>0x2000d2c0</load_address>
         <run_address>0x2000d2c0</run_address>
         <size>0x38</size>
         <input_file_ref idref="fl-15e"/>
      </object_component>
      <object_component id="oc-339">
         <name>.const</name>
         <load_address>0x2000d2f8</load_address>
         <run_address>0x2000d2f8</run_address>
         <size>0x34</size>
         <input_file_ref idref="fl-161"/>
      </object_component>
      <object_component id="oc-ee">
         <name>.const:$P$T0$1</name>
         <load_address>0x2000d32c</load_address>
         <run_address>0x2000d32c</run_address>
         <size>0x2c</size>
         <input_file_ref idref="fl-3"/>
      </object_component>
      <object_component id="oc-2ed">
         <name>.const</name>
         <load_address>0x2000d358</load_address>
         <run_address>0x2000d358</run_address>
         <size>0x28</size>
         <input_file_ref idref="fl-162"/>
      </object_component>
      <object_component id="oc-2fc">
         <name>.const:g_ppulSPIIntMap</name>
         <load_address>0x2000d380</load_address>
         <run_address>0x2000d380</run_address>
         <size>0x24</size>
         <input_file_ref idref="fl-165"/>
      </object_component>
      <object_component id="oc-2ff">
         <name>.const</name>
         <load_address>0x2000d3a4</load_address>
         <run_address>0x2000d3a4</run_address>
         <size>0x18</size>
         <input_file_ref idref="fl-165"/>
      </object_component>
      <object_component id="oc-179">
         <name>.const</name>
         <load_address>0x2000d3bc</load_address>
         <run_address>0x2000d3bc</run_address>
         <size>0x14</size>
         <input_file_ref idref="fl-15f"/>
      </object_component>
      <object_component id="oc-211">
         <name>.const</name>
         <load_address>0x2000d3d0</load_address>
         <run_address>0x2000d3d0</run_address>
         <size>0x14</size>
         <input_file_ref idref="fl-15e"/>
      </object_component>
      <object_component id="oc-1ec">
         <name>.const</name>
         <load_address>0x2000d3e4</load_address>
         <run_address>0x2000d3e4</run_address>
         <size>0x10</size>
         <input_file_ref idref="fl-157"/>
      </object_component>
      <object_component id="oc-1a4">
         <name>.const</name>
         <load_address>0x2000d3f4</load_address>
         <run_address>0x2000d3f4</run_address>
         <size>0x8</size>
         <input_file_ref idref="fl-15d"/>
      </object_component>
      <object_component id="oc-387">
         <name>.cinit..data.load</name>
         <load_address>0x2000d400</load_address>
         <run_address>0x2000d400</run_address>
         <size>0x35</size>
      </object_component>
      <object_component id="oc-385">
         <name>__TI_handler_table</name>
         <load_address>0x2000d438</load_address>
         <run_address>0x2000d438</run_address>
         <size>0xc</size>
      </object_component>
      <object_component id="oc-388">
         <name>.cinit..bss.load</name>
         <load_address>0x2000d448</load_address>
         <run_address>0x2000d448</run_address>
         <size>0x8</size>
      </object_component>
      <object_component id="oc-386">
         <name>__TI_cinit_table</name>
         <load_address>0x2000d450</load_address>
         <run_address>0x2000d450</run_address>
         <size>0x10</size>
      </object_component>
      <object_component id="oc-46">
         <name>.data</name>
         <load_address>0x20017a68</load_address>
         <run_address>0x20017a68</run_address>
         <size>0x4</size>
         <input_file_ref idref="fl-13d"/>
      </object_component>
      <object_component id="oc-85">
         <name>.data</name>
         <load_address>0x20017a50</load_address>
         <run_address>0x20017a50</run_address>
         <size>0x8</size>
         <input_file_ref idref="fl-13f"/>
      </object_component>
      <object_component id="oc-88">
         <name>.data</name>
         <load_address>0x20017a58</load_address>
         <run_address>0x20017a58</run_address>
         <size>0x8</size>
         <input_file_ref idref="fl-139"/>
      </object_component>
      <object_component id="oc-bb">
         <name>.data</name>
         <load_address>0x20017a48</load_address>
         <run_address>0x20017a48</run_address>
         <size>0x8</size>
         <input_file_ref idref="fl-3"/>
      </object_component>
      <object_component id="oc-176">
         <name>.data</name>
         <load_address>0x20017a60</load_address>
         <run_address>0x20017a60</run_address>
         <size>0x8</size>
         <input_file_ref idref="fl-15e"/>
      </object_component>
      <object_component id="oc-1d9">
         <name>.data</name>
         <load_address>0x20017a10</load_address>
         <run_address>0x20017a10</run_address>
         <size>0x1c</size>
         <input_file_ref idref="fl-2"/>
      </object_component>
      <object_component id="oc-203">
         <name>.data</name>
         <load_address>0x20017a3c</load_address>
         <run_address>0x20017a3c</run_address>
         <size>0xc</size>
         <input_file_ref idref="fl-13b"/>
      </object_component>
      <object_component id="oc-239">
         <name>.data</name>
         <load_address>0x20017a2c</load_address>
         <run_address>0x20017a2c</run_address>
         <size>0x10</size>
         <input_file_ref idref="fl-160"/>
      </object_component>
      <object_component id="oc-be">
         <name>.bss:g_ucConnectionSSID</name>
         <uninitialized>true</uninitialized>
         <run_address>0x200179dc</run_address>
         <size>0x24</size>
         <input_file_ref idref="fl-3"/>
      </object_component>
      <object_component id="oc-19a">
         <name>.bss:g__SlNonOsCB</name>
         <uninitialized>true</uninitialized>
         <run_address>0x200179b4</run_address>
         <size>0x28</size>
         <input_file_ref idref="fl-15c"/>
      </object_component>
      <object_component id="oc-21a">
         <name>.bss:g_StatMem</name>
         <uninitialized>true</uninitialized>
         <run_address>0x20017800</run_address>
         <size>0x164</size>
         <input_file_ref idref="fl-15e"/>
      </object_component>
      <object_component id="oc-236">
         <name>.bss:g_ucDinDout</name>
         <uninitialized>true</uninitialized>
         <run_address>0x20017964</run_address>
         <size>0x50</size>
         <input_file_ref idref="fl-160"/>
      </object_component>
      <object_component id="oc-1dc">
         <name>.common:g_ucLED1Pin</name>
         <uninitialized>true</uninitialized>
         <run_address>0x20017a0d</run_address>
         <size>0x1</size>
      </object_component>
      <object_component id="oc-1df">
         <name>.common:g_ucLED2Pin</name>
         <uninitialized>true</uninitialized>
         <run_address>0x20017a0e</run_address>
         <size>0x1</size>
      </object_component>
      <object_component id="oc-1e0">
         <name>.common:g_ucLED3Pin</name>
         <uninitialized>true</uninitialized>
         <run_address>0x20017a0f</run_address>
         <size>0x1</size>
      </object_component>
      <object_component id="oc-c9">
         <name>.common:g_ucConnectionBSSID</name>
         <uninitialized>true</uninitialized>
         <run_address>0x20017a00</run_address>
         <size>0x8</size>
      </object_component>
      <object_component id="oc-132">
         <name>.common:__Errorlog</name>
         <uninitialized>true</uninitialized>
         <run_address>0x20017a08</run_address>
         <size>0x4</size>
      </object_component>
      <object_component id="oc-23f">
         <name>.common:g_cDummy</name>
         <uninitialized>true</uninitialized>
         <run_address>0x20017a0c</run_address>
         <size>0x1</size>
      </object_component>
      <object_component id="oc-29">
         <name>.sysmem</name>
         <uninitialized>true</uninitialized>
         <run_address>0x20017000</run_address>
         <size>0x8</size>
         <input_file_ref idref="fl-13b"/>
      </object_component>
      <object_component id="oc-38a">
         <name>.sysmem</name>
         <uninitialized>true</uninitialized>
         <run_address>0x20017000</run_address>
         <size>0x0</size>
      </object_component>
      <object_component id="oc-28">
         <name>.stack</name>
         <uninitialized>true</uninitialized>
         <run_address>0x2002f800</run_address>
         <size>0x0</size>
         <input_file_ref idref="fl-135"/>
      </object_component>
      <object_component id="oc-389">
         <name>.stack</name>
         <uninitialized>true</uninitialized>
         <run_address>0x2002f800</run_address>
         <size>0x0</size>
      </object_component>
      <object_component id="oc-f">
         <name>.debug_info</name>
         <load_address>0x0</load_address>
         <run_address>0x0</run_address>
         <size>0x106</size>
         <input_file_ref idref="fl-5"/>
      </object_component>
      <object_component id="oc-14">
         <name>.debug_info</name>
         <load_address>0x106</load_address>
         <run_address>0x106</run_address>
         <size>0x10a</size>
         <input_file_ref idref="fl-135"/>
      </object_component>
      <object_component id="oc-17">
         <name>.debug_info</name>
         <load_address>0x210</load_address>
         <run_address>0x210</run_address>
         <size>0x1ab</size>
         <input_file_ref idref="fl-136"/>
      </object_component>
      <object_component id="oc-1f">
         <name>.debug_info</name>
         <load_address>0x3bb</load_address>
         <run_address>0x3bb</run_address>
         <size>0x181</size>
         <input_file_ref idref="fl-138"/>
      </object_component>
      <object_component id="oc-23">
         <name>.debug_info</name>
         <load_address>0x53c</load_address>
         <run_address>0x53c</run_address>
         <size>0x1a5</size>
         <input_file_ref idref="fl-137"/>
      </object_component>
      <object_component id="oc-2a">
         <name>.debug_info</name>
         <load_address>0x6e1</load_address>
         <run_address>0x6e1</run_address>
         <size>0xcd</size>
         <input_file_ref idref="fl-13b"/>
      </object_component>
      <object_component id="oc-2d">
         <name>.debug_info</name>
         <load_address>0x7ae</load_address>
         <run_address>0x7ae</run_address>
         <size>0x3eb</size>
         <input_file_ref idref="fl-5"/>
      </object_component>
      <object_component id="oc-34">
         <name>.debug_info</name>
         <load_address>0xb99</load_address>
         <run_address>0xb99</run_address>
         <size>0x121</size>
         <input_file_ref idref="fl-5"/>
      </object_component>
      <object_component id="oc-37">
         <name>.debug_info</name>
         <load_address>0xcba</load_address>
         <run_address>0xcba</run_address>
         <size>0x154</size>
         <input_file_ref idref="fl-143"/>
      </object_component>
      <object_component id="oc-3b">
         <name>.debug_info</name>
         <load_address>0xe0e</load_address>
         <run_address>0xe0e</run_address>
         <size>0x133</size>
         <input_file_ref idref="fl-141"/>
      </object_component>
      <object_component id="oc-42">
         <name>.debug_info</name>
         <load_address>0xf41</load_address>
         <run_address>0xf41</run_address>
         <size>0x1d9</size>
         <input_file_ref idref="fl-139"/>
      </object_component>
      <object_component id="oc-47">
         <name>.debug_info</name>
         <load_address>0x111a</load_address>
         <run_address>0x111a</run_address>
         <size>0xd5</size>
         <input_file_ref idref="fl-13d"/>
      </object_component>
      <object_component id="oc-4c">
         <name>.debug_info</name>
         <load_address>0x11ef</load_address>
         <run_address>0x11ef</run_address>
         <size>0xe3</size>
         <input_file_ref idref="fl-13a"/>
      </object_component>
      <object_component id="oc-50">
         <name>.debug_info</name>
         <load_address>0x12d2</load_address>
         <run_address>0x12d2</run_address>
         <size>0x46</size>
         <input_file_ref idref="fl-136"/>
      </object_component>
      <object_component id="oc-55">
         <name>.debug_info</name>
         <load_address>0x1318</load_address>
         <run_address>0x1318</run_address>
         <size>0x109</size>
         <input_file_ref idref="fl-136"/>
      </object_component>
      <object_component id="oc-57">
         <name>.debug_info</name>
         <load_address>0x1421</load_address>
         <run_address>0x1421</run_address>
         <size>0x46</size>
         <input_file_ref idref="fl-138"/>
      </object_component>
      <object_component id="oc-5c">
         <name>.debug_info</name>
         <load_address>0x1467</load_address>
         <run_address>0x1467</run_address>
         <size>0xc4</size>
         <input_file_ref idref="fl-138"/>
      </object_component>
      <object_component id="oc-60">
         <name>.debug_info</name>
         <load_address>0x152b</load_address>
         <run_address>0x152b</run_address>
         <size>0x206</size>
         <input_file_ref idref="fl-137"/>
      </object_component>
      <object_component id="oc-64">
         <name>.debug_info</name>
         <load_address>0x1731</load_address>
         <run_address>0x1731</run_address>
         <size>0xce</size>
         <input_file_ref idref="fl-137"/>
      </object_component>
      <object_component id="oc-65">
         <name>.debug_info</name>
         <load_address>0x17ff</load_address>
         <run_address>0x17ff</run_address>
         <size>0x39</size>
         <input_file_ref idref="fl-137"/>
      </object_component>
      <object_component id="oc-6c">
         <name>.debug_info</name>
         <load_address>0x1838</load_address>
         <run_address>0x1838</run_address>
         <size>0x1ee</size>
         <input_file_ref idref="fl-13b"/>
      </object_component>
      <object_component id="oc-71">
         <name>.debug_info</name>
         <load_address>0x1a26</load_address>
         <run_address>0x1a26</run_address>
         <size>0x84</size>
         <input_file_ref idref="fl-2"/>
      </object_component>
      <object_component id="oc-78">
         <name>.debug_info</name>
         <load_address>0x1aaa</load_address>
         <run_address>0x1aaa</run_address>
         <size>0x162</size>
         <input_file_ref idref="fl-144"/>
      </object_component>
      <object_component id="oc-7e">
         <name>.debug_info</name>
         <load_address>0x1c0c</load_address>
         <run_address>0x1c0c</run_address>
         <size>0xed7</size>
         <input_file_ref idref="fl-3"/>
      </object_component>
      <object_component id="oc-84">
         <name>.debug_info</name>
         <load_address>0x2ae3</load_address>
         <run_address>0x2ae3</run_address>
         <size>0x132</size>
         <input_file_ref idref="fl-141"/>
      </object_component>
      <object_component id="oc-86">
         <name>.debug_info</name>
         <load_address>0x2c15</load_address>
         <run_address>0x2c15</run_address>
         <size>0xdf</size>
         <input_file_ref idref="fl-13f"/>
      </object_component>
      <object_component id="oc-89">
         <name>.debug_info</name>
         <load_address>0x2cf4</load_address>
         <run_address>0x2cf4</run_address>
         <size>0x102</size>
         <input_file_ref idref="fl-139"/>
      </object_component>
      <object_component id="oc-8c">
         <name>.debug_info</name>
         <load_address>0x2df6</load_address>
         <run_address>0x2df6</run_address>
         <size>0x15d</size>
         <input_file_ref idref="fl-139"/>
      </object_component>
      <object_component id="oc-91">
         <name>.debug_info</name>
         <load_address>0x2f53</load_address>
         <run_address>0x2f53</run_address>
         <size>0x2c</size>
         <input_file_ref idref="fl-136"/>
      </object_component>
      <object_component id="oc-98">
         <name>.debug_info</name>
         <load_address>0x2f7f</load_address>
         <run_address>0x2f7f</run_address>
         <size>0x2c</size>
         <input_file_ref idref="fl-138"/>
      </object_component>
      <object_component id="oc-a4">
         <name>.debug_info</name>
         <load_address>0x2fab</load_address>
         <run_address>0x2fab</run_address>
         <size>0x2c</size>
         <input_file_ref idref="fl-13b"/>
      </object_component>
      <object_component id="oc-a9">
         <name>.debug_info</name>
         <load_address>0x2fd7</load_address>
         <run_address>0x2fd7</run_address>
         <size>0x62</size>
         <input_file_ref idref="fl-13b"/>
      </object_component>
      <object_component id="oc-af">
         <name>.debug_info</name>
         <load_address>0x3039</load_address>
         <run_address>0x3039</run_address>
         <size>0x15f</size>
         <input_file_ref idref="fl-144"/>
      </object_component>
      <object_component id="oc-b1">
         <name>.debug_info</name>
         <load_address>0x3198</load_address>
         <run_address>0x3198</run_address>
         <size>0x6ee</size>
         <input_file_ref idref="fl-6"/>
      </object_component>
      <object_component id="oc-b7">
         <name>.debug_info</name>
         <load_address>0x3886</load_address>
         <run_address>0x3886</run_address>
         <size>0x113</size>
         <input_file_ref idref="fl-13c"/>
      </object_component>
      <object_component id="oc-bc">
         <name>.debug_info</name>
         <load_address>0x3999</load_address>
         <run_address>0x3999</run_address>
         <size>0x129</size>
         <input_file_ref idref="fl-3"/>
      </object_component>
      <object_component id="oc-bf">
         <name>.debug_info</name>
         <load_address>0x3ac2</load_address>
         <run_address>0x3ac2</run_address>
         <size>0x10e</size>
         <input_file_ref idref="fl-3"/>
      </object_component>
      <object_component id="oc-c2">
         <name>.debug_info</name>
         <load_address>0x3bd0</load_address>
         <run_address>0x3bd0</run_address>
         <size>0x8aa</size>
         <input_file_ref idref="fl-3"/>
      </object_component>
      <object_component id="oc-cd">
         <name>.debug_info</name>
         <load_address>0x447a</load_address>
         <run_address>0x447a</run_address>
         <size>0x1073</size>
         <input_file_ref idref="fl-15f"/>
      </object_component>
      <object_component id="oc-d1">
         <name>.debug_info</name>
         <load_address>0x54ed</load_address>
         <run_address>0x54ed</run_address>
         <size>0x1cd2</size>
         <input_file_ref idref="fl-15b"/>
      </object_component>
      <object_component id="oc-d7">
         <name>.debug_info</name>
         <load_address>0x71bf</load_address>
         <run_address>0x71bf</run_address>
         <size>0x501</size>
         <input_file_ref idref="fl-15c"/>
      </object_component>
      <object_component id="oc-dd">
         <name>.debug_info</name>
         <load_address>0x76c0</load_address>
         <run_address>0x76c0</run_address>
         <size>0x40f</size>
         <input_file_ref idref="fl-15d"/>
      </object_component>
      <object_component id="oc-e3">
         <name>.debug_info</name>
         <load_address>0x7acf</load_address>
         <run_address>0x7acf</run_address>
         <size>0xed3</size>
         <input_file_ref idref="fl-154"/>
      </object_component>
      <object_component id="oc-e9">
         <name>.debug_info</name>
         <load_address>0x89a2</load_address>
         <run_address>0x89a2</run_address>
         <size>0x284a</size>
         <input_file_ref idref="fl-156"/>
      </object_component>
      <object_component id="oc-ef">
         <name>.debug_info</name>
         <load_address>0xb1ec</load_address>
         <run_address>0xb1ec</run_address>
         <size>0xf8</size>
         <input_file_ref idref="fl-3"/>
      </object_component>
      <object_component id="oc-f2">
         <name>.debug_info</name>
         <load_address>0xb2e4</load_address>
         <run_address>0xb2e4</run_address>
         <size>0xd65</size>
         <input_file_ref idref="fl-2"/>
      </object_component>
      <object_component id="oc-fa">
         <name>.debug_info</name>
         <load_address>0xc049</load_address>
         <run_address>0xc049</run_address>
         <size>0x20d</size>
         <input_file_ref idref="fl-4"/>
      </object_component>
      <object_component id="oc-ff">
         <name>.debug_info</name>
         <load_address>0xc256</load_address>
         <run_address>0xc256</run_address>
         <size>0x2c6</size>
         <input_file_ref idref="fl-3"/>
      </object_component>
      <object_component id="oc-106">
         <name>.debug_info</name>
         <load_address>0xc51c</load_address>
         <run_address>0xc51c</run_address>
         <size>0x5e</size>
         <input_file_ref idref="fl-141"/>
      </object_component>
      <object_component id="oc-10f">
         <name>.debug_info</name>
         <load_address>0xc57a</load_address>
         <run_address>0xc57a</run_address>
         <size>0x1eb</size>
         <input_file_ref idref="fl-13f"/>
      </object_component>
      <object_component id="oc-113">
         <name>.debug_info</name>
         <load_address>0xc765</load_address>
         <run_address>0xc765</run_address>
         <size>0xf0</size>
         <input_file_ref idref="fl-13f"/>
      </object_component>
      <object_component id="oc-11b">
         <name>.debug_info</name>
         <load_address>0xc855</load_address>
         <run_address>0xc855</run_address>
         <size>0xcd</size>
         <input_file_ref idref="fl-144"/>
      </object_component>
      <object_component id="oc-122">
         <name>.debug_info</name>
         <load_address>0xc922</load_address>
         <run_address>0xc922</run_address>
         <size>0x23d0</size>
         <input_file_ref idref="fl-157"/>
      </object_component>
      <object_component id="oc-127">
         <name>.debug_info</name>
         <load_address>0xecf2</load_address>
         <run_address>0xecf2</run_address>
         <size>0x366</size>
         <input_file_ref idref="fl-13e"/>
      </object_component>
      <object_component id="oc-12d">
         <name>.debug_info</name>
         <load_address>0xf058</load_address>
         <run_address>0xf058</run_address>
         <size>0x86c</size>
         <input_file_ref idref="fl-13b"/>
      </object_component>
      <object_component id="oc-133">
         <name>.debug_info</name>
         <load_address>0xf8c4</load_address>
         <run_address>0xf8c4</run_address>
         <size>0x2d6</size>
         <input_file_ref idref="fl-6"/>
      </object_component>
      <object_component id="oc-136">
         <name>.debug_info</name>
         <load_address>0xfb9a</load_address>
         <run_address>0xfb9a</run_address>
         <size>0x4e</size>
         <input_file_ref idref="fl-2"/>
      </object_component>
      <object_component id="oc-142">
         <name>.debug_info</name>
         <load_address>0xfbe8</load_address>
         <run_address>0xfbe8</run_address>
         <size>0x2c</size>
         <input_file_ref idref="fl-2"/>
      </object_component>
      <object_component id="oc-147">
         <name>.debug_info</name>
         <load_address>0xfc14</load_address>
         <run_address>0xfc14</run_address>
         <size>0x92b</size>
         <input_file_ref idref="fl-3"/>
      </object_component>
      <object_component id="oc-14c">
         <name>.debug_info</name>
         <load_address>0x1053f</load_address>
         <run_address>0x1053f</run_address>
         <size>0x738</size>
         <input_file_ref idref="fl-3"/>
      </object_component>
      <object_component id="oc-151">
         <name>.debug_info</name>
         <load_address>0x10c77</load_address>
         <run_address>0x10c77</run_address>
         <size>0x5e7</size>
         <input_file_ref idref="fl-3"/>
      </object_component>
      <object_component id="oc-156">
         <name>.debug_info</name>
         <load_address>0x1125e</load_address>
         <run_address>0x1125e</run_address>
         <size>0x6c4</size>
         <input_file_ref idref="fl-3"/>
      </object_component>
      <object_component id="oc-15b">
         <name>.debug_info</name>
         <load_address>0x11922</load_address>
         <run_address>0x11922</run_address>
         <size>0xef</size>
         <input_file_ref idref="fl-3"/>
      </object_component>
      <object_component id="oc-160">
         <name>.debug_info</name>
         <load_address>0x11a11</load_address>
         <run_address>0x11a11</run_address>
         <size>0x46</size>
         <input_file_ref idref="fl-3"/>
      </object_component>
      <object_component id="oc-165">
         <name>.debug_info</name>
         <load_address>0x11a57</load_address>
         <run_address>0x11a57</run_address>
         <size>0xc8</size>
         <input_file_ref idref="fl-2"/>
      </object_component>
      <object_component id="oc-16c">
         <name>.debug_info</name>
         <load_address>0x11b1f</load_address>
         <run_address>0x11b1f</run_address>
         <size>0x2355</size>
         <input_file_ref idref="fl-15e"/>
      </object_component>
      <object_component id="oc-174">
         <name>.debug_info</name>
         <load_address>0x13e74</load_address>
         <run_address>0x13e74</run_address>
         <size>0x15b1</size>
         <input_file_ref idref="fl-160"/>
      </object_component>
      <object_component id="oc-177">
         <name>.debug_info</name>
         <load_address>0x15425</load_address>
         <run_address>0x15425</run_address>
         <size>0x113</size>
         <input_file_ref idref="fl-15e"/>
      </object_component>
      <object_component id="oc-17a">
         <name>.debug_info</name>
         <load_address>0x15538</load_address>
         <run_address>0x15538</run_address>
         <size>0x1de</size>
         <input_file_ref idref="fl-15f"/>
      </object_component>
      <object_component id="oc-17d">
         <name>.debug_info</name>
         <load_address>0x15716</load_address>
         <run_address>0x15716</run_address>
         <size>0x750</size>
         <input_file_ref idref="fl-15f"/>
      </object_component>
      <object_component id="oc-17e">
         <name>.debug_info</name>
         <load_address>0x15e66</load_address>
         <run_address>0x15e66</run_address>
         <size>0x235a</size>
         <input_file_ref idref="fl-15b"/>
      </object_component>
      <object_component id="oc-183">
         <name>.debug_info</name>
         <load_address>0x181c0</load_address>
         <run_address>0x181c0</run_address>
         <size>0x169</size>
         <input_file_ref idref="fl-15f"/>
      </object_component>
      <object_component id="oc-188">
         <name>.debug_info</name>
         <load_address>0x18329</load_address>
         <run_address>0x18329</run_address>
         <size>0x5d5</size>
         <input_file_ref idref="fl-15b"/>
      </object_component>
      <object_component id="oc-18e">
         <name>.debug_info</name>
         <load_address>0x188fe</load_address>
         <run_address>0x188fe</run_address>
         <size>0x3f2</size>
         <input_file_ref idref="fl-15b"/>
      </object_component>
      <object_component id="oc-191">
         <name>.debug_info</name>
         <load_address>0x18cf0</load_address>
         <run_address>0x18cf0</run_address>
         <size>0xe1</size>
         <input_file_ref idref="fl-15b"/>
      </object_component>
      <object_component id="oc-194">
         <name>.debug_info</name>
         <load_address>0x18dd1</load_address>
         <run_address>0x18dd1</run_address>
         <size>0x565</size>
         <input_file_ref idref="fl-15b"/>
      </object_component>
      <object_component id="oc-195">
         <name>.debug_info</name>
         <load_address>0x19336</load_address>
         <run_address>0x19336</run_address>
         <size>0x48e</size>
         <input_file_ref idref="fl-15b"/>
      </object_component>
      <object_component id="oc-19b">
         <name>.debug_info</name>
         <load_address>0x197c4</load_address>
         <run_address>0x197c4</run_address>
         <size>0xed</size>
         <input_file_ref idref="fl-15c"/>
      </object_component>
      <object_component id="oc-19e">
         <name>.debug_info</name>
         <load_address>0x198b1</load_address>
         <run_address>0x198b1</run_address>
         <size>0x3fe</size>
         <input_file_ref idref="fl-15c"/>
      </object_component>
      <object_component id="oc-19f">
         <name>.debug_info</name>
         <load_address>0x19caf</load_address>
         <run_address>0x19caf</run_address>
         <size>0x2d</size>
         <input_file_ref idref="fl-3"/>
      </object_component>
      <object_component id="oc-1a5">
         <name>.debug_info</name>
         <load_address>0x19cdc</load_address>
         <run_address>0x19cdc</run_address>
         <size>0x133</size>
         <input_file_ref idref="fl-15d"/>
      </object_component>
      <object_component id="oc-1a8">
         <name>.debug_info</name>
         <load_address>0x19e0f</load_address>
         <run_address>0x19e0f</run_address>
         <size>0x3fa</size>
         <input_file_ref idref="fl-15d"/>
      </object_component>
      <object_component id="oc-1a9">
         <name>.debug_info</name>
         <load_address>0x1a209</load_address>
         <run_address>0x1a209</run_address>
         <size>0x9d</size>
         <input_file_ref idref="fl-15d"/>
      </object_component>
      <object_component id="oc-1b1">
         <name>.debug_info</name>
         <load_address>0x1a2a6</load_address>
         <run_address>0x1a2a6</run_address>
         <size>0x45f</size>
         <input_file_ref idref="fl-159"/>
      </object_component>
      <object_component id="oc-1b5">
         <name>.debug_info</name>
         <load_address>0x1a705</load_address>
         <run_address>0x1a705</run_address>
         <size>0x19e</size>
         <input_file_ref idref="fl-154"/>
      </object_component>
      <object_component id="oc-1b8">
         <name>.debug_info</name>
         <load_address>0x1a8a3</load_address>
         <run_address>0x1a8a3</run_address>
         <size>0xf0</size>
         <input_file_ref idref="fl-154"/>
      </object_component>
      <object_component id="oc-1bb">
         <name>.debug_info</name>
         <load_address>0x1a993</load_address>
         <run_address>0x1a993</run_address>
         <size>0x19b</size>
         <input_file_ref idref="fl-154"/>
      </object_component>
      <object_component id="oc-1bf">
         <name>.debug_info</name>
         <load_address>0x1ab2e</load_address>
         <run_address>0x1ab2e</run_address>
         <size>0x151</size>
         <input_file_ref idref="fl-150"/>
      </object_component>
      <object_component id="oc-1c4">
         <name>.debug_info</name>
         <load_address>0x1ac7f</load_address>
         <run_address>0x1ac7f</run_address>
         <size>0xec</size>
         <input_file_ref idref="fl-164"/>
      </object_component>
      <object_component id="oc-1c8">
         <name>.debug_info</name>
         <load_address>0x1ad6b</load_address>
         <run_address>0x1ad6b</run_address>
         <size>0xd10</size>
         <input_file_ref idref="fl-15a"/>
      </object_component>
      <object_component id="oc-1cd">
         <name>.debug_info</name>
         <load_address>0x1ba7b</load_address>
         <run_address>0x1ba7b</run_address>
         <size>0xff</size>
         <input_file_ref idref="fl-156"/>
      </object_component>
      <object_component id="oc-1d0">
         <name>.debug_info</name>
         <load_address>0x1bb7a</load_address>
         <run_address>0x1bb7a</run_address>
         <size>0x1d2</size>
         <input_file_ref idref="fl-156"/>
      </object_component>
      <object_component id="oc-1d5">
         <name>.debug_info</name>
         <load_address>0x1bd4c</load_address>
         <run_address>0x1bd4c</run_address>
         <size>0xfc3</size>
         <input_file_ref idref="fl-153"/>
      </object_component>
      <object_component id="oc-1da">
         <name>.debug_info</name>
         <load_address>0x1cd0f</load_address>
         <run_address>0x1cd0f</run_address>
         <size>0x16e</size>
         <input_file_ref idref="fl-2"/>
      </object_component>
      <object_component id="oc-1dd">
         <name>.debug_info</name>
         <load_address>0x1ce7d</load_address>
         <run_address>0x1ce7d</run_address>
         <size>0x2ae</size>
         <input_file_ref idref="fl-2"/>
      </object_component>
      <object_component id="oc-1e3">
         <name>.debug_info</name>
         <load_address>0x1d12b</load_address>
         <run_address>0x1d12b</run_address>
         <size>0x10c1</size>
         <input_file_ref idref="fl-155"/>
      </object_component>
      <object_component id="oc-1ed">
         <name>.debug_info</name>
         <load_address>0x1e1ec</load_address>
         <run_address>0x1e1ec</run_address>
         <size>0xf9</size>
         <input_file_ref idref="fl-157"/>
      </object_component>
      <object_component id="oc-1f0">
         <name>.debug_info</name>
         <load_address>0x1e2e5</load_address>
         <run_address>0x1e2e5</run_address>
         <size>0x1a3</size>
         <input_file_ref idref="fl-157"/>
      </object_component>
      <object_component id="oc-1f3">
         <name>.debug_info</name>
         <load_address>0x1e488</load_address>
         <run_address>0x1e488</run_address>
         <size>0x12c8</size>
         <input_file_ref idref="fl-140"/>
      </object_component>
      <object_component id="oc-1f8">
         <name>.debug_info</name>
         <load_address>0x1f750</load_address>
         <run_address>0x1f750</run_address>
         <size>0x199</size>
         <input_file_ref idref="fl-13e"/>
      </object_component>
      <object_component id="oc-1f9">
         <name>.debug_info</name>
         <load_address>0x1f8e9</load_address>
         <run_address>0x1f8e9</run_address>
         <size>0x2c</size>
         <input_file_ref idref="fl-13e"/>
      </object_component>
      <object_component id="oc-1fe">
         <name>.debug_info</name>
         <load_address>0x1f915</load_address>
         <run_address>0x1f915</run_address>
         <size>0x69</size>
         <input_file_ref idref="fl-13e"/>
      </object_component>
      <object_component id="oc-204">
         <name>.debug_info</name>
         <load_address>0x1f97e</load_address>
         <run_address>0x1f97e</run_address>
         <size>0x118</size>
         <input_file_ref idref="fl-13b"/>
      </object_component>
      <object_component id="oc-209">
         <name>.debug_info</name>
         <load_address>0x1fa96</load_address>
         <run_address>0x1fa96</run_address>
         <size>0x110</size>
         <input_file_ref idref="fl-6"/>
      </object_component>
      <object_component id="oc-20f">
         <name>.debug_info</name>
         <load_address>0x1fba6</load_address>
         <run_address>0x1fba6</run_address>
         <size>0xfe</size>
         <input_file_ref idref="fl-15e"/>
      </object_component>
      <object_component id="oc-212">
         <name>.debug_info</name>
         <load_address>0x1fca4</load_address>
         <run_address>0x1fca4</run_address>
         <size>0x146</size>
         <input_file_ref idref="fl-15e"/>
      </object_component>
      <object_component id="oc-218">
         <name>.debug_info</name>
         <load_address>0x1fdea</load_address>
         <run_address>0x1fdea</run_address>
         <size>0x1f86</size>
         <input_file_ref idref="fl-162"/>
      </object_component>
      <object_component id="oc-21b">
         <name>.debug_info</name>
         <load_address>0x21d70</load_address>
         <run_address>0x21d70</run_address>
         <size>0xe8</size>
         <input_file_ref idref="fl-15e"/>
      </object_component>
      <object_component id="oc-21e">
         <name>.debug_info</name>
         <load_address>0x21e58</load_address>
         <run_address>0x21e58</run_address>
         <size>0x271</size>
         <input_file_ref idref="fl-163"/>
      </object_component>
      <object_component id="oc-224">
         <name>.debug_info</name>
         <load_address>0x220c9</load_address>
         <run_address>0x220c9</run_address>
         <size>0x9ee</size>
         <input_file_ref idref="fl-15e"/>
      </object_component>
      <object_component id="oc-225">
         <name>.debug_info</name>
         <load_address>0x22ab7</load_address>
         <run_address>0x22ab7</run_address>
         <size>0xd7</size>
         <input_file_ref idref="fl-15e"/>
      </object_component>
      <object_component id="oc-22b">
         <name>.debug_info</name>
         <load_address>0x22b8e</load_address>
         <run_address>0x22b8e</run_address>
         <size>0x229e</size>
         <input_file_ref idref="fl-165"/>
      </object_component>
      <object_component id="oc-231">
         <name>.debug_info</name>
         <load_address>0x24e2c</load_address>
         <run_address>0x24e2c</run_address>
         <size>0x18fa</size>
         <input_file_ref idref="fl-166"/>
      </object_component>
      <object_component id="oc-237">
         <name>.debug_info</name>
         <load_address>0x26726</load_address>
         <run_address>0x26726</run_address>
         <size>0xe5</size>
         <input_file_ref idref="fl-160"/>
      </object_component>
      <object_component id="oc-23a">
         <name>.debug_info</name>
         <load_address>0x2680b</load_address>
         <run_address>0x2680b</run_address>
         <size>0x151</size>
         <input_file_ref idref="fl-160"/>
      </object_component>
      <object_component id="oc-23d">
         <name>.debug_info</name>
         <load_address>0x2695c</load_address>
         <run_address>0x2695c</run_address>
         <size>0xa5f</size>
         <input_file_ref idref="fl-160"/>
      </object_component>
      <object_component id="oc-241">
         <name>.debug_info</name>
         <load_address>0x273bb</load_address>
         <run_address>0x273bb</run_address>
         <size>0x39</size>
         <input_file_ref idref="fl-3"/>
      </object_component>
      <object_component id="oc-254">
         <name>.debug_info</name>
         <load_address>0x273f4</load_address>
         <run_address>0x273f4</run_address>
         <size>0x89</size>
         <input_file_ref idref="fl-15c"/>
      </object_component>
      <object_component id="oc-269">
         <name>.debug_info</name>
         <load_address>0x2747d</load_address>
         <run_address>0x2747d</run_address>
         <size>0xf6</size>
         <input_file_ref idref="fl-15a"/>
      </object_component>
      <object_component id="oc-26c">
         <name>.debug_info</name>
         <load_address>0x27573</load_address>
         <run_address>0x27573</run_address>
         <size>0xf6</size>
         <input_file_ref idref="fl-15a"/>
      </object_component>
      <object_component id="oc-26f">
         <name>.debug_info</name>
         <load_address>0x27669</load_address>
         <run_address>0x27669</run_address>
         <size>0x1ba</size>
         <input_file_ref idref="fl-15a"/>
      </object_component>
      <object_component id="oc-270">
         <name>.debug_info</name>
         <load_address>0x27823</load_address>
         <run_address>0x27823</run_address>
         <size>0x51</size>
         <input_file_ref idref="fl-156"/>
      </object_component>
      <object_component id="oc-279">
         <name>.debug_info</name>
         <load_address>0x27874</load_address>
         <run_address>0x27874</run_address>
         <size>0x62</size>
         <input_file_ref idref="fl-2"/>
      </object_component>
      <object_component id="oc-27f">
         <name>.debug_info</name>
         <load_address>0x278d6</load_address>
         <run_address>0x278d6</run_address>
         <size>0x17a</size>
         <input_file_ref idref="fl-153"/>
      </object_component>
      <object_component id="oc-285">
         <name>.debug_info</name>
         <load_address>0x27a50</load_address>
         <run_address>0x27a50</run_address>
         <size>0xf6</size>
         <input_file_ref idref="fl-155"/>
      </object_component>
      <object_component id="oc-288">
         <name>.debug_info</name>
         <load_address>0x27b46</load_address>
         <run_address>0x27b46</run_address>
         <size>0xe8</size>
         <input_file_ref idref="fl-155"/>
      </object_component>
      <object_component id="oc-28f">
         <name>.debug_info</name>
         <load_address>0x27c2e</load_address>
         <run_address>0x27c2e</run_address>
         <size>0xec</size>
         <input_file_ref idref="fl-14c"/>
      </object_component>
      <object_component id="oc-294">
         <name>.debug_info</name>
         <load_address>0x27d1a</load_address>
         <run_address>0x27d1a</run_address>
         <size>0x19c</size>
         <input_file_ref idref="fl-14f"/>
      </object_component>
      <object_component id="oc-299">
         <name>.debug_info</name>
         <load_address>0x27eb6</load_address>
         <run_address>0x27eb6</run_address>
         <size>0xf2</size>
         <input_file_ref idref="fl-147"/>
      </object_component>
      <object_component id="oc-29e">
         <name>.debug_info</name>
         <load_address>0x27fa8</load_address>
         <run_address>0x27fa8</run_address>
         <size>0x104</size>
         <input_file_ref idref="fl-149"/>
      </object_component>
      <object_component id="oc-2a3">
         <name>.debug_info</name>
         <load_address>0x280ac</load_address>
         <run_address>0x280ac</run_address>
         <size>0x104</size>
         <input_file_ref idref="fl-148"/>
      </object_component>
      <object_component id="oc-2a9">
         <name>.debug_info</name>
         <load_address>0x281b0</load_address>
         <run_address>0x281b0</run_address>
         <size>0xf4</size>
         <input_file_ref idref="fl-147"/>
      </object_component>
      <object_component id="oc-2ae">
         <name>.debug_info</name>
         <load_address>0x282a4</load_address>
         <run_address>0x282a4</run_address>
         <size>0xf8</size>
         <input_file_ref idref="fl-14a"/>
      </object_component>
      <object_component id="oc-2b3">
         <name>.debug_info</name>
         <load_address>0x2839c</load_address>
         <run_address>0x2839c</run_address>
         <size>0x18e</size>
         <input_file_ref idref="fl-14d"/>
      </object_component>
      <object_component id="oc-2ba">
         <name>.debug_info</name>
         <load_address>0x2852a</load_address>
         <run_address>0x2852a</run_address>
         <size>0xf6</size>
         <input_file_ref idref="fl-14b"/>
      </object_component>
      <object_component id="oc-2bd">
         <name>.debug_info</name>
         <load_address>0x28620</load_address>
         <run_address>0x28620</run_address>
         <size>0x116</size>
         <input_file_ref idref="fl-146"/>
      </object_component>
      <object_component id="oc-2c4">
         <name>.debug_info</name>
         <load_address>0x28736</load_address>
         <run_address>0x28736</run_address>
         <size>0x127</size>
         <input_file_ref idref="fl-151"/>
      </object_component>
      <object_component id="oc-2c8">
         <name>.debug_info</name>
         <load_address>0x2885d</load_address>
         <run_address>0x2885d</run_address>
         <size>0x177</size>
         <input_file_ref idref="fl-14e"/>
      </object_component>
      <object_component id="oc-2ce">
         <name>.debug_info</name>
         <load_address>0x289d4</load_address>
         <run_address>0x289d4</run_address>
         <size>0x13d</size>
         <input_file_ref idref="fl-142"/>
      </object_component>
      <object_component id="oc-2d4">
         <name>.debug_info</name>
         <load_address>0x28b11</load_address>
         <run_address>0x28b11</run_address>
         <size>0x282</size>
         <input_file_ref idref="fl-140"/>
      </object_component>
      <object_component id="oc-2d5">
         <name>.debug_info</name>
         <load_address>0x28d93</load_address>
         <run_address>0x28d93</run_address>
         <size>0x86</size>
         <input_file_ref idref="fl-140"/>
      </object_component>
      <object_component id="oc-2da">
         <name>.debug_info</name>
         <load_address>0x28e19</load_address>
         <run_address>0x28e19</run_address>
         <size>0x39</size>
         <input_file_ref idref="fl-140"/>
      </object_component>
      <object_component id="oc-2e7">
         <name>.debug_info</name>
         <load_address>0x28e52</load_address>
         <run_address>0x28e52</run_address>
         <size>0x2106</size>
         <input_file_ref idref="fl-161"/>
      </object_component>
      <object_component id="oc-2ee">
         <name>.debug_info</name>
         <load_address>0x2af58</load_address>
         <run_address>0x2af58</run_address>
         <size>0x2ff</size>
         <input_file_ref idref="fl-162"/>
      </object_component>
      <object_component id="oc-2f1">
         <name>.debug_info</name>
         <load_address>0x2b257</load_address>
         <run_address>0x2b257</run_address>
         <size>0x6f2</size>
         <input_file_ref idref="fl-162"/>
      </object_component>
      <object_component id="oc-2f2">
         <name>.debug_info</name>
         <load_address>0x2b949</load_address>
         <run_address>0x2b949</run_address>
         <size>0x5b9</size>
         <input_file_ref idref="fl-162"/>
      </object_component>
      <object_component id="oc-2fd">
         <name>.debug_info</name>
         <load_address>0x2bf02</load_address>
         <run_address>0x2bf02</run_address>
         <size>0xf6</size>
         <input_file_ref idref="fl-165"/>
      </object_component>
      <object_component id="oc-300">
         <name>.debug_info</name>
         <load_address>0x2bff8</load_address>
         <run_address>0x2bff8</run_address>
         <size>0xfa</size>
         <input_file_ref idref="fl-165"/>
      </object_component>
      <object_component id="oc-303">
         <name>.debug_info</name>
         <load_address>0x2c0f2</load_address>
         <run_address>0x2c0f2</run_address>
         <size>0x1cc</size>
         <input_file_ref idref="fl-165"/>
      </object_component>
      <object_component id="oc-305">
         <name>.debug_info</name>
         <load_address>0x2c2be</load_address>
         <run_address>0x2c2be</run_address>
         <size>0x196</size>
         <input_file_ref idref="fl-166"/>
      </object_component>
      <object_component id="oc-31a">
         <name>.debug_info</name>
         <load_address>0x2c454</load_address>
         <run_address>0x2c454</run_address>
         <size>0xb6</size>
         <input_file_ref idref="fl-14f"/>
      </object_component>
      <object_component id="oc-321">
         <name>.debug_info</name>
         <load_address>0x2c50a</load_address>
         <run_address>0x2c50a</run_address>
         <size>0x118</size>
         <input_file_ref idref="fl-14d"/>
      </object_component>
      <object_component id="oc-326">
         <name>.debug_info</name>
         <load_address>0x2c622</load_address>
         <run_address>0x2c622</run_address>
         <size>0x126</size>
         <input_file_ref idref="fl-152"/>
      </object_component>
      <object_component id="oc-32c">
         <name>.debug_info</name>
         <load_address>0x2c748</load_address>
         <run_address>0x2c748</run_address>
         <size>0xbd</size>
         <input_file_ref idref="fl-14e"/>
      </object_component>
      <object_component id="oc-32e">
         <name>.debug_info</name>
         <load_address>0x2c805</load_address>
         <run_address>0x2c805</run_address>
         <size>0xc6</size>
         <input_file_ref idref="fl-145"/>
      </object_component>
      <object_component id="oc-331">
         <name>.debug_info</name>
         <load_address>0x2c8cb</load_address>
         <run_address>0x2c8cb</run_address>
         <size>0xdc</size>
         <input_file_ref idref="fl-142"/>
      </object_component>
      <object_component id="oc-334">
         <name>.debug_info</name>
         <load_address>0x2c9a7</load_address>
         <run_address>0x2c9a7</run_address>
         <size>0x46</size>
         <input_file_ref idref="fl-140"/>
      </object_component>
      <object_component id="oc-33a">
         <name>.debug_info</name>
         <load_address>0x2c9ed</load_address>
         <run_address>0x2c9ed</run_address>
         <size>0x32b</size>
         <input_file_ref idref="fl-161"/>
      </object_component>
      <object_component id="oc-33d">
         <name>.debug_info</name>
         <load_address>0x2cd18</load_address>
         <run_address>0x2cd18</run_address>
         <size>0x63c</size>
         <input_file_ref idref="fl-161"/>
      </object_component>
      <object_component id="oc-33e">
         <name>.debug_info</name>
         <load_address>0x2d354</load_address>
         <run_address>0x2d354</run_address>
         <size>0x364</size>
         <input_file_ref idref="fl-161"/>
      </object_component>
      <object_component id="oc-34f">
         <name>.debug_info</name>
         <load_address>0x2d6b8</load_address>
         <run_address>0x2d6b8</run_address>
         <size>0x86</size>
         <input_file_ref idref="fl-160"/>
      </object_component>
      <object_component id="oc-359">
         <name>.debug_info</name>
         <load_address>0x2d73e</load_address>
         <run_address>0x2d73e</run_address>
         <size>0xb1</size>
[...]
         <object_component_ref idref="oc-170"/>
      </symbol>
      <symbol id="sm-b8d">
         <name>HostIntHanlder</name>
         <value>0x20009c61</value>
         <object_component_ref idref="oc-170"/>
      </symbol>
      <symbol id="sm-b8e">
         <name>spi_Open</name>
         <value>0x20009a09</value>
         <object_component_ref idref="oc-170"/>
      </symbol>
      <symbol id="sm-b8f">
         <name>g_ucDMAEnabled</name>
         <value>0x20017a34</value>
         <object_component_ref idref="oc-239"/>
      </symbol>
      <symbol id="sm-b90">
         <name>g_SpiFd</name>
         <value>0x20017a30</value>
         <object_component_ref idref="oc-239"/>
      </symbol>
      <symbol id="sm-c47">
         <name>sl_Accept</name>
         <value>0x2000755d</value>
         <object_component_ref idref="oc-2e3"/>
      </symbol>
      <symbol id="sm-c48">
         <name>sl_Recv</name>
         <value>0x200072b3</value>
         <object_component_ref idref="oc-2e3"/>
      </symbol>
      <symbol id="sm-c49">
         <name>SL_FD_ZERO</name>
         <value>0x200077d3</value>
         <object_component_ref idref="oc-2e3"/>
      </symbol>
      <symbol id="sm-c4a">
         <name>_SlSockCloseCmdCtrl</name>
         <value>0x2000d2fc</value>
         <object_component_ref idref="oc-339"/>
      </symbol>
      <symbol id="sm-c4b">
         <name>SL_FD_SET</name>
         <value>0x200077d9</value>
         <object_component_ref idref="oc-2e3"/>
      </symbol>
      <symbol id="sm-c4c">
         <name>_SlSendCmdCtrl</name>
         <value>0x2000d304</value>
         <object_component_ref idref="oc-339"/>
      </symbol>
      <symbol id="sm-c4d">
         <name>sl_SendTo</name>
         <value>0x20006fb9</value>
         <object_component_ref idref="oc-2e3"/>
      </symbol>
      <symbol id="sm-c4e">
         <name>_sl_BuildAddress</name>
         <value>0x20006f91</value>
         <object_component_ref idref="oc-2e3"/>
      </symbol>
      <symbol id="sm-c4f">
         <name>sl_Send</name>
         <value>0x20007063</value>
         <object_component_ref idref="oc-2e3"/>
      </symbol>
      <symbol id="sm-c50">
         <name>_sl_HandleAsync_Connect</name>
         <value>0x20007701</value>
         <object_component_ref idref="oc-2e3"/>
      </symbol>
      <symbol id="sm-c51">
         <name>sl_Htonl</name>
         <value>0x20007343</value>
         <object_component_ref idref="oc-2e3"/>
      </symbol>
      <symbol id="sm-c52">
         <name>sl_Htons</name>
         <value>0x2000730f</value>
         <object_component_ref idref="oc-2e3"/>
      </symbol>
      <symbol id="sm-c53">
         <name>_SlSelectCmdCtrl</name>
         <value>0x2000d31c</value>
         <object_component_ref idref="oc-339"/>
      </symbol>
      <symbol id="sm-c54">
         <name>sl_Connect</name>
         <value>0x200073ed</value>
         <object_component_ref idref="oc-2e3"/>
      </symbol>
      <symbol id="sm-c55">
         <name>sl_Socket</name>
         <value>0x20006eb9</value>
         <object_component_ref idref="oc-2e3"/>
      </symbol>
      <symbol id="sm-c56">
         <name>sl_Select</name>
         <value>0x2000710d</value>
         <object_component_ref idref="oc-2e3"/>
      </symbol>
      <symbol id="sm-c57">
         <name>_sl_HandleAsync_Select</name>
         <value>0x200076a9</value>
         <object_component_ref idref="oc-2e3"/>
      </symbol>
      <symbol id="sm-c58">
         <name>sl_RecvFrom</name>
         <value>0x2000720b</value>
         <object_component_ref idref="oc-2e3"/>
      </symbol>
      <symbol id="sm-c59">
         <name>_SlSockSocketCmdCtrl</name>
         <value>0x2000d2f8</value>
         <object_component_ref idref="oc-339"/>
      </symbol>
      <symbol id="sm-c5a">
         <name>_SlRecvfomCmdCtrl</name>
         <value>0x2000d300</value>
         <object_component_ref idref="oc-339"/>
      </symbol>
      <symbol id="sm-c5b">
         <name>_SlSetSockOptCmdCtrl</name>
         <value>0x2000d314</value>
         <object_component_ref idref="oc-339"/>
      </symbol>
      <symbol id="sm-c5c">
         <name>_SlAcceptCmdCtrl</name>
         <value>0x2000d30c</value>
         <object_component_ref idref="oc-339"/>
      </symbol>
      <symbol id="sm-c5d">
         <name>_SlListenCmdCtrl</name>
         <value>0x2000d308</value>
         <object_component_ref idref="oc-339"/>
      </symbol>
      <symbol id="sm-c5e">
         <name>_SlRecvCmdCtrl</name>
         <value>0x2000d310</value>
         <object_component_ref idref="oc-339"/>
      </symbol>
      <symbol id="sm-c5f">
         <name>SL_FD_CLR</name>
         <value>0x200077fd</value>
         <object_component_ref idref="oc-2e3"/>
      </symbol>
      <symbol id="sm-c60">
         <name>_SlGetSockOptCmdCtrl</name>
         <value>0x2000d318</value>
         <object_component_ref idref="oc-339"/>
      </symbol>
      <symbol id="sm-c61">
         <name>_sl_TruncatePayloadByProtocol</name>
         <value>0x20006f23</value>
         <object_component_ref idref="oc-2e3"/>
      </symbol>
      <symbol id="sm-c62">
         <name>sl_Close</name>
         <value>0x200074d7</value>
         <object_component_ref idref="oc-2e3"/>
      </symbol>
      <symbol id="sm-c63">
         <name>_sl_HandleAsync_Accept</name>
         <value>0x2000776f</value>
         <object_component_ref idref="oc-2e3"/>
      </symbol>
      <symbol id="sm-c64">
         <name>sl_GetSockOpt</name>
         <value>0x20007385</value>
         <object_component_ref idref="oc-2e3"/>
      </symbol>
      <symbol id="sm-c65">
         <name>sl_SetSockOpt</name>
         <value>0x20006ee3</value>
         <object_component_ref idref="oc-2e3"/>
      </symbol>
      <symbol id="sm-c66">
         <name>_sl_ParseAddress</name>
         <value>0x2000766b</value>
         <object_component_ref idref="oc-2e3"/>
      </symbol>
      <symbol id="sm-c67">
         <name>sl_Listen</name>
         <value>0x200072ed</value>
         <object_component_ref idref="oc-2e3"/>
      </symbol>
      <symbol id="sm-c68">
         <name>SL_FD_ISSET</name>
         <value>0x200077ed</value>
         <object_component_ref idref="oc-2e3"/>
      </symbol>
      <symbol id="sm-c69">
         <name>sl_Bind</name>
         <value>0x200074f5</value>
         <object_component_ref idref="oc-2e3"/>
      </symbol>
      <symbol id="sm-cfa">
         <name>sl_NetAppMDNSUnRegisterService</name>
         <value>0x200092cf</value>
         <object_component_ref idref="oc-214"/>
      </symbol>
      <symbol id="sm-cfb">
         <name>sl_NetAppGetServiceList</name>
         <value>0x20009301</value>
         <object_component_ref idref="oc-214"/>
      </symbol>
      <symbol id="sm-cfc">
         <name>sl_NetAppSet</name>
         <value>0x20009091</value>
         <object_component_ref idref="oc-214"/>
      </symbol>
      <symbol id="sm-cfd">
         <name>_SlNetAppSendTokenValueCmdCtrl</name>
         <value>0x2000d374</value>
         <object_component_ref idref="oc-2ed"/>
      </symbol>
      <symbol id="sm-cfe">
         <name>sl_NetAppStop</name>
         <value>0x20009059</value>
         <object_component_ref idref="oc-214"/>
      </symbol>
      <symbol id="sm-cff">
         <name>_SlGetServiceListeCtrl</name>
         <value>0x2000d360</value>
         <object_component_ref idref="oc-2ed"/>
      </symbol>
      <symbol id="sm-d00">
         <name>_SlNetAppStopCtrl</name>
         <value>0x2000d35c</value>
         <object_component_ref idref="oc-2ed"/>
      </symbol>
      <symbol id="sm-d01">
         <name>_SlNetAppSetCmdCtrl</name>
         <value>0x2000d370</value>
         <object_component_ref idref="oc-2ed"/>
      </symbol>
      <symbol id="sm-d02">
         <name>_SlNetAppGetCmdCtrl</name>
         <value>0x2000d378</value>
         <object_component_ref idref="oc-2ed"/>
      </symbol>
      <symbol id="sm-d03">
         <name>sl_NetAppDnsGetHostByName</name>
         <value>0x200094a3</value>
         <object_component_ref idref="oc-214"/>
      </symbol>
      <symbol id="sm-d04">
         <name>_sl_HandleAsync_DnsGetHostByName</name>
         <value>0x20009659</value>
         <object_component_ref idref="oc-214"/>
      </symbol>
      <symbol id="sm-d05">
         <name>_SlRegisterServiceCtrl</name>
         <value>0x2000d364</value>
         <object_component_ref idref="oc-2ed"/>
      </symbol>
      <symbol id="sm-d06">
         <name>_sl_HandleAsync_PingResponse</name>
         <value>0x20009575</value>
         <object_component_ref idref="oc-214"/>
      </symbol>
      <symbol id="sm-d07">
         <name>sl_NetAppDnsGetHostByService</name>
         <value>0x200093d5</value>
         <object_component_ref idref="oc-214"/>
      </symbol>
      <symbol id="sm-d08">
         <name>_SlNetAppStartCtrl</name>
         <value>0x2000d358</value>
         <object_component_ref idref="oc-2ed"/>
      </symbol>
      <symbol id="sm-d09">
         <name>sl_NetAppPingStart</name>
         <value>0x20009137</value>
         <object_component_ref idref="oc-214"/>
      </symbol>
      <symbol id="sm-d0a">
         <name>_SlDrvNetAppEventHandler</name>
         <value>0x200096dd</value>
         <object_component_ref idref="oc-214"/>
      </symbol>
      <symbol id="sm-d0b">
         <name>_sl_HandleAsync_DnsGetHostByService</name>
         <value>0x200095e9</value>
         <object_component_ref idref="oc-214"/>
      </symbol>
      <symbol id="sm-d0c">
         <name>sl_NetAppStart</name>
         <value>0x20009075</value>
         <object_component_ref idref="oc-214"/>
      </symbol>
      <symbol id="sm-d0d">
         <name>sl_NetAppSendTokenValue</name>
         <value>0x200090d1</value>
         <object_component_ref idref="oc-214"/>
      </symbol>
      <symbol id="sm-d0e">
         <name>sl_NetAppMDNSRegisterService</name>
         <value>0x200092e1</value>
         <object_component_ref idref="oc-214"/>
      </symbol>
      <symbol id="sm-d0f">
         <name>CopyPingResultsToReport</name>
         <value>0x2000911d</value>
         <object_component_ref idref="oc-214"/>
      </symbol>
      <symbol id="sm-d10">
         <name>sl_NetAppGet</name>
         <value>0x20009375</value>
         <object_component_ref idref="oc-214"/>
      </symbol>
      <symbol id="sm-d11">
         <name>_SlGetHostByNameCtrl</name>
         <value>0x2000d36c</value>
         <object_component_ref idref="oc-2ed"/>
      </symbol>
      <symbol id="sm-d12">
         <name>_SlGetHostByServiceCtrl</name>
         <value>0x2000d368</value>
         <object_component_ref idref="oc-2ed"/>
      </symbol>
      <symbol id="sm-d13">
         <name>sl_NetAppMDNSRegisterUnregisterService</name>
         <value>0x2000924b</value>
         <object_component_ref idref="oc-214"/>
      </symbol>
      <symbol id="sm-d14">
         <name>_sl_HandleAsync_DnsGetHostByAddr</name>
         <value>0x200096d7</value>
         <object_component_ref idref="oc-214"/>
      </symbol>
      <symbol id="sm-d27">
         <name>_SlDrvFlowContDeinit</name>
         <value>0x2000ca57</value>
         <object_component_ref idref="oc-21d"/>
      </symbol>
      <symbol id="sm-d28">
         <name>_SlDrvFlowContInit</name>
         <value>0x2000ca2d</value>
         <object_component_ref idref="oc-21d"/>
      </symbol>
      <symbol id="sm-d31">
         <name>__aeabi_llsr</name>
         <value>0x2000cc83</value>
         <object_component_ref idref="oc-1c1"/>
      </symbol>
      <symbol id="sm-db8">
         <name>SPIFIFOLevelGet</name>
         <value>0x20008db5</value>
         <object_component_ref idref="oc-22a"/>
      </symbol>
      <symbol id="sm-db9">
         <name>SPIFIFODisable</name>
         <value>0x20008d67</value>
         <object_component_ref idref="oc-22a"/>
      </symbol>
      <symbol id="sm-dba">
         <name>SPITransfer</name>
         <value>0x20008fb9</value>
         <object_component_ref idref="oc-22a"/>
      </symbol>
      <symbol id="sm-dbb">
         <name>SPICSEnable</name>
         <value>0x20008f89</value>
         <object_component_ref idref="oc-22a"/>
      </symbol>
      <symbol id="sm-dbc">
         <name>SPIDisable</name>
         <value>0x20008bab</value>
         <object_component_ref idref="oc-22a"/>
      </symbol>
      <symbol id="sm-dbd">
         <name>SPIFIFOEnable</name>
         <value>0x20008d4d</value>
         <object_component_ref idref="oc-22a"/>
      </symbol>
      <symbol id="sm-dbe">
         <name>SPIWordCountSet</name>
         <value>0x20008de9</value>
         <object_component_ref idref="oc-22a"/>
      </symbol>
      <symbol id="sm-dbf">
         <name>SPIDataGetNonBlocking</name>
         <value>0x20008cbd</value>
         <object_component_ref idref="oc-22a"/>
      </symbol>
      <symbol id="sm-dc0">
         <name>SPIDataPut</name>
         <value>0x20008d2f</value>
         <object_component_ref idref="oc-22a"/>
      </symbol>
      <symbol id="sm-dc1">
         <name>SPIEnable</name>
         <value>0x20008b93</value>
         <object_component_ref idref="oc-22a"/>
      </symbol>
      <symbol id="sm-dc2">
         <name>SPIDataGet</name>
         <value>0x20008ce7</value>
         <object_component_ref idref="oc-22a"/>
      </symbol>
      <symbol id="sm-dc3">
         <name>SPIDmaEnable</name>
         <value>0x20008bc3</value>
         <object_component_ref idref="oc-22a"/>
      </symbol>
      <symbol id="sm-dc4">
         <name>SPIConfigSetExpClk</name>
         <value>0x20008c19</value>
         <object_component_ref idref="oc-22a"/>
      </symbol>
      <symbol id="sm-dc5">
         <name>SPIIntRegister</name>
         <value>0x20008e11</value>
         <object_component_ref idref="oc-22a"/>
      </symbol>
      <symbol id="sm-dc6">
         <name>SPIIntUnregister</name>
         <value>0x20008e35</value>
         <object_component_ref idref="oc-22a"/>
      </symbol>
      <symbol id="sm-dc7">
         <name>SPIFIFOLevelSet</name>
         <value>0x20008d81</value>
         <object_component_ref idref="oc-22a"/>
      </symbol>
      <symbol id="sm-dc8">
         <name>SPIDmaDisable</name>
         <value>0x20008bdd</value>
         <object_component_ref idref="oc-22a"/>
      </symbol>
      <symbol id="sm-dc9">
         <name>SPIReset</name>
         <value>0x20008bf7</value>
         <object_component_ref idref="oc-22a"/>
      </symbol>
      <symbol id="sm-dca">
         <name>SPIDataPutNonBlocking</name>
         <value>0x20008d07</value>
         <object_component_ref idref="oc-22a"/>
      </symbol>
      <symbol id="sm-dcb">
         <name>SPIIntStatus</name>
         <value>0x20008edd</value>
         <object_component_ref idref="oc-22a"/>
      </symbol>
      <symbol id="sm-dcc">
         <name>SPIIntEnable</name>
         <value>0x20008e4f</value>
         <object_component_ref idref="oc-22a"/>
      </symbol>
      <symbol id="sm-dcd">
         <name>SPIIntClear</name>
         <value>0x20008f4b</value>
         <object_component_ref idref="oc-22a"/>
      </symbol>
      <symbol id="sm-dce">
         <name>SPICSDisable</name>
         <value>0x20008fa1</value>
         <object_component_ref idref="oc-22a"/>
      </symbol>
      <symbol id="sm-dcf">
         <name>SPIIntDisable</name>
         <value>0x20008e93</value>
         <object_component_ref idref="oc-22a"/>
      </symbol>
      <symbol id="sm-e2b">
         <name>uDMAChannelControlSet</name>
         <value>0x20009e71</value>
         <object_component_ref idref="oc-230"/>
      </symbol>
      <symbol id="sm-e2c">
         <name>uDMAIntClear</name>
         <value>0x2000a0e9</value>
         <object_component_ref idref="oc-230"/>
      </symbol>
      <symbol id="sm-e2d">
         <name>uDMAControlAlternateBaseGet</name>
         <value>0x20009d3b</value>
         <object_component_ref idref="oc-230"/>
      </symbol>
      <symbol id="sm-e2e">
         <name>uDMAChannelIsEnabled</name>
         <value>0x20009d03</value>
         <object_component_ref idref="oc-230"/>
      </symbol>
      <symbol id="sm-e2f">
         <name>uDMAChannelScatterGatherSet</name>
         <value>0x20009fa5</value>
         <object_component_ref idref="oc-230"/>
      </symbol>
      <symbol id="sm-e30">
         <name>uDMAControlBaseGet</name>
         <value>0x20009d35</value>
         <object_component_ref idref="oc-230"/>
      </symbol>
      <symbol id="sm-e31">
         <name>uDMAErrorStatusGet</name>
         <value>0x20009cc5</value>
         <object_component_ref idref="oc-230"/>
      </symbol>
      <symbol id="sm-e32">
         <name>uDMAChannelDisable</name>
         <value>0x20009ceb</value>
         <object_component_ref idref="oc-230"/>
      </symbol>
      <symbol id="sm-e33">
         <name>uDMAChannelModeGet</name>
         <value>0x2000a075</value>
         <object_component_ref idref="oc-230"/>
      </symbol>
      <symbol id="sm-e34">
         <name>uDMAIntUnregister</name>
         <value>0x2000a0d1</value>
         <object_component_ref idref="oc-230"/>
      </symbol>
      <symbol id="sm-e35">
         <name>uDMAChannelSizeGet</name>
         <value>0x2000a02d</value>
         <object_component_ref idref="oc-230"/>
      </symbol>
      <symbol id="sm-e36">
         <name>uDMAChannelAttributeEnable</name>
         <value>0x20009d59</value>
         <object_component_ref idref="oc-230"/>
      </symbol>
      <symbol id="sm-e37">
         <name>uDMADisable</name>
         <value>0x20009cbd</value>
         <object_component_ref idref="oc-230"/>
      </symbol>
      <symbol id="sm-e38">
         <name>uDMAErrorStatusClear</name>
         <value>0x20009ccb</value>
         <object_component_ref idref="oc-230"/>
      </symbol>
      <symbol id="sm-e39">
         <name>uDMAChannelAttributeGet</name>
         <value>0x20009e01</value>
         <object_component_ref idref="oc-230"/>
      </symbol>
      <symbol id="sm-e3a">
         <name>uDMAChannelTransferSet</name>
         <value>0x20009ead</value>
         <object_component_ref idref="oc-230"/>
      </symbol>
      <symbol id="sm-e3b">
         <name>uDMAIntStatus</name>
         <value>0x2000a0e3</value>
         <object_component_ref idref="oc-230"/>
      </symbol>
      <symbol id="sm-e3c">
         <name>uDMAChannelAssign</name>
         <value>0x2000a0fd</value>
         <object_component_ref idref="oc-230"/>
      </symbol>
      <symbol id="sm-e3d">
         <name>uDMAIntRegister</name>
         <value>0x2000a0bb</value>
         <object_component_ref idref="oc-230"/>
      </symbol>
      <symbol id="sm-e3e">
         <name>uDMAEnable</name>
         <value>0x20009cb5</value>
         <object_component_ref idref="oc-230"/>
      </symbol>
      <symbol id="sm-e3f">
         <name>uDMAControlBaseSet</name>
         <value>0x20009d25</value>
         <object_component_ref idref="oc-230"/>
      </symbol>
      <symbol id="sm-e40">
         <name>uDMAChannelAttributeDisable</name>
         <value>0x20009dad</value>
         <object_component_ref idref="oc-230"/>
      </symbol>
      <symbol id="sm-e41">
         <name>uDMAChannelEnable</name>
         <value>0x20009cd3</value>
         <object_component_ref idref="oc-230"/>
      </symbol>
      <symbol id="sm-e42">
         <name>uDMAChannelRequest</name>
         <value>0x20009d41</value>
         <object_component_ref idref="oc-230"/>
      </symbol>
      <symbol id="sm-e43">
         <name>__TI_static_base__</name>
         <value>0x2000d400</value>
      </symbol>
      <symbol id="sm-e44">
         <name>__TI_args_main</name>
         <value>0x1</value>
      </symbol>
      <symbol id="sm-e45">
         <name>SHT$$INIT_ARRAY$$Limit</name>
         <value>0x0</value>
      </symbol>
      <symbol id="sm-e46">
         <name>SHT$$INIT_ARRAY$$Base</name>
         <value>0x0</value>
      </symbol>
   </symbol_table>
   <title>Link successful</title>
</link_info>
