******************************************************************************
                  TI ARM Linker PC v5.1.6                      
******************************************************************************
>> Linked Fri Nov 07 23:05:28 2014

OUTPUT FILE NAME:   <BREWise_2.out>
ENTRY POINT SYMBOL: "_c_int00"  address: 2000d53d


MEMORY CONFIGURATION

         name            origin    length      used     unused   attr    fill
----------------------  --------  ---------  --------  --------  ----  --------
  SRAM_CODE             20004000   00012fff  00009da0  0000925f  RW X
  SRAM_DATA             20017000   00019000  00001799  00017867  RW X


SEGMENT ALLOCATION MAP

run origin  load origin   length   init length attrs members
----------  ----------- ---------- ----------- ----- -------
20004000    20004000    00009da0   00009da0    r-x
  20004000    20004000    00000400   00000400    r-- .intvecs
  20004400    20004400    00009278   00009278    r-x .text
  2000d678    2000d678    000006c8   000006c8    r-- .const
  2000dd40    2000dd40    00000060   00000060    r-- .cinit
20017000    20017000    00000f9c   00000000    rw-
  20017000    20017000    00000800   00000000    rw- .sysmem
  20017800    20017800    00000731   00000000    rw- .bss
  20017f34    20017f34    00000068   00000000    rw- .data
2002f800    2002f800    00000800   00000000    rw-
  2002f800    2002f800    00000800   00000000    rw- .stack


SECTION ALLOCATION MAP

 output                                  attributes/
section   page    origin      length       input sections
--------  ----  ----------  ----------   ----------------
.init_array 
*          0    20004000    00000000     UNINITIALIZED

.intvecs   0    20004000    00000400     
                  20004000    00000400     startup_ccs.obj (.intvecs)

.text      0    20004400    00009278     
                  20004400    0000126c     simplelink.a : driver.obj (.text)
                  2000566c    00000ec0     rtsv7M4_T_le_eabi.lib : _printfi.obj (.text)
                  2000652c    00000e48     main.obj (.text)
                  20007374    0000098c     driverlib.a : prcm.obj (.text)
                  20007d00    00000960     simplelink.a : socket.obj (.text)
                  20008660    000007a4                  : wlan.obj (.text)
                  20008e04    0000079c     driverlib.a : spi.obj (.text)
                  200095a0    00000748     simplelink.a : netapp.obj (.text)
                  20009ce8    00000514                  : cc_pal.obj (.text)
                  2000a1fc    000004a4     driverlib.a : udma.obj (.text)
                  2000a6a0    0000048c                 : uart.obj (.text)
                  2000ab2c    000003cc     rtsv7M4_T_le_eabi.lib : memory.obj (.text)
                  2000aef8    000003b4     simplelink.a : device.obj (.text)
                  2000b2ac    00000370     driverlib.a : interrupt.obj (.text)
                  2000b61c    00000354     gpio_if.obj (.text)
                  2000b970    00000334     driverlib.a : gpio.obj (.text)
                  2000bca4    00000300                 : flash.obj (.text)
                  2000bfa4    00000284                 : pin.obj (.text)
                  2000c228    00000200     udma_if.obj (.text)
                  2000c428    000001f4     rtsv7M4_T_le_eabi.lib : ull_div_t2.obj (.text)
                  2000c61c    000001d4     uart_if.obj (.text)
                  2000c7f0    000001b6     rtsv7M4_T_le_eabi.lib : fd_add_t2.obj (.text)
                  2000c9a6    00000002     --HOLE-- [fill = 0]
                  2000c9a8    000001a8     CommandTable.obj (.text)
                  2000cb50    00000136     rtsv7M4_T_le_eabi.lib : fd_div_t2.obj (.text)
                  2000cc86    000000fc                           : fd_mul_t2.obj (.text)
                  2000cd82    00000002     --HOLE-- [fill = 0]
                  2000cd84    000000b4     simplelink.a : netcfg.obj (.text)
                  2000ce38    0000009c     rtsv7M4_T_le_eabi.lib : memcpy_t2.obj (.text)
                  2000ced4    00000094                           : auto_init.obj (.text)
                  2000cf68    00000094     simplelink.a : nonos.obj (.text)
                  2000cffc    00000088     rtsv7M4_T_le_eabi.lib : vsnprintf.obj (.text)
                  2000d084    00000086                           : fd_cmp_t2.obj (.text:__aeabi_cdcmple)
                  2000d10a    00000086                           : fd_cmp_t2.obj (.text:__aeabi_cdrcmple)
                  2000d190    00000078                           : memset_t2.obj (.text)
                  2000d208    00000064     pinmux.obj (.text)
                  2000d26c    0000005e     driverlib.a : cpu.obj (.text)
                  2000d2ca    0000005e     rtsv7M4_T_le_eabi.lib : copy_decompress_rle.obj (.text)
                  2000d328    0000005a                           : ltoa.obj (.text)
                  2000d382    00000002     --HOLE-- [fill = 0]
                  2000d384    00000058     simplelink.a : flowcont.obj (.text)
                  2000d3dc    0000004c     rtsv7M4_T_le_eabi.lib : atoi.obj (.text)
                  2000d428    00000048                           : fd_toi_t2.obj (.text)
                  2000d470    00000044                           : cpy_tbl.obj (.text)
                  2000d4b4    00000044                           : exit.obj (.text)
                  2000d4f8    00000044                           : xdtest.obj (.text)
                  2000d53c    00000034                           : boot.obj (.text)
                  2000d570    0000002e                           : i_tofd_t2.obj (.text)
                  2000d59e    0000001e                           : ll_lsr_t2.obj (.text)
                  2000d5bc    0000001c                           : memccpy.obj (.text)
                  2000d5d8    00000018                           : args_main.obj (.text)
                  2000d5f0    00000018                           : ll_mul_t2.obj (.text)
                  2000d608    00000014                           : _lock.obj (.text)
                  2000d61c    00000014                           : strlen.obj (.text)
                  2000d630    00000012                           : copy_zero_init.obj (.text:decompress:ZI)
                  2000d642    0000000e                           : copy_decompress_none.obj (.text:decompress:none)
                  2000d650    0000000e                           : xdclass.obj (.text)
                  2000d65e    0000000e     startup_ccs.obj (.text)
                  2000d66c    00000006     driverlib.a : utils.obj (.text:UtilsDelay)
                  2000d672    00000006     rtsv7M4_T_le_eabi.lib : copy_decompress_rle.obj (.text:decompress:rle24)

.const     0    2000d678    000006c8     
                  2000d678    00000102     rtsv7M4_T_le_eabi.lib : ctype.obj (.const:.string:_ctypes_)
                  2000d77a    00000002     --HOLE-- [fill = 0]
                  2000d77c    00000100     driverlib.a : pin.obj (.const:g_ulPinToPadMap)
                  2000d87c    000000d4                 : interrupt.obj (.const:g_pulRegs)
                  2000d950    000000b0     simplelink.a : wlan.obj (.const:$P$T0$1)
                  2000da00    000000a0     driverlib.a : prcm.obj (.const:PRCM_PeriphRegsList)
                  2000daa0    00000080                 : interrupt.obj (.const)
                  2000db20    00000040                 : flash.obj (.const:g_pulFMPPERegs)
                  2000db60    00000040                 : flash.obj (.const:g_pulFMPRERegs)
                  2000dba0    0000003c     simplelink.a : wlan.obj (.const)
                  2000dbdc    00000038                  : driver.obj (.const:_SlActionLookupTable)
                  2000dc14    00000034                  : socket.obj (.const)
                  2000dc48    0000002c     main.obj (.const:$P$T0$1)
                  2000dc74    00000028     simplelink.a : netapp.obj (.const)
                  2000dc9c    00000026     main.obj (.const:.string:$P$T1$2)
                  2000dcc2    00000002     --HOLE-- [fill = 0]
                  2000dcc4    00000024     driverlib.a : spi.obj (.const:g_ppulSPIIntMap)
                  2000dce8    00000018                 : spi.obj (.const)
                  2000dd00    00000014     simplelink.a : device.obj (.const)
                  2000dd14    00000014                  : driver.obj (.const)
                  2000dd28    00000010     driverlib.a : uart.obj (.const)
                  2000dd38    00000008     simplelink.a : netcfg.obj (.const)

.cinit     0    2000dd40    00000060     
                  2000dd40    0000003b     (.cinit..data.load) [load image, compression = rle]
                  2000dd7b    00000001     --HOLE-- [fill = 0]
                  2000dd7c    0000000c     (__TI_handler_table)
                  2000dd88    00000008     (.cinit..bss.load) [load image, compression = zero_init]
                  2000dd90    00000010     (__TI_cinit_table)

.sysmem    0    20017000    00000800     UNINITIALIZED
                  20017000    00000008     rtsv7M4_T_le_eabi.lib : memory.obj (.sysmem)
                  20017008    000007f8     --HOLE--

.bss       0    20017800    00000731     UNINITIALIZED
                  20017800    00000400     udma_if.obj (.bss:gpCtlTbl)
                  20017c00    00000164     simplelink.a : driver.obj (.bss:g_StatMem)
                  20017d64    00000100     udma_if.obj (.bss:gfpAppCallbackHndl)
                  20017e64    00000050     simplelink.a : cc_pal.obj (.bss:g_ucDinDout)
                  20017eb4    00000028                  : nonos.obj (.bss:g__SlNonOsCB)
                  20017edc    00000024     main.obj (.bss:g_ucConnectionSSID)
                  20017f00    00000014     (.common:g_cBsdBuf)
                  20017f14    0000000c     (.common:arguments)
                  20017f20    00000008     (.common:g_ucConnectionBSSID)
                  20017f28    00000004     (.common:__Errorlog)
                  20017f2c    00000001     (.common:g_cDummy)
                  20017f2d    00000001     (.common:g_ucLED1Pin)
                  20017f2e    00000001     (.common:g_ucLED2Pin)
                  20017f2f    00000001     (.common:g_ucLED3Pin)
                  20017f30    00000001     (.common:iDone)

.data      0    20017f34    00000068     UNINITIALIZED
                  20017f34    0000001c     gpio_if.obj (.data)
                  20017f50    00000010     simplelink.a : cc_pal.obj (.data)
                  20017f60    0000000c     main.obj (.data)
                  20017f6c    0000000c     rtsv7M4_T_le_eabi.lib : memory.obj (.data)
                  20017f78    00000008     CommandTable.obj (.data)
                  20017f80    00000008     rtsv7M4_T_le_eabi.lib : _lock.obj (.data)
                  20017f88    00000008                           : exit.obj (.data)
                  20017f90    00000008     simplelink.a : driver.obj (.data)
                  20017f98    00000004     rtsv7M4_T_le_eabi.lib : stkdepth_vars.obj (.data)

.stack     0    2002f800    00000800     UNINITIALIZED
                  2002f800    00000800     --HOLE--


LINKER GENERATED COPY TABLES

__TI_cinit_table @ 2000dd90 records: 2, size/record: 8, table size: 16
	.data: load addr=2000dd40, load size=0000003b bytes, run addr=20017f34, run size=00000068 bytes, compression=rle
	.bss: load addr=2000dd88, load size=00000008 bytes, run addr=20017800, run size=00000731 bytes, compression=zero_init


LINKER GENERATED HANDLER TABLE

__TI_handler_table @ 2000dd7c records: 3, size/record: 4, table size: 12
	index: 0, handler: __TI_decompress_rle24
	index: 1, handler: __TI_decompress_none
	index: 2, handler: __TI_zero_init


GLOBAL SYMBOLS: SORTED ALPHABETICALLY BY Name 

address    name
--------   ----
20006d59   BsdTcpServer
2000d4b5   C$$EXIT
2000d2c1   CPUbasepriGet
2000d2ab   CPUbasepriSet
2000d26d   CPUcpsid
2000d28b   CPUcpsie
2000d281   CPUprimask
2000d29f   CPUwfi
2000c65d   ClearTerm
20009665   CopyPingResultsToReport
2000c3cf   DMASetupTransfer
2000c23f   DmaErrorIntHandler
2000a18d   DmaSpiSwIntHandler
2000c229   DmaSwIntHandler
2000c667   Error
2000bca5   FlashDisable
2000bcdb   FlashErase
2000bd15   FlashEraseNonBlocking
2000bf51   FlashIntClear
2000bf21   FlashIntDisable
2000bf0d   FlashIntEnable
2000bee9   FlashIntRegister
2000bf35   FlashIntStatus
2000befd   FlashIntUnregister
2000bd33   FlashMassErase
2000bd5f   FlashMassEraseNonBlocking
2000bd6f   FlashProgram
2000bdf1   FlashProgramNonBlocking
2000be73   FlashProtectGet
2000bc3b   GPIODMATriggerDisable
2000bbe3   GPIODMATriggerEnable
2000b9ef   GPIODirModeGet
2000b9b9   GPIODirModeSet
2000bb5f   GPIOIntClear
2000bb23   GPIOIntDisable
2000bb09   GPIOIntEnable
2000bb73   GPIOIntRegister
2000bb3d   GPIOIntStatus
2000baa3   GPIOIntTypeGet
2000ba21   GPIOIntTypeSet
2000bb91   GPIOIntUnregister
2000bbab   GPIOPinRead
2000bbc3   GPIOPinWrite
2000b8a1   GPIO_IF_ConfigureNIntEnable
2000b917   GPIO_IF_Get
2000b85b   GPIO_IF_GetPortNPin
2000b61d   GPIO_IF_LedConfigure
2000b70f   GPIO_IF_LedOff
2000b65b   GPIO_IF_LedOn
2000b7c3   GPIO_IF_LedStatus
2000b82d   GPIO_IF_LedToggle
2000b8dd   GPIO_IF_Set
2000c69f   GetCmd
2000afbb   GetStartResponseConvert
2000a1a9   HostIntHanlder
2000c61d   InitTerm
2000b469   IntDisable
2000b3cf   IntEnable
2000b2b9   IntMasterDisable
2000b2af   IntMasterEnable
2000b591   IntPendClear
2000b503   IntPendSet
2000b3ab   IntPriorityGet
2000b323   IntPriorityGroupingGet
2000b309   IntPriorityGroupingSet
2000b5f5   IntPriorityMaskGet
2000b5e9   IntPriorityMaskSet
2000b35b   IntPrioritySet
2000b2d3   IntRegister
2000b2ef   IntUnregister
2000b2c3   IntVTableBaseSet
2000c9ff   Interpreter
2000c63b   Message
2000a0e1   NwpMaskInterrupt
2000a0f1   NwpPowerOff
2000a169   NwpPowerOn
2000a125   NwpPowerOnPreamble
2000a0a1   NwpRegisterInterruptHandler
2000a093   NwpUnMaskInterrupt
20007be9   PRCMCC3200MCUInit
20007621   PRCMDeepSleepEnter
200077eb   PRCMHibernateEnter
20007725   PRCMHibernateIntervalSet
20007799   PRCMHibernateWakeUpGPIOSelect
20007709   PRCMHibernateWakeupCauseGet
200076e3   PRCMHibernateWakeupSourceDisable
200076bd   PRCMHibernateWakeupSourceEnable
20007507   PRCMI2SClockFreqSet
2000792d   PRCMIntDisable
200078f9   PRCMIntEnable
200078d1   PRCMIntRegister
20007951   PRCMIntStatus
200078e5   PRCMIntUnregister
2000756f   PRCMLPDSEnter
200075db   PRCMLPDSIntervalSet
20007557   PRCMLPDSRestoreInfoSet
200075fd   PRCMLPDSWakeUpGPIOSelect
200075d5   PRCMLPDSWakeupCauseGet
200075c1   PRCMLPDSWakeupSourceDisable
2000759f   PRCMLPDSWakeupSourceEnable
20007381   PRCMMCUReset
200078b7   PRCMOCRRegisterRead
2000789d   PRCMOCRRegisterWrite
200073f1   PRCMPeripheralClkDisable
200073c5   PRCMPeripheralClkEnable
20007411   PRCMPeripheralClockGet
2000748f   PRCMPeripheralReset
200074dd   PRCMPeripheralStatusGet
20007a19   PRCMRTCGet
20007969   PRCMRTCInUseGet
20007957   PRCMRTCInUseSet
20007b4d   PRCMRTCMatchGet
20007ab1   PRCMRTCMatchSet
20007989   PRCMRTCSet
20007375   PRCMSOCReset
20007689   PRCMSRAMRetentionDisable
20007651   PRCMSRAMRetentionEnable
20007619   PRCMSleepEnter
200077fb   PRCMSlowClkCtrGet
2000785d   PRCMSlowClkCtrMatchGet
20007835   PRCMSlowClkCtrMatchSet
200073a1   PRCMSysResetCauseGet
2000c065   PinConfigGet
2000c0a3   PinConfigSet
2000c03b   PinDirModeGet
2000c007   PinDirModeSet
2000bfdd   PinModeGet
2000bfa5   PinModeSet
2000d209   PinMuxConfig
2000c1ed   PinTypeADC
2000c1a3   PinTypeCamera
2000c1bd   PinTypeGPIO
2000c139   PinTypeI2C
2000c16f   PinTypeI2S
2000c201   PinTypeSDHost
2000c155   PinTypeSPI
2000c189   PinTypeTimer
2000c11f   PinTypeUART
2000c731   Report
2000d65f   ResetISR
UNDEFED    SHT$$INIT_ARRAY$$Base
UNDEFED    SHT$$INIT_ARRAY$$Limit
20008645   SL_FD_CLR
20008635   SL_FD_ISSET
20008621   SL_FD_SET
2000861b   SL_FD_ZERO
200094e9   SPICSDisable
200094d1   SPICSEnable
20009161   SPIConfigSetExpClk
2000922f   SPIDataGet
20009205   SPIDataGetNonBlocking
20009277   SPIDataPut
2000924f   SPIDataPutNonBlocking
200090f3   SPIDisable
20009125   SPIDmaDisable
2000910b   SPIDmaEnable
200090db   SPIEnable
200092af   SPIFIFODisable
20009295   SPIFIFOEnable
200092fd   SPIFIFOLevelGet
200092c9   SPIFIFOLevelSet
20009493   SPIIntClear
200093db   SPIIntDisable
20009397   SPIIntEnable
20009359   SPIIntRegister
20009425   SPIIntStatus
2000937d   SPIIntUnregister
2000913f   SPIReset
20009501   SPITransfer
20009331   SPIWordCountSet
20009e41   SetupDMAReceive
20009d5b   SetupDMASend
2000c2d1   SetupTransfer
200066f5   SimpleLinkGeneralEventHandler
200066cd   SimpleLinkHttpServerCallback
20006637   SimpleLinkNetAppEventHandler
2000670b   SimpleLinkSockEventHandler
2000652d   SimpleLinkWlanEventHandler
20006fdf   SmartConfigConnect
20007011   SmartConfigStop
2000a9fd   UARTBreakCtl
2000aa27   UARTBusy
2000a9a5   UARTCharGet
2000a989   UARTCharGetNonBlocking
2000a9df   UARTCharPut
2000a9bb   UARTCharPutNonBlocking
2000a94f   UARTCharsAvail
2000a7c1   UARTConfigGetExpClk
2000a74b   UARTConfigSetExpClk
2000aaef   UARTDMADisable
2000aad7   UARTDMAEnable
2000a831   UARTDisable
2000a80d   UARTEnable
2000a871   UARTFIFODisable
2000a85b   UARTFIFOEnable
2000a723   UARTFIFOLevelGet
2000a70b   UARTFIFOLevelSet
2000a90f   UARTFlowControlGet
2000a8f3   UARTFlowControlSet
2000aac5   UARTIntClear
2000aa8f   UARTIntDisable
2000aa77   UARTIntEnable
2000aa3f   UARTIntRegister
2000aaa7   UARTIntStatus
2000aa5d   UARTIntUnregister
2000a8ab   UARTModemControlClear
2000a8cf   UARTModemControlGet
2000a887   UARTModemControlSet
2000a8e1   UARTModemStatusGet
2000a6f9   UARTParityModeGet
2000a6dd   UARTParityModeSet
2000ab1d   UARTRxErrorClear
2000ab07   UARTRxErrorGet
2000a967   UARTSpaceAvail
2000a93d   UARTTxIntModeGet
2000a921   UARTTxIntModeSet
2000c2a3   UDMAChannelSelect
2000c3bb   UDMADeInit
2000c24b   UDMAInit
2000c315   UDMASetupAutoMemTransfer
2000c349   UDMASetupPingPongTransfer
2000c3a3   UDMAStartTransfer
2000c3af   UDMAStopTransfer
2000d66d   UtilsDelay
2000d651   _Dclass
2000d4f9   _Dtest
2000dc28   _SlAcceptCmdCtrl
2000dbdc   _SlActionLookupTable
20004ddf   _SlAsyncEventGenericHandler
2000dd0c   _SlDeviceGetCmdCtrl
2000dd10   _SlDeviceSetCmdCtrl
20005631   _SlDrvBasicCmd
200049a5   _SlDrvClassifyRxMsg
200055e1   _SlDrvCmdOp
200055c3   _SlDrvCmdSend
20005461   _SlDrvDataReadOp
2000531f   _SlDrvDataWriteOp
2000b275   _SlDrvDeviceEventHandler
200052c7   _SlDrvDriverCBDeinit
20005249   _SlDrvDriverCBInit
2000d3af   _SlDrvFlowContDeinit
2000d385   _SlDrvFlowContInit
20004a39   _SlDrvMsgRead
20005199   _SlDrvMsgReadCmdCtx
20005105   _SlDrvMsgReadSpawnCtx
200048a9   _SlDrvMsgWrite
20009c25   _SlDrvNetAppEventHandler
2000487f   _SlDrvObjDeInit
20004849   _SlDrvObjInit
2000474d   _SlDrvReleasePoolObj
20004625   _SlDrvRxHdrRead
200045ef   _SlDrvRxIrqHandler
200045db   _SlDrvShiftDWord
200044cb   _SlDrvWaitForPoolObj
2000dd08   _SlEventMaskGetCmdCtrl
2000dd04   _SlEventMaskSetCmdCtrl
2000443f   _SlFindAndSetActiveObj
2000dc88   _SlGetHostByNameCtrl
2000dc84   _SlGetHostByServiceCtrl
2000dc7c   _SlGetServiceListeCtrl
2000dc34   _SlGetSockOptCmdCtrl
2000dc24   _SlListenCmdCtrl
2000dc94   _SlNetAppGetCmdCtrl
2000dc90   _SlNetAppSendTokenValueCmdCtrl
2000dc8c   _SlNetAppSetCmdCtrl
2000dc74   _SlNetAppStartCtrl
2000dc78   _SlNetAppStopCtrl
2000dd3c   _SlNetCfgGetCmdCtrl
2000dd38   _SlNetCfgSetCmdCtrl
2000cf8d   _SlNonOsMainLoopTask
2000cfc5   _SlNonOsSemGet
2000cf85   _SlNonOsSemSet
2000cf69   _SlNonOsSpawn
2000dba4   _SlPolicyGetCmdCtrl
2000dba0   _SlPolicySetCmdCtrl
2000dbac   _SlProfileDelCmdCtrl
2000dba8   _SlProfileGetCmdCtrl
2000dc2c   _SlRecvCmdCtrl
2000dc1c   _SlRecvfomCmdCtrl
2000dc80   _SlRegisterServiceCtrl
20004401   _SlRemoveFromList
2000dbb4   _SlRxFilterAddtCmdCtrl
2000dbbc   _SlRxFilterGetCmdCtrl
2000dbb8   _SlRxFilterSetCmdCtrl
2000dc38   _SlSelectCmdCtrl
2000dc20   _SlSendCmdCtrl
2000dc30   _SlSetSockOptCmdCtrl
2000dbc0   _SlSmartConfigStartCmdCtrl
2000dc18   _SlSockCloseCmdCtrl
2000dc14   _SlSockSocketCmdCtrl
2000dd00   _SlStopCmdCtrl
2000dbcc   _SlWlanCfgGetCmdCtrl
2000dbc8   _SlWlanCfgSetCmdCtrl
2000dbb0   _SlWlanGetNetworkListCtrl
2000dbc4   _SlWlanSetModeCmdCtrl
20030000   __STACK_END
00000800   __STACK_SIZE
00000800   __SYSMEM_SIZE
2000dd90   __TI_CINIT_Base
2000dda0   __TI_CINIT_Limit
2000dd7c   __TI_Handler_Table_Base
2000dd88   __TI_Handler_Table_Limit
00000001   __TI_args_main
2000ced5   __TI_auto_init
20017f88   __TI_cleanup_ptr
2000d643   __TI_decompress_none
2000d673   __TI_decompress_rle24
20017f8c   __TI_dtors_ptr
20006223   __TI_printfi
2000dd40   __TI_static_base__
2000d631   __TI_zero_init
2000d085   __aeabi_cdcmpeq
2000d085   __aeabi_cdcmple
2000d10b   __aeabi_cdrcmple
2000d429   __aeabi_d2iz
2000c7fb   __aeabi_dadd
2000cb51   __aeabi_ddiv
2000cc87   __aeabi_dmul
2000c7f1   __aeabi_dsub
2000d571   __aeabi_i2d
2000d59f   __aeabi_llsr
2000d5f1   __aeabi_lmul
2000d191   __aeabi_memclr
2000d191   __aeabi_memclr4
2000d191   __aeabi_memclr8
2000ce39   __aeabi_memcpy
2000ce39   __aeabi_memcpy4
2000ce39   __aeabi_memcpy8
2000d193   __aeabi_memset
2000d193   __aeabi_memset4
2000d193   __aeabi_memset8
2000c429   __aeabi_uldivmod
ffffffff   __binit__
ffffffff   __c_args__
2002f800   __stack
2000d5d9   _args_main
2000d53d   _c_int00
2000d678   _ctypes_
20017f80   _lock
2000d617   _nop
2000d60f   _register_lock
2000d609   _register_unlock
20007dd9   _sl_BuildAddress
200085b7   _sl_HandleAsync_Accept
20008549   _sl_HandleAsync_Connect
20009c1f   _sl_HandleAsync_DnsGetHostByAddr
20009ba1   _sl_HandleAsync_DnsGetHostByName
20009b31   _sl_HandleAsync_DnsGetHostByService
2000b201   _sl_HandleAsync_InitComplete
20009abd   _sl_HandleAsync_PingResponse
200084f1   _sl_HandleAsync_Select
2000b1a1   _sl_HandleAsync_Stop
200084b3   _sl_ParseAddress
20007d6b   _sl_TruncatePayloadByProtocol
20017000   _sys_memory
20017f84   _unlock
2000d4b9   abort
2000d3dd   atoi
ffffffff   binit
2000aec1   calloc
20009d25   cc_SetupTransfer
20009f35   cc_UDMAChannelSelect
2000d471   copy_in
2000d4c1   exit
2000ac1b   free
2000dd1c   g_H2NCnysPattern
2000dd14   g_H2NSyncPattern
20017f54   g_SpiFd
20017c00   g_StatMem
20017eb4   g__SlNonOsCB
20017f00   g_cBsdBuf
20017f2c   g_cDummy
20017f5c   g_len
20017f90   g_pCB
20017f50   g_pHostIntHdl
20004000   g_pfnVectors
20017f68   g_ucConnectTimeout
20017f20   g_ucConnectionBSSID
20017edc   g_ucConnectionSSID
20017f58   g_ucDMAEnabled
20017e64   g_ucDinDout
20017f2d   g_ucLED1Pin
20017f2e   g_ucLED2Pin
20017f2f   g_ucLED3Pin
20017f44   g_uiLED1Port
20017f48   g_uiLED2Port
20017f4c   g_uiLED3Port
20017f64   g_ulGatewayIP
20017f60   g_ulStatus
20017d64   gfpAppCallbackHndl
20017800   gpCtlTbl
20017f30   iDone
2000d329   ltoa
20007031   main
20017f98   main_func_sp
2000abb9   malloc
2000ade1   memalign
2000d5bd   memccpy
2000ce39   memcpy
2000d199   memset
2000ab2d   minit
20017f94   pPingCallBackFunc
2000acdb   realloc
200083a5   sl_Accept
2000833d   sl_Bind
2000831f   sl_Close
20008235   sl_Connect
2000b135   sl_DevGet
2000b0f5   sl_DevSet
2000b0d7   sl_EventMaskGet
2000b0b9   sl_EventMaskSet
200081cd   sl_GetSockOpt
2000818b   sl_Htonl
20008157   sl_Htons
20008135   sl_Listen
200099eb   sl_NetAppDnsGetHostByName
2000991d   sl_NetAppDnsGetHostByService
200098bd   sl_NetAppGet
20009849   sl_NetAppGetServiceList
20009829   sl_NetAppMDNSRegisterService
20009793   sl_NetAppMDNSRegisterUnregisterService
20009817   sl_NetAppMDNSUnRegisterService
2000967f   sl_NetAppPingStart
20009619   sl_NetAppSendTokenValue
200095d9   sl_NetAppSet
200095bd   sl_NetAppStart
200095a1   sl_NetAppStop
2000cdc5   sl_NetCfgGet
2000cd85   sl_NetCfgSet
200080fb   sl_Recv
20008053   sl_RecvFrom
20007f55   sl_Select
20007eab   sl_Send
20007e01   sl_SendTo
20007d2b   sl_SetSockOpt
20007d01   sl_Socket
2000b005   sl_Start
2000aefd   sl_Stop
2000aef9   sl_Task
20008c59   sl_WlanConnect
20008c4d   sl_WlanDisconnect
20008be5   sl_WlanGet
20008b9d   sl_WlanGetNetworkList
20008b31   sl_WlanPolicyGet
20008aef   sl_WlanPolicySet
20008949   sl_WlanProfileAdd
20008911   sl_WlanProfileDel
20008857   sl_WlanProfileGet
200087fd   sl_WlanRxFilterAdd
200087ad   sl_WlanRxFilterGet
20008777   sl_WlanRxFilterSet
20008741   sl_WlanRxStatGet
20008739   sl_WlanRxStatStart
20008731   sl_WlanRxStatStop
200086f1   sl_WlanSet
200086d3   sl_WlanSetMode
20008669   sl_WlanSmartConfigStart
20008661   sl_WlanSmartConfigStop
2000a031   spi_Close
20009f51   spi_Open
20009ea9   spi_Read
20009e05   spi_Read_CPU
20009dbd   spi_Write
20009ce9   spi_Write_CPU
2000d61d   strlen
2000a645   uDMAChannelAssign
2000a2f5   uDMAChannelAttributeDisable
2000a2a1   uDMAChannelAttributeEnable
2000a349   uDMAChannelAttributeGet
2000a3b9   uDMAChannelControlSet
2000a233   uDMAChannelDisable
2000a21b   uDMAChannelEnable
2000a24b   uDMAChannelIsEnabled
2000a5bd   uDMAChannelModeGet
2000a289   uDMAChannelRequest
2000a4ed   uDMAChannelScatterGatherSet
2000a575   uDMAChannelSizeGet
2000a3f5   uDMAChannelTransferSet
2000a283   uDMAControlAlternateBaseGet
2000a27d   uDMAControlBaseGet
2000a26d   uDMAControlBaseSet
2000a205   uDMADisable
2000a1fd   uDMAEnable
2000a213   uDMAErrorStatusClear
2000a20d   uDMAErrorStatusGet
2000a631   uDMAIntClear
2000a603   uDMAIntRegister
2000a62b   uDMAIntStatus
2000a619   uDMAIntUnregister
2000cffd   vsnprintf


GLOBAL SYMBOLS: SORTED BY Symbol Address 

address    name
--------   ----
00000001   __TI_args_main
00000800   __STACK_SIZE
00000800   __SYSMEM_SIZE
20004000   g_pfnVectors
20004401   _SlRemoveFromList
2000443f   _SlFindAndSetActiveObj
200044cb   _SlDrvWaitForPoolObj
200045db   _SlDrvShiftDWord
200045ef   _SlDrvRxIrqHandler
20004625   _SlDrvRxHdrRead
2000474d   _SlDrvReleasePoolObj
20004849   _SlDrvObjInit
2000487f   _SlDrvObjDeInit
200048a9   _SlDrvMsgWrite
200049a5   _SlDrvClassifyRxMsg
20004a39   _SlDrvMsgRead
20004ddf   _SlAsyncEventGenericHandler
20005105   _SlDrvMsgReadSpawnCtx
20005199   _SlDrvMsgReadCmdCtx
20005249   _SlDrvDriverCBInit
200052c7   _SlDrvDriverCBDeinit
2000531f   _SlDrvDataWriteOp
20005461   _SlDrvDataReadOp
200055c3   _SlDrvCmdSend
200055e1   _SlDrvCmdOp
20005631   _SlDrvBasicCmd
20006223   __TI_printfi
2000652d   SimpleLinkWlanEventHandler
20006637   SimpleLinkNetAppEventHandler
200066cd   SimpleLinkHttpServerCallback
200066f5   SimpleLinkGeneralEventHandler
2000670b   SimpleLinkSockEventHandler
20006d59   BsdTcpServer
20006fdf   SmartConfigConnect
20007011   SmartConfigStop
20007031   main
20007375   PRCMSOCReset
20007381   PRCMMCUReset
200073a1   PRCMSysResetCauseGet
200073c5   PRCMPeripheralClkEnable
200073f1   PRCMPeripheralClkDisable
20007411   PRCMPeripheralClockGet
2000748f   PRCMPeripheralReset
200074dd   PRCMPeripheralStatusGet
20007507   PRCMI2SClockFreqSet
20007557   PRCMLPDSRestoreInfoSet
2000756f   PRCMLPDSEnter
2000759f   PRCMLPDSWakeupSourceEnable
200075c1   PRCMLPDSWakeupSourceDisable
200075d5   PRCMLPDSWakeupCauseGet
200075db   PRCMLPDSIntervalSet
200075fd   PRCMLPDSWakeUpGPIOSelect
20007619   PRCMSleepEnter
20007621   PRCMDeepSleepEnter
20007651   PRCMSRAMRetentionEnable
20007689   PRCMSRAMRetentionDisable
200076bd   PRCMHibernateWakeupSourceEnable
200076e3   PRCMHibernateWakeupSourceDisable
20007709   PRCMHibernateWakeupCauseGet
20007725   PRCMHibernateIntervalSet
20007799   PRCMHibernateWakeUpGPIOSelect
200077eb   PRCMHibernateEnter
200077fb   PRCMSlowClkCtrGet
20007835   PRCMSlowClkCtrMatchSet
2000785d   PRCMSlowClkCtrMatchGet
2000789d   PRCMOCRRegisterWrite
200078b7   PRCMOCRRegisterRead
200078d1   PRCMIntRegister
200078e5   PRCMIntUnregister
200078f9   PRCMIntEnable
2000792d   PRCMIntDisable
20007951   PRCMIntStatus
20007957   PRCMRTCInUseSet
20007969   PRCMRTCInUseGet
20007989   PRCMRTCSet
20007a19   PRCMRTCGet
20007ab1   PRCMRTCMatchSet
20007b4d   PRCMRTCMatchGet
20007be9   PRCMCC3200MCUInit
20007d01   sl_Socket
20007d2b   sl_SetSockOpt
20007d6b   _sl_TruncatePayloadByProtocol
20007dd9   _sl_BuildAddress
20007e01   sl_SendTo
20007eab   sl_Send
20007f55   sl_Select
20008053   sl_RecvFrom
200080fb   sl_Recv
20008135   sl_Listen
20008157   sl_Htons
2000818b   sl_Htonl
200081cd   sl_GetSockOpt
20008235   sl_Connect
2000831f   sl_Close
2000833d   sl_Bind
200083a5   sl_Accept
200084b3   _sl_ParseAddress
200084f1   _sl_HandleAsync_Select
20008549   _sl_HandleAsync_Connect
200085b7   _sl_HandleAsync_Accept
2000861b   SL_FD_ZERO
20008621   SL_FD_SET
20008635   SL_FD_ISSET
20008645   SL_FD_CLR
20008661   sl_WlanSmartConfigStop
20008669   sl_WlanSmartConfigStart
200086d3   sl_WlanSetMode
200086f1   sl_WlanSet
20008731   sl_WlanRxStatStop
20008739   sl_WlanRxStatStart
20008741   sl_WlanRxStatGet
20008777   sl_WlanRxFilterSet
200087ad   sl_WlanRxFilterGet
200087fd   sl_WlanRxFilterAdd
20008857   sl_WlanProfileGet
20008911   sl_WlanProfileDel
20008949   sl_WlanProfileAdd
20008aef   sl_WlanPolicySet
20008b31   sl_WlanPolicyGet
20008b9d   sl_WlanGetNetworkList
20008be5   sl_WlanGet
20008c4d   sl_WlanDisconnect
20008c59   sl_WlanConnect
200090db   SPIEnable
200090f3   SPIDisable
2000910b   SPIDmaEnable
20009125   SPIDmaDisable
2000913f   SPIReset
20009161   SPIConfigSetExpClk
20009205   SPIDataGetNonBlocking
2000922f   SPIDataGet
2000924f   SPIDataPutNonBlocking
20009277   SPIDataPut
20009295   SPIFIFOEnable
200092af   SPIFIFODisable
200092c9   SPIFIFOLevelSet
200092fd   SPIFIFOLevelGet
20009331   SPIWordCountSet
20009359   SPIIntRegister
2000937d   SPIIntUnregister
20009397   SPIIntEnable
200093db   SPIIntDisable
20009425   SPIIntStatus
20009493   SPIIntClear
200094d1   SPICSEnable
200094e9   SPICSDisable
20009501   SPITransfer
200095a1   sl_NetAppStop
200095bd   sl_NetAppStart
200095d9   sl_NetAppSet
20009619   sl_NetAppSendTokenValue
20009665   CopyPingResultsToReport
2000967f   sl_NetAppPingStart
20009793   sl_NetAppMDNSRegisterUnregisterService
20009817   sl_NetAppMDNSUnRegisterService
20009829   sl_NetAppMDNSRegisterService
20009849   sl_NetAppGetServiceList
200098bd   sl_NetAppGet
2000991d   sl_NetAppDnsGetHostByService
200099eb   sl_NetAppDnsGetHostByName
20009abd   _sl_HandleAsync_PingResponse
20009b31   _sl_HandleAsync_DnsGetHostByService
20009ba1   _sl_HandleAsync_DnsGetHostByName
20009c1f   _sl_HandleAsync_DnsGetHostByAddr
20009c25   _SlDrvNetAppEventHandler
20009ce9   spi_Write_CPU
20009d25   cc_SetupTransfer
20009d5b   SetupDMASend
20009dbd   spi_Write
20009e05   spi_Read_CPU
20009e41   SetupDMAReceive
20009ea9   spi_Read
20009f35   cc_UDMAChannelSelect
20009f51   spi_Open
2000a031   spi_Close
2000a093   NwpUnMaskInterrupt
2000a0a1   NwpRegisterInterruptHandler
2000a0e1   NwpMaskInterrupt
2000a0f1   NwpPowerOff
2000a125   NwpPowerOnPreamble
2000a169   NwpPowerOn
2000a18d   DmaSpiSwIntHandler
2000a1a9   HostIntHanlder
2000a1fd   uDMAEnable
2000a205   uDMADisable
2000a20d   uDMAErrorStatusGet
2000a213   uDMAErrorStatusClear
2000a21b   uDMAChannelEnable
2000a233   uDMAChannelDisable
2000a24b   uDMAChannelIsEnabled
2000a26d   uDMAControlBaseSet
2000a27d   uDMAControlBaseGet
2000a283   uDMAControlAlternateBaseGet
2000a289   uDMAChannelRequest
2000a2a1   uDMAChannelAttributeEnable
2000a2f5   uDMAChannelAttributeDisable
2000a349   uDMAChannelAttributeGet
2000a3b9   uDMAChannelControlSet
2000a3f5   uDMAChannelTransferSet
2000a4ed   uDMAChannelScatterGatherSet
2000a575   uDMAChannelSizeGet
2000a5bd   uDMAChannelModeGet
2000a603   uDMAIntRegister
2000a619   uDMAIntUnregister
2000a62b   uDMAIntStatus
2000a631   uDMAIntClear
2000a645   uDMAChannelAssign
2000a6dd   UARTParityModeSet
2000a6f9   UARTParityModeGet
2000a70b   UARTFIFOLevelSet
2000a723   UARTFIFOLevelGet
2000a74b   UARTConfigSetExpClk
2000a7c1   UARTConfigGetExpClk
2000a80d   UARTEnable
2000a831   UARTDisable
2000a85b   UARTFIFOEnable
2000a871   UARTFIFODisable
2000a887   UARTModemControlSet
2000a8ab   UARTModemControlClear
2000a8cf   UARTModemControlGet
2000a8e1   UARTModemStatusGet
2000a8f3   UARTFlowControlSet
2000a90f   UARTFlowControlGet
2000a921   UARTTxIntModeSet
2000a93d   UARTTxIntModeGet
2000a94f   UARTCharsAvail
2000a967   UARTSpaceAvail
2000a989   UARTCharGetNonBlocking
2000a9a5   UARTCharGet
2000a9bb   UARTCharPutNonBlocking
2000a9df   UARTCharPut
2000a9fd   UARTBreakCtl
2000aa27   UARTBusy
2000aa3f   UARTIntRegister
2000aa5d   UARTIntUnregister
2000aa77   UARTIntEnable
2000aa8f   UARTIntDisable
2000aaa7   UARTIntStatus
2000aac5   UARTIntClear
2000aad7   UARTDMAEnable
2000aaef   UARTDMADisable
2000ab07   UARTRxErrorGet
2000ab1d   UARTRxErrorClear
2000ab2d   minit
2000abb9   malloc
2000ac1b   free
2000acdb   realloc
2000ade1   memalign
2000aec1   calloc
2000aef9   sl_Task
2000aefd   sl_Stop
2000afbb   GetStartResponseConvert
2000b005   sl_Start
2000b0b9   sl_EventMaskSet
2000b0d7   sl_EventMaskGet
2000b0f5   sl_DevSet
2000b135   sl_DevGet
2000b1a1   _sl_HandleAsync_Stop
2000b201   _sl_HandleAsync_InitComplete
2000b275   _SlDrvDeviceEventHandler
2000b2af   IntMasterEnable
2000b2b9   IntMasterDisable
2000b2c3   IntVTableBaseSet
2000b2d3   IntRegister
2000b2ef   IntUnregister
2000b309   IntPriorityGroupingSet
2000b323   IntPriorityGroupingGet
2000b35b   IntPrioritySet
2000b3ab   IntPriorityGet
2000b3cf   IntEnable
2000b469   IntDisable
2000b503   IntPendSet
2000b591   IntPendClear
2000b5e9   IntPriorityMaskSet
2000b5f5   IntPriorityMaskGet
2000b61d   GPIO_IF_LedConfigure
2000b65b   GPIO_IF_LedOn
2000b70f   GPIO_IF_LedOff
2000b7c3   GPIO_IF_LedStatus
2000b82d   GPIO_IF_LedToggle
2000b85b   GPIO_IF_GetPortNPin
2000b8a1   GPIO_IF_ConfigureNIntEnable
2000b8dd   GPIO_IF_Set
2000b917   GPIO_IF_Get
2000b9b9   GPIODirModeSet
2000b9ef   GPIODirModeGet
2000ba21   GPIOIntTypeSet
2000baa3   GPIOIntTypeGet
2000bb09   GPIOIntEnable
2000bb23   GPIOIntDisable
2000bb3d   GPIOIntStatus
2000bb5f   GPIOIntClear
2000bb73   GPIOIntRegister
2000bb91   GPIOIntUnregister
2000bbab   GPIOPinRead
2000bbc3   GPIOPinWrite
2000bbe3   GPIODMATriggerEnable
2000bc3b   GPIODMATriggerDisable
2000bca5   FlashDisable
2000bcdb   FlashErase
2000bd15   FlashEraseNonBlocking
2000bd33   FlashMassErase
2000bd5f   FlashMassEraseNonBlocking
2000bd6f   FlashProgram
2000bdf1   FlashProgramNonBlocking
2000be73   FlashProtectGet
2000bee9   FlashIntRegister
2000befd   FlashIntUnregister
2000bf0d   FlashIntEnable
2000bf21   FlashIntDisable
2000bf35   FlashIntStatus
2000bf51   FlashIntClear
2000bfa5   PinModeSet
2000bfdd   PinModeGet
2000c007   PinDirModeSet
2000c03b   PinDirModeGet
2000c065   PinConfigGet
2000c0a3   PinConfigSet
2000c11f   PinTypeUART
2000c139   PinTypeI2C
2000c155   PinTypeSPI
2000c16f   PinTypeI2S
2000c189   PinTypeTimer
2000c1a3   PinTypeCamera
2000c1bd   PinTypeGPIO
2000c1ed   PinTypeADC
2000c201   PinTypeSDHost
2000c229   DmaSwIntHandler
2000c23f   DmaErrorIntHandler
2000c24b   UDMAInit
2000c2a3   UDMAChannelSelect
2000c2d1   SetupTransfer
2000c315   UDMASetupAutoMemTransfer
2000c349   UDMASetupPingPongTransfer
2000c3a3   UDMAStartTransfer
2000c3af   UDMAStopTransfer
2000c3bb   UDMADeInit
2000c3cf   DMASetupTransfer
2000c429   __aeabi_uldivmod
2000c61d   InitTerm
2000c63b   Message
2000c65d   ClearTerm
2000c667   Error
2000c69f   GetCmd
2000c731   Report
2000c7f1   __aeabi_dsub
2000c7fb   __aeabi_dadd
2000c9ff   Interpreter
2000cb51   __aeabi_ddiv
2000cc87   __aeabi_dmul
2000cd85   sl_NetCfgSet
2000cdc5   sl_NetCfgGet
2000ce39   __aeabi_memcpy
2000ce39   __aeabi_memcpy4
2000ce39   __aeabi_memcpy8
2000ce39   memcpy
2000ced5   __TI_auto_init
2000cf69   _SlNonOsSpawn
2000cf85   _SlNonOsSemSet
2000cf8d   _SlNonOsMainLoopTask
2000cfc5   _SlNonOsSemGet
2000cffd   vsnprintf
2000d085   __aeabi_cdcmpeq
2000d085   __aeabi_cdcmple
2000d10b   __aeabi_cdrcmple
2000d191   __aeabi_memclr
2000d191   __aeabi_memclr4
2000d191   __aeabi_memclr8
2000d193   __aeabi_memset
2000d193   __aeabi_memset4
2000d193   __aeabi_memset8
2000d199   memset
2000d209   PinMuxConfig
2000d26d   CPUcpsid
2000d281   CPUprimask
2000d28b   CPUcpsie
2000d29f   CPUwfi
2000d2ab   CPUbasepriSet
2000d2c1   CPUbasepriGet
2000d329   ltoa
2000d385   _SlDrvFlowContInit
2000d3af   _SlDrvFlowContDeinit
2000d3dd   atoi
2000d429   __aeabi_d2iz
2000d471   copy_in
2000d4b5   C$$EXIT
2000d4b9   abort
2000d4c1   exit
2000d4f9   _Dtest
2000d53d   _c_int00
2000d571   __aeabi_i2d
2000d59f   __aeabi_llsr
2000d5bd   memccpy
2000d5d9   _args_main
2000d5f1   __aeabi_lmul
2000d609   _register_unlock
2000d60f   _register_lock
2000d617   _nop
2000d61d   strlen
2000d631   __TI_zero_init
2000d643   __TI_decompress_none
2000d651   _Dclass
2000d65f   ResetISR
2000d66d   UtilsDelay
2000d673   __TI_decompress_rle24
2000d678   _ctypes_
2000dba0   _SlPolicySetCmdCtrl
2000dba4   _SlPolicyGetCmdCtrl
2000dba8   _SlProfileGetCmdCtrl
2000dbac   _SlProfileDelCmdCtrl
2000dbb0   _SlWlanGetNetworkListCtrl
2000dbb4   _SlRxFilterAddtCmdCtrl
2000dbb8   _SlRxFilterSetCmdCtrl
2000dbbc   _SlRxFilterGetCmdCtrl
2000dbc0   _SlSmartConfigStartCmdCtrl
2000dbc4   _SlWlanSetModeCmdCtrl
2000dbc8   _SlWlanCfgSetCmdCtrl
2000dbcc   _SlWlanCfgGetCmdCtrl
2000dbdc   _SlActionLookupTable
2000dc14   _SlSockSocketCmdCtrl
2000dc18   _SlSockCloseCmdCtrl
2000dc1c   _SlRecvfomCmdCtrl
2000dc20   _SlSendCmdCtrl
2000dc24   _SlListenCmdCtrl
2000dc28   _SlAcceptCmdCtrl
2000dc2c   _SlRecvCmdCtrl
2000dc30   _SlSetSockOptCmdCtrl
2000dc34   _SlGetSockOptCmdCtrl
2000dc38   _SlSelectCmdCtrl
2000dc74   _SlNetAppStartCtrl
2000dc78   _SlNetAppStopCtrl
2000dc7c   _SlGetServiceListeCtrl
2000dc80   _SlRegisterServiceCtrl
2000dc84   _SlGetHostByServiceCtrl
2000dc88   _SlGetHostByNameCtrl
2000dc8c   _SlNetAppSetCmdCtrl
2000dc90   _SlNetAppSendTokenValueCmdCtrl
2000dc94   _SlNetAppGetCmdCtrl
2000dd00   _SlStopCmdCtrl
2000dd04   _SlEventMaskSetCmdCtrl
2000dd08   _SlEventMaskGetCmdCtrl
2000dd0c   _SlDeviceGetCmdCtrl
2000dd10   _SlDeviceSetCmdCtrl
2000dd14   g_H2NSyncPattern
2000dd1c   g_H2NCnysPattern
2000dd38   _SlNetCfgSetCmdCtrl
2000dd3c   _SlNetCfgGetCmdCtrl
2000dd40   __TI_static_base__
2000dd7c   __TI_Handler_Table_Base
2000dd88   __TI_Handler_Table_Limit
2000dd90   __TI_CINIT_Base
2000dda0   __TI_CINIT_Limit
20017000   _sys_memory
20017800   gpCtlTbl
20017c00   g_StatMem
20017d64   gfpAppCallbackHndl
20017e64   g_ucDinDout
20017eb4   g__SlNonOsCB
20017edc   g_ucConnectionSSID
20017f00   g_cBsdBuf
20017f20   g_ucConnectionBSSID
20017f2c   g_cDummy
20017f2d   g_ucLED1Pin
20017f2e   g_ucLED2Pin
20017f2f   g_ucLED3Pin
20017f30   iDone
20017f44   g_uiLED1Port
20017f48   g_uiLED2Port
20017f4c   g_uiLED3Port
20017f50   g_pHostIntHdl
20017f54   g_SpiFd
20017f58   g_ucDMAEnabled
20017f5c   g_len
20017f60   g_ulStatus
20017f64   g_ulGatewayIP
20017f68   g_ucConnectTimeout
20017f80   _lock
20017f84   _unlock
20017f88   __TI_cleanup_ptr
20017f8c   __TI_dtors_ptr
20017f90   g_pCB
20017f94   pPingCallBackFunc
20017f98   main_func_sp
2002f800   __stack
20030000   __STACK_END
ffffffff   __binit__
ffffffff   __c_args__
ffffffff   binit
UNDEFED    SHT$$INIT_ARRAY$$Base
UNDEFED    SHT$$INIT_ARRAY$$Limit

[490 symbols]
