******************************************************************************
                  TI ARM Linker PC v5.1.6                      
******************************************************************************
>> Linked Wed Aug 13 19:52:23 2014

OUTPUT FILE NAME:   <BREWise_2.out>
ENTRY POINT SYMBOL: "_c_int00"  address: 2000cc21


MEMORY CONFIGURATION

         name            origin    length      used     unused   attr    fill
----------------------  --------  ---------  --------  --------  ----  --------
  SRAM_CODE             20004000   00012fff  0000945c  00009ba3  RW X
  SRAM_DATA             20017000   00019000  0000126c  00017d94  RW X


SEGMENT ALLOCATION MAP

run origin  load origin   length   init length attrs members
----------  ----------- ---------- ----------- ----- -------
20004000    20004000    00009460   00009460    r-x
  20004000    20004000    00000400   00000400    r-- .intvecs
  20004400    20004400    0000895c   0000895c    r-x .text
  2000cd5c    2000cd5c    000006a0   000006a0    r-- .const
  2000d400    2000d400    00000060   00000060    r-- .cinit
20017000    20017000    00000a6c   00000000    rw-
  20017000    20017000    00000800   00000000    rw- .sysmem
  20017800    20017800    00000210   00000000    rw- .bss
  20017a10    20017a10    0000005c   00000000    rw- .data
2002f800    2002f800    00000800   00000000    rw-
  2002f800    2002f800    00000800   00000000    rw- .stack


SECTION ALLOCATION MAP

 output                                  attributes/
section   page    origin      length       input sections
--------  ----  ----------  ----------   ----------------
.init_array 
*          0    20004000    00000000     UNINITIALIZED

.intvecs   0    20004000    00000400     
                  20004000    00000400     startup_ccs.obj (.intvecs)

.text      0    20004400    0000895c     
                  20004400    0000126c     simplelink.a : driver.obj (.text)
                  2000566c    00000ec0     rtsv7M4_T_le_eabi.lib : _printfi.obj (.text)
                  2000652c    0000098c     driverlib.a : prcm.obj (.text)
                  20006eb8    00000960     simplelink.a : socket.obj (.text)
                  20007818    00000900     main.obj (.text)
                  20008118    000007a4     simplelink.a : wlan.obj (.text)
                  200088bc    0000079c     driverlib.a : spi.obj (.text)
                  20009058    00000748     simplelink.a : netapp.obj (.text)
                  200097a0    00000514                  : cc_pal.obj (.text)
                  20009cb4    000004a4     driverlib.a : udma.obj (.text)
                  2000a158    0000048c                 : uart.obj (.text)
                  2000a5e4    000003cc     rtsv7M4_T_le_eabi.lib : memory.obj (.text)
                  2000a9b0    000003b4     simplelink.a : device.obj (.text)
                  2000ad64    00000370     driverlib.a : interrupt.obj (.text)
                  2000b0d4    00000354     gpio_if.obj (.text)
                  2000b428    00000334     driverlib.a : gpio.obj (.text)
                  2000b75c    00000300                 : flash.obj (.text)
                  2000ba5c    00000284                 : pin.obj (.text)
                  2000bce0    000001f4     rtsv7M4_T_le_eabi.lib : ull_div_t2.obj (.text)
                  2000bed4    000001d4     uart_if.obj (.text)
                  2000c0a8    000001b6     rtsv7M4_T_le_eabi.lib : fd_add_t2.obj (.text)
                  2000c25e    00000136                           : fd_div_t2.obj (.text)
                  2000c394    000000fc                           : fd_mul_t2.obj (.text)
                  2000c490    000000b4     simplelink.a : netcfg.obj (.text)
                  2000c544    0000009c     rtsv7M4_T_le_eabi.lib : memcpy_t2.obj (.text)
                  2000c5e0    00000094                           : auto_init.obj (.text)
                  2000c674    00000094     simplelink.a : nonos.obj (.text)
                  2000c708    00000088     rtsv7M4_T_le_eabi.lib : vsnprintf.obj (.text)
                  2000c790    00000086                           : fd_cmp_t2.obj (.text:__aeabi_cdcmple)
                  2000c816    00000086                           : fd_cmp_t2.obj (.text:__aeabi_cdrcmple)
                  2000c89c    00000078                           : memset_t2.obj (.text)
                  2000c914    0000005e     driverlib.a : cpu.obj (.text)
                  2000c972    0000005e     rtsv7M4_T_le_eabi.lib : copy_decompress_rle.obj (.text)
                  2000c9d0    0000005a                           : ltoa.obj (.text)
                  2000ca2a    00000002     --HOLE-- [fill = 0]
                  2000ca2c    00000058     simplelink.a : flowcont.obj (.text)
                  2000ca84    0000004c     rtsv7M4_T_le_eabi.lib : atoi.obj (.text)
                  2000cad0    00000048                           : fd_toi_t2.obj (.text)
                  2000cb18    00000044                           : cpy_tbl.obj (.text)
                  2000cb5c    00000044                           : exit.obj (.text)
                  2000cba0    00000044                           : xdtest.obj (.text)
                  2000cbe4    0000003c     pinmux.obj (.text)
                  2000cc20    00000034     rtsv7M4_T_le_eabi.lib : boot.obj (.text)
                  2000cc54    0000002e                           : i_tofd_t2.obj (.text)
                  2000cc82    0000001e                           : ll_lsr_t2.obj (.text)
                  2000cca0    0000001c                           : memccpy.obj (.text)
                  2000ccbc    00000018                           : args_main.obj (.text)
                  2000ccd4    00000018                           : ll_mul_t2.obj (.text)
                  2000ccec    00000014                           : _lock.obj (.text)
                  2000cd00    00000014                           : strlen.obj (.text)
                  2000cd14    00000012                           : copy_zero_init.obj (.text:decompress:ZI)
                  2000cd26    0000000e                           : copy_decompress_none.obj (.text:decompress:none)
                  2000cd34    0000000e                           : xdclass.obj (.text)
                  2000cd42    0000000e     startup_ccs.obj (.text)
                  2000cd50    00000006     driverlib.a : utils.obj (.text:UtilsDelay)
                  2000cd56    00000006     rtsv7M4_T_le_eabi.lib : copy_decompress_rle.obj (.text:decompress:rle24)

.const     0    2000cd5c    000006a0     
                  2000cd5c    00000102     rtsv7M4_T_le_eabi.lib : ctype.obj (.const:.string:_ctypes_)
                  2000ce5e    00000002     --HOLE-- [fill = 0]
                  2000ce60    00000100     driverlib.a : pin.obj (.const:g_ulPinToPadMap)
                  2000cf60    000000d4                 : interrupt.obj (.const:g_pulRegs)
                  2000d034    000000b0     simplelink.a : wlan.obj (.const:$P$T0$1)
                  2000d0e4    000000a0     driverlib.a : prcm.obj (.const:PRCM_PeriphRegsList)
                  2000d184    00000080                 : interrupt.obj (.const)
                  2000d204    00000040                 : flash.obj (.const:g_pulFMPPERegs)
                  2000d244    00000040                 : flash.obj (.const:g_pulFMPRERegs)
                  2000d284    0000003c     simplelink.a : wlan.obj (.const)
                  2000d2c0    00000038                  : driver.obj (.const:_SlActionLookupTable)
                  2000d2f8    00000034                  : socket.obj (.const)
                  2000d32c    0000002c     main.obj (.const:$P$T0$1)
                  2000d358    00000028     simplelink.a : netapp.obj (.const)
                  2000d380    00000024     driverlib.a : spi.obj (.const:g_ppulSPIIntMap)
                  2000d3a4    00000018                 : spi.obj (.const)
                  2000d3bc    00000014     simplelink.a : device.obj (.const)
                  2000d3d0    00000014                  : driver.obj (.const)
                  2000d3e4    00000010     driverlib.a : uart.obj (.const)
                  2000d3f4    00000008     simplelink.a : netcfg.obj (.const)

.cinit     0    2000d400    00000060     
                  2000d400    00000035     (.cinit..data.load) [load image, compression = rle]
                  2000d435    00000003     --HOLE-- [fill = 0]
                  2000d438    0000000c     (__TI_handler_table)
                  2000d444    00000004     --HOLE-- [fill = 0]
                  2000d448    00000008     (.cinit..bss.load) [load image, compression = zero_init]
                  2000d450    00000010     (__TI_cinit_table)

.sysmem    0    20017000    00000800     UNINITIALIZED
                  20017000    00000008     rtsv7M4_T_le_eabi.lib : memory.obj (.sysmem)
                  20017008    000007f8     --HOLE--

.bss       0    20017800    00000210     UNINITIALIZED
                  20017800    00000164     simplelink.a : driver.obj (.bss:g_StatMem)
                  20017964    00000050                  : cc_pal.obj (.bss:g_ucDinDout)
                  200179b4    00000028                  : nonos.obj (.bss:g__SlNonOsCB)
                  200179dc    00000024     main.obj (.bss:g_ucConnectionSSID)
                  20017a00    00000008     (.common:g_ucConnectionBSSID)
                  20017a08    00000004     (.common:__Errorlog)
                  20017a0c    00000001     (.common:g_cDummy)
                  20017a0d    00000001     (.common:g_ucLED1Pin)
                  20017a0e    00000001     (.common:g_ucLED2Pin)
                  20017a0f    00000001     (.common:g_ucLED3Pin)

.data      0    20017a10    0000005c     UNINITIALIZED
                  20017a10    0000001c     gpio_if.obj (.data)
                  20017a2c    00000010     simplelink.a : cc_pal.obj (.data)
                  20017a3c    0000000c     rtsv7M4_T_le_eabi.lib : memory.obj (.data)
                  20017a48    00000008     main.obj (.data)
                  20017a50    00000008     rtsv7M4_T_le_eabi.lib : _lock.obj (.data)
                  20017a58    00000008                           : exit.obj (.data)
                  20017a60    00000008     simplelink.a : driver.obj (.data)
                  20017a68    00000004     rtsv7M4_T_le_eabi.lib : stkdepth_vars.obj (.data)

.stack     0    2002f800    00000800     UNINITIALIZED
                  2002f800    00000800     --HOLE--


LINKER GENERATED COPY TABLES

__TI_cinit_table @ 2000d450 records: 2, size/record: 8, table size: 16
	.data: load addr=2000d400, load size=00000035 bytes, run addr=20017a10, run size=0000005c bytes, compression=rle
	.bss: load addr=2000d448, load size=00000008 bytes, run addr=20017800, run size=00000210 bytes, compression=zero_init


LINKER GENERATED HANDLER TABLE

__TI_handler_table @ 2000d438 records: 3, size/record: 4, table size: 12
	index: 0, handler: __TI_decompress_rle24
	index: 1, handler: __TI_decompress_none
	index: 2, handler: __TI_zero_init


GLOBAL SYMBOLS: SORTED ALPHABETICALLY BY Name 

address    name
--------   ----
2000cb5d   C$$EXIT
2000c969   CPUbasepriGet
2000c953   CPUbasepriSet
2000c915   CPUcpsid
2000c933   CPUcpsie
2000c929   CPUprimask
2000c947   CPUwfi
2000bf15   ClearTerm
2000911d   CopyPingResultsToReport
20009c45   DmaSpiSwIntHandler
2000bf1f   Error
2000b75d   FlashDisable
2000b793   FlashErase
2000b7cd   FlashEraseNonBlocking
2000ba09   FlashIntClear
2000b9d9   FlashIntDisable
2000b9c5   FlashIntEnable
2000b9a1   FlashIntRegister
2000b9ed   FlashIntStatus
2000b9b5   FlashIntUnregister
2000b7eb   FlashMassErase
2000b817   FlashMassEraseNonBlocking
2000b827   FlashProgram
2000b8a9   FlashProgramNonBlocking
2000b92b   FlashProtectGet
2000b6f3   GPIODMATriggerDisable
2000b69b   GPIODMATriggerEnable
2000b4a7   GPIODirModeGet
2000b471   GPIODirModeSet
2000b617   GPIOIntClear
2000b5db   GPIOIntDisable
2000b5c1   GPIOIntEnable
2000b62b   GPIOIntRegister
2000b5f5   GPIOIntStatus
2000b55b   GPIOIntTypeGet
2000b4d9   GPIOIntTypeSet
2000b649   GPIOIntUnregister
2000b663   GPIOPinRead
2000b67b   GPIOPinWrite
2000b359   GPIO_IF_ConfigureNIntEnable
2000b3cf   GPIO_IF_Get
2000b313   GPIO_IF_GetPortNPin
2000b0d5   GPIO_IF_LedConfigure
2000b1c7   GPIO_IF_LedOff
2000b113   GPIO_IF_LedOn
2000b27b   GPIO_IF_LedStatus
2000b2e5   GPIO_IF_LedToggle
2000b395   GPIO_IF_Set
2000bf57   GetCmd
2000aa73   GetStartResponseConvert
20009c61   HostIntHanlder
2000bed5   InitTerm
2000af21   IntDisable
2000ae87   IntEnable
2000ad71   IntMasterDisable
2000ad67   IntMasterEnable
2000b049   IntPendClear
2000afbb   IntPendSet
2000ae63   IntPriorityGet
2000addb   IntPriorityGroupingGet
2000adc1   IntPriorityGroupingSet
2000b0ad   IntPriorityMaskGet
2000b0a1   IntPriorityMaskSet
2000ae13   IntPrioritySet
2000ad8b   IntRegister
2000ada7   IntUnregister
2000ad7b   IntVTableBaseSet
2000bef3   Message
20009b99   NwpMaskInterrupt
20009ba9   NwpPowerOff
20009c21   NwpPowerOn
20009bdd   NwpPowerOnPreamble
20009b59   NwpRegisterInterruptHandler
20009b4b   NwpUnMaskInterrupt
20006da1   PRCMCC3200MCUInit
200067d9   PRCMDeepSleepEnter
200069a3   PRCMHibernateEnter
200068dd   PRCMHibernateIntervalSet
20006951   PRCMHibernateWakeUpGPIOSelect
200068c1   PRCMHibernateWakeupCauseGet
2000689b   PRCMHibernateWakeupSourceDisable
20006875   PRCMHibernateWakeupSourceEnable
200066bf   PRCMI2SClockFreqSet
20006ae5   PRCMIntDisable
20006ab1   PRCMIntEnable
20006a89   PRCMIntRegister
20006b09   PRCMIntStatus
20006a9d   PRCMIntUnregister
20006727   PRCMLPDSEnter
20006793   PRCMLPDSIntervalSet
2000670f   PRCMLPDSRestoreInfoSet
200067b5   PRCMLPDSWakeUpGPIOSelect
2000678d   PRCMLPDSWakeupCauseGet
20006779   PRCMLPDSWakeupSourceDisable
20006757   PRCMLPDSWakeupSourceEnable
20006539   PRCMMCUReset
20006a6f   PRCMOCRRegisterRead
20006a55   PRCMOCRRegisterWrite
200065a9   PRCMPeripheralClkDisable
2000657d   PRCMPeripheralClkEnable
200065c9   PRCMPeripheralClockGet
20006647   PRCMPeripheralReset
20006695   PRCMPeripheralStatusGet
20006bd1   PRCMRTCGet
20006b21   PRCMRTCInUseGet
20006b0f   PRCMRTCInUseSet
20006d05   PRCMRTCMatchGet
20006c69   PRCMRTCMatchSet
20006b41   PRCMRTCSet
2000652d   PRCMSOCReset
20006841   PRCMSRAMRetentionDisable
20006809   PRCMSRAMRetentionEnable
200067d1   PRCMSleepEnter
200069b3   PRCMSlowClkCtrGet
20006a15   PRCMSlowClkCtrMatchGet
200069ed   PRCMSlowClkCtrMatchSet
20006559   PRCMSysResetCauseGet
2000bb1d   PinConfigGet
2000bb5b   PinConfigSet
2000baf3   PinDirModeGet
2000babf   PinDirModeSet
2000ba95   PinModeGet
2000ba5d   PinModeSet
2000cbe5   PinMuxConfig
2000bca5   PinTypeADC
2000bc5b   PinTypeCamera
2000bc75   PinTypeGPIO
2000bbf1   PinTypeI2C
2000bc27   PinTypeI2S
2000bcb9   PinTypeSDHost
2000bc0d   PinTypeSPI
2000bc41   PinTypeTimer
2000bbd7   PinTypeUART
2000bfe9   Report
2000cd43   ResetISR
UNDEFED    SHT$$INIT_ARRAY$$Base
UNDEFED    SHT$$INIT_ARRAY$$Limit
200077fd   SL_FD_CLR
200077ed   SL_FD_ISSET
200077d9   SL_FD_SET
200077d3   SL_FD_ZERO
20008fa1   SPICSDisable
20008f89   SPICSEnable
20008c19   SPIConfigSetExpClk
20008ce7   SPIDataGet
20008cbd   SPIDataGetNonBlocking
20008d2f   SPIDataPut
20008d07   SPIDataPutNonBlocking
20008bab   SPIDisable
20008bdd   SPIDmaDisable
20008bc3   SPIDmaEnable
20008b93   SPIEnable
20008d67   SPIFIFODisable
20008d4d   SPIFIFOEnable
20008db5   SPIFIFOLevelGet
20008d81   SPIFIFOLevelSet
20008f4b   SPIIntClear
20008e93   SPIIntDisable
20008e4f   SPIIntEnable
20008e11   SPIIntRegister
20008edd   SPIIntStatus
20008e35   SPIIntUnregister
20008bf7   SPIReset
20008fb9   SPITransfer
20008de9   SPIWordCountSet
200098f9   SetupDMAReceive
20009813   SetupDMASend
200079e1   SimpleLinkGeneralEventHandler
200079b9   SimpleLinkHttpServerCallback
20007923   SimpleLinkNetAppEventHandler
200079f7   SimpleLinkSockEventHandler
20007819   SimpleLinkWlanEventHandler
20007f01   SmartConfigConnect
2000a4b5   UARTBreakCtl
2000a4df   UARTBusy
2000a45d   UARTCharGet
2000a441   UARTCharGetNonBlocking
2000a497   UARTCharPut
2000a473   UARTCharPutNonBlocking
2000a407   UARTCharsAvail
2000a279   UARTConfigGetExpClk
2000a203   UARTConfigSetExpClk
2000a5a7   UARTDMADisable
2000a58f   UARTDMAEnable
2000a2e9   UARTDisable
2000a2c5   UARTEnable
2000a329   UARTFIFODisable
2000a313   UARTFIFOEnable
2000a1db   UARTFIFOLevelGet
2000a1c3   UARTFIFOLevelSet
2000a3c7   UARTFlowControlGet
2000a3ab   UARTFlowControlSet
2000a57d   UARTIntClear
2000a547   UARTIntDisable
2000a52f   UARTIntEnable
2000a4f7   UARTIntRegister
2000a55f   UARTIntStatus
2000a515   UARTIntUnregister
2000a363   UARTModemControlClear
2000a387   UARTModemControlGet
2000a33f   UARTModemControlSet
2000a399   UARTModemStatusGet
2000a1b1   UARTParityModeGet
2000a195   UARTParityModeSet
2000a5d5   UARTRxErrorClear
2000a5bf   UARTRxErrorGet
2000a41f   UARTSpaceAvail
2000a3f5   UARTTxIntModeGet
2000a3d9   UARTTxIntModeSet
2000cd51   UtilsDelay
2000cd35   _Dclass
2000cba1   _Dtest
2000d30c   _SlAcceptCmdCtrl
2000d2c0   _SlActionLookupTable
20004ddf   _SlAsyncEventGenericHandler
2000d3c8   _SlDeviceGetCmdCtrl
2000d3cc   _SlDeviceSetCmdCtrl
20005631   _SlDrvBasicCmd
200049a5   _SlDrvClassifyRxMsg
200055e1   _SlDrvCmdOp
200055c3   _SlDrvCmdSend
20005461   _SlDrvDataReadOp
2000531f   _SlDrvDataWriteOp
2000ad2d   _SlDrvDeviceEventHandler
200052c7   _SlDrvDriverCBDeinit
20005249   _SlDrvDriverCBInit
2000ca57   _SlDrvFlowContDeinit
2000ca2d   _SlDrvFlowContInit
20004a39   _SlDrvMsgRead
20005199   _SlDrvMsgReadCmdCtx
20005105   _SlDrvMsgReadSpawnCtx
200048a9   _SlDrvMsgWrite
200096dd   _SlDrvNetAppEventHandler
2000487f   _SlDrvObjDeInit
20004849   _SlDrvObjInit
2000474d   _SlDrvReleasePoolObj
20004625   _SlDrvRxHdrRead
200045ef   _SlDrvRxIrqHandler
200045db   _SlDrvShiftDWord
200044cb   _SlDrvWaitForPoolObj
2000d3c4   _SlEventMaskGetCmdCtrl
2000d3c0   _SlEventMaskSetCmdCtrl
2000443f   _SlFindAndSetActiveObj
2000d36c   _SlGetHostByNameCtrl
2000d368   _SlGetHostByServiceCtrl
2000d360   _SlGetServiceListeCtrl
2000d318   _SlGetSockOptCmdCtrl
2000d308   _SlListenCmdCtrl
2000d378   _SlNetAppGetCmdCtrl
2000d374   _SlNetAppSendTokenValueCmdCtrl
2000d370   _SlNetAppSetCmdCtrl
2000d358   _SlNetAppStartCtrl
2000d35c   _SlNetAppStopCtrl
2000d3f8   _SlNetCfgGetCmdCtrl
2000d3f4   _SlNetCfgSetCmdCtrl
2000c699   _SlNonOsMainLoopTask
2000c6d1   _SlNonOsSemGet
2000c691   _SlNonOsSemSet
2000c675   _SlNonOsSpawn
2000d288   _SlPolicyGetCmdCtrl
2000d284   _SlPolicySetCmdCtrl
2000d290   _SlProfileDelCmdCtrl
2000d28c   _SlProfileGetCmdCtrl
2000d310   _SlRecvCmdCtrl
2000d300   _SlRecvfomCmdCtrl
2000d364   _SlRegisterServiceCtrl
20004401   _SlRemoveFromList
2000d298   _SlRxFilterAddtCmdCtrl
2000d2a0   _SlRxFilterGetCmdCtrl
2000d29c   _SlRxFilterSetCmdCtrl
2000d31c   _SlSelectCmdCtrl
2000d304   _SlSendCmdCtrl
2000d314   _SlSetSockOptCmdCtrl
2000d2a4   _SlSmartConfigStartCmdCtrl
2000d2fc   _SlSockCloseCmdCtrl
2000d2f8   _SlSockSocketCmdCtrl
2000d3bc   _SlStopCmdCtrl
2000d2b0   _SlWlanCfgGetCmdCtrl
2000d2ac   _SlWlanCfgSetCmdCtrl
2000d294   _SlWlanGetNetworkListCtrl
2000d2a8   _SlWlanSetModeCmdCtrl
20030000   __STACK_END
00000800   __STACK_SIZE
00000800   __SYSMEM_SIZE
2000d450   __TI_CINIT_Base
2000d460   __TI_CINIT_Limit
2000d438   __TI_Handler_Table_Base
2000d444   __TI_Handler_Table_Limit
00000001   __TI_args_main
2000c5e1   __TI_auto_init
20017a58   __TI_cleanup_ptr
2000cd27   __TI_decompress_none
2000cd57   __TI_decompress_rle24
20017a5c   __TI_dtors_ptr
20006223   __TI_printfi
2000d400   __TI_static_base__
2000cd15   __TI_zero_init
2000c791   __aeabi_cdcmpeq
2000c791   __aeabi_cdcmple
2000c817   __aeabi_cdrcmple
2000cad1   __aeabi_d2iz
2000c0b3   __aeabi_dadd
2000c25f   __aeabi_ddiv
2000c395   __aeabi_dmul
2000c0a9   __aeabi_dsub
2000cc55   __aeabi_i2d
2000cc83   __aeabi_llsr
2000ccd5   __aeabi_lmul
2000c89d   __aeabi_memclr
2000c89d   __aeabi_memclr4
2000c89d   __aeabi_memclr8
2000c545   __aeabi_memcpy
2000c545   __aeabi_memcpy4
2000c545   __aeabi_memcpy8
2000c89f   __aeabi_memset
2000c89f   __aeabi_memset4
2000c89f   __aeabi_memset8
2000bce1   __aeabi_uldivmod
ffffffff   __binit__
ffffffff   __c_args__
2002f800   __stack
2000ccbd   _args_main
2000cc21   _c_int00
2000cd5c   _ctypes_
20017a50   _lock
2000ccfb   _nop
2000ccf3   _register_lock
2000cced   _register_unlock
20006f91   _sl_BuildAddress
2000776f   _sl_HandleAsync_Accept
20007701   _sl_HandleAsync_Connect
200096d7   _sl_HandleAsync_DnsGetHostByAddr
20009659   _sl_HandleAsync_DnsGetHostByName
200095e9   _sl_HandleAsync_DnsGetHostByService
2000acb9   _sl_HandleAsync_InitComplete
20009575   _sl_HandleAsync_PingResponse
200076a9   _sl_HandleAsync_Select
2000ac59   _sl_HandleAsync_Stop
2000766b   _sl_ParseAddress
20006f23   _sl_TruncatePayloadByProtocol
20017000   _sys_memory
20017a54   _unlock
2000cb61   abort
2000ca85   atoi
ffffffff   binit
2000a979   calloc
200097dd   cc_SetupTransfer
200099ed   cc_UDMAChannelSelect
2000cb19   copy_in
2000cb69   exit
2000a6d3   free
2000d3d8   g_H2NCnysPattern
2000d3d0   g_H2NSyncPattern
20017a30   g_SpiFd
20017800   g_StatMem
200179b4   g__SlNonOsCB
20017a0c   g_cDummy
20017a38   g_len
20017a60   g_pCB
20017a2c   g_pHostIntHdl
20004000   g_pfnVectors
20017a00   g_ucConnectionBSSID
200179dc   g_ucConnectionSSID
20017a34   g_ucDMAEnabled
20017964   g_ucDinDout
20017a0d   g_ucLED1Pin
20017a0e   g_ucLED2Pin
20017a0f   g_ucLED3Pin
20017a20   g_uiLED1Port
20017a24   g_uiLED2Port
20017a28   g_uiLED3Port
20017a4c   g_ulGatewayIP
20017a48   g_ulStatus
2000c9d1   ltoa
20007f9d   main
20017a68   main_func_sp
2000a671   malloc
2000a899   memalign
2000cca1   memccpy
2000c545   memcpy
2000c8a5   memset
2000a5e5   minit
20017a64   pPingCallBackFunc
2000a793   realloc
2000755d   sl_Accept
200074f5   sl_Bind
200074d7   sl_Close
200073ed   sl_Connect
2000abed   sl_DevGet
2000abad   sl_DevSet
2000ab8f   sl_EventMaskGet
2000ab71   sl_EventMaskSet
20007385   sl_GetSockOpt
20007343   sl_Htonl
2000730f   sl_Htons
200072ed   sl_Listen
200094a3   sl_NetAppDnsGetHostByName
200093d5   sl_NetAppDnsGetHostByService
20009375   sl_NetAppGet
20009301   sl_NetAppGetServiceList
200092e1   sl_NetAppMDNSRegisterService
2000924b   sl_NetAppMDNSRegisterUnregisterService
200092cf   sl_NetAppMDNSUnRegisterService
20009137   sl_NetAppPingStart
200090d1   sl_NetAppSendTokenValue
20009091   sl_NetAppSet
20009075   sl_NetAppStart
20009059   sl_NetAppStop
2000c4d1   sl_NetCfgGet
2000c491   sl_NetCfgSet
200072b3   sl_Recv
2000720b   sl_RecvFrom
2000710d   sl_Select
20007063   sl_Send
20006fb9   sl_SendTo
20006ee3   sl_SetSockOpt
20006eb9   sl_Socket
2000aabd   sl_Start
2000a9b5   sl_Stop
2000a9b1   sl_Task
20008711   sl_WlanConnect
20008705   sl_WlanDisconnect
2000869d   sl_WlanGet
20008655   sl_WlanGetNetworkList
200085e9   sl_WlanPolicyGet
200085a7   sl_WlanPolicySet
20008401   sl_WlanProfileAdd
200083c9   sl_WlanProfileDel
2000830f   sl_WlanProfileGet
200082b5   sl_WlanRxFilterAdd
20008265   sl_WlanRxFilterGet
2000822f   sl_WlanRxFilterSet
200081f9   sl_WlanRxStatGet
200081f1   sl_WlanRxStatStart
200081e9   sl_WlanRxStatStop
200081a9   sl_WlanSet
2000818b   sl_WlanSetMode
20008121   sl_WlanSmartConfigStart
20008119   sl_WlanSmartConfigStop
20009ae9   spi_Close
20009a09   spi_Open
20009961   spi_Read
200098bd   spi_Read_CPU
20009875   spi_Write
200097a1   spi_Write_CPU
2000cd01   strlen
2000a0fd   uDMAChannelAssign
20009dad   uDMAChannelAttributeDisable
20009d59   uDMAChannelAttributeEnable
20009e01   uDMAChannelAttributeGet
20009e71   uDMAChannelControlSet
20009ceb   uDMAChannelDisable
20009cd3   uDMAChannelEnable
20009d03   uDMAChannelIsEnabled
2000a075   uDMAChannelModeGet
20009d41   uDMAChannelRequest
20009fa5   uDMAChannelScatterGatherSet
2000a02d   uDMAChannelSizeGet
20009ead   uDMAChannelTransferSet
20009d3b   uDMAControlAlternateBaseGet
20009d35   uDMAControlBaseGet
20009d25   uDMAControlBaseSet
20009cbd   uDMADisable
20009cb5   uDMAEnable
20009ccb   uDMAErrorStatusClear
20009cc5   uDMAErrorStatusGet
2000a0e9   uDMAIntClear
2000a0bb   uDMAIntRegister
2000a0e3   uDMAIntStatus
2000a0d1   uDMAIntUnregister
2000c709   vsnprintf


GLOBAL SYMBOLS: SORTED BY Symbol Address 

address    name
--------   ----
00000001   __TI_args_main
00000800   __STACK_SIZE
00000800   __SYSMEM_SIZE
20004000   g_pfnVectors
20004401   _SlRemoveFromList
2000443f   _SlFindAndSetActiveObj
200044cb   _SlDrvWaitForPoolObj
200045db   _SlDrvShiftDWord
200045ef   _SlDrvRxIrqHandler
20004625   _SlDrvRxHdrRead
2000474d   _SlDrvReleasePoolObj
20004849   _SlDrvObjInit
2000487f   _SlDrvObjDeInit
200048a9   _SlDrvMsgWrite
200049a5   _SlDrvClassifyRxMsg
20004a39   _SlDrvMsgRead
20004ddf   _SlAsyncEventGenericHandler
20005105   _SlDrvMsgReadSpawnCtx
20005199   _SlDrvMsgReadCmdCtx
20005249   _SlDrvDriverCBInit
200052c7   _SlDrvDriverCBDeinit
2000531f   _SlDrvDataWriteOp
20005461   _SlDrvDataReadOp
200055c3   _SlDrvCmdSend
200055e1   _SlDrvCmdOp
20005631   _SlDrvBasicCmd
20006223   __TI_printfi
2000652d   PRCMSOCReset
20006539   PRCMMCUReset
20006559   PRCMSysResetCauseGet
2000657d   PRCMPeripheralClkEnable
200065a9   PRCMPeripheralClkDisable
200065c9   PRCMPeripheralClockGet
20006647   PRCMPeripheralReset
20006695   PRCMPeripheralStatusGet
200066bf   PRCMI2SClockFreqSet
2000670f   PRCMLPDSRestoreInfoSet
20006727   PRCMLPDSEnter
20006757   PRCMLPDSWakeupSourceEnable
20006779   PRCMLPDSWakeupSourceDisable
2000678d   PRCMLPDSWakeupCauseGet
20006793   PRCMLPDSIntervalSet
200067b5   PRCMLPDSWakeUpGPIOSelect
200067d1   PRCMSleepEnter
200067d9   PRCMDeepSleepEnter
20006809   PRCMSRAMRetentionEnable
20006841   PRCMSRAMRetentionDisable
20006875   PRCMHibernateWakeupSourceEnable
2000689b   PRCMHibernateWakeupSourceDisable
200068c1   PRCMHibernateWakeupCauseGet
200068dd   PRCMHibernateIntervalSet
20006951   PRCMHibernateWakeUpGPIOSelect
200069a3   PRCMHibernateEnter
200069b3   PRCMSlowClkCtrGet
200069ed   PRCMSlowClkCtrMatchSet
20006a15   PRCMSlowClkCtrMatchGet
20006a55   PRCMOCRRegisterWrite
20006a6f   PRCMOCRRegisterRead
20006a89   PRCMIntRegister
20006a9d   PRCMIntUnregister
20006ab1   PRCMIntEnable
20006ae5   PRCMIntDisable
20006b09   PRCMIntStatus
20006b0f   PRCMRTCInUseSet
20006b21   PRCMRTCInUseGet
20006b41   PRCMRTCSet
20006bd1   PRCMRTCGet
20006c69   PRCMRTCMatchSet
20006d05   PRCMRTCMatchGet
20006da1   PRCMCC3200MCUInit
20006eb9   sl_Socket
20006ee3   sl_SetSockOpt
20006f23   _sl_TruncatePayloadByProtocol
20006f91   _sl_BuildAddress
20006fb9   sl_SendTo
20007063   sl_Send
2000710d   sl_Select
2000720b   sl_RecvFrom
200072b3   sl_Recv
200072ed   sl_Listen
2000730f   sl_Htons
20007343   sl_Htonl
20007385   sl_GetSockOpt
200073ed   sl_Connect
200074d7   sl_Close
200074f5   sl_Bind
2000755d   sl_Accept
2000766b   _sl_ParseAddress
200076a9   _sl_HandleAsync_Select
20007701   _sl_HandleAsync_Connect
2000776f   _sl_HandleAsync_Accept
200077d3   SL_FD_ZERO
200077d9   SL_FD_SET
200077ed   SL_FD_ISSET
200077fd   SL_FD_CLR
20007819   SimpleLinkWlanEventHandler
20007923   SimpleLinkNetAppEventHandler
200079b9   SimpleLinkHttpServerCallback
200079e1   SimpleLinkGeneralEventHandler
200079f7   SimpleLinkSockEventHandler
20007f01   SmartConfigConnect
20007f9d   main
20008119   sl_WlanSmartConfigStop
20008121   sl_WlanSmartConfigStart
2000818b   sl_WlanSetMode
200081a9   sl_WlanSet
200081e9   sl_WlanRxStatStop
200081f1   sl_WlanRxStatStart
200081f9   sl_WlanRxStatGet
2000822f   sl_WlanRxFilterSet
20008265   sl_WlanRxFilterGet
200082b5   sl_WlanRxFilterAdd
2000830f   sl_WlanProfileGet
200083c9   sl_WlanProfileDel
20008401   sl_WlanProfileAdd
200085a7   sl_WlanPolicySet
200085e9   sl_WlanPolicyGet
20008655   sl_WlanGetNetworkList
2000869d   sl_WlanGet
20008705   sl_WlanDisconnect
20008711   sl_WlanConnect
20008b93   SPIEnable
20008bab   SPIDisable
20008bc3   SPIDmaEnable
20008bdd   SPIDmaDisable
20008bf7   SPIReset
20008c19   SPIConfigSetExpClk
20008cbd   SPIDataGetNonBlocking
20008ce7   SPIDataGet
20008d07   SPIDataPutNonBlocking
20008d2f   SPIDataPut
20008d4d   SPIFIFOEnable
20008d67   SPIFIFODisable
20008d81   SPIFIFOLevelSet
20008db5   SPIFIFOLevelGet
20008de9   SPIWordCountSet
20008e11   SPIIntRegister
20008e35   SPIIntUnregister
20008e4f   SPIIntEnable
20008e93   SPIIntDisable
20008edd   SPIIntStatus
20008f4b   SPIIntClear
20008f89   SPICSEnable
20008fa1   SPICSDisable
20008fb9   SPITransfer
20009059   sl_NetAppStop
20009075   sl_NetAppStart
20009091   sl_NetAppSet
200090d1   sl_NetAppSendTokenValue
2000911d   CopyPingResultsToReport
20009137   sl_NetAppPingStart
2000924b   sl_NetAppMDNSRegisterUnregisterService
200092cf   sl_NetAppMDNSUnRegisterService
200092e1   sl_NetAppMDNSRegisterService
20009301   sl_NetAppGetServiceList
20009375   sl_NetAppGet
200093d5   sl_NetAppDnsGetHostByService
200094a3   sl_NetAppDnsGetHostByName
20009575   _sl_HandleAsync_PingResponse
200095e9   _sl_HandleAsync_DnsGetHostByService
20009659   _sl_HandleAsync_DnsGetHostByName
200096d7   _sl_HandleAsync_DnsGetHostByAddr
200096dd   _SlDrvNetAppEventHandler
200097a1   spi_Write_CPU
200097dd   cc_SetupTransfer
20009813   SetupDMASend
20009875   spi_Write
200098bd   spi_Read_CPU
200098f9   SetupDMAReceive
20009961   spi_Read
200099ed   cc_UDMAChannelSelect
20009a09   spi_Open
20009ae9   spi_Close
20009b4b   NwpUnMaskInterrupt
20009b59   NwpRegisterInterruptHandler
20009b99   NwpMaskInterrupt
20009ba9   NwpPowerOff
20009bdd   NwpPowerOnPreamble
20009c21   NwpPowerOn
20009c45   DmaSpiSwIntHandler
20009c61   HostIntHanlder
20009cb5   uDMAEnable
20009cbd   uDMADisable
20009cc5   uDMAErrorStatusGet
20009ccb   uDMAErrorStatusClear
20009cd3   uDMAChannelEnable
20009ceb   uDMAChannelDisable
20009d03   uDMAChannelIsEnabled
20009d25   uDMAControlBaseSet
20009d35   uDMAControlBaseGet
20009d3b   uDMAControlAlternateBaseGet
20009d41   uDMAChannelRequest
20009d59   uDMAChannelAttributeEnable
20009dad   uDMAChannelAttributeDisable
20009e01   uDMAChannelAttributeGet
20009e71   uDMAChannelControlSet
20009ead   uDMAChannelTransferSet
20009fa5   uDMAChannelScatterGatherSet
2000a02d   uDMAChannelSizeGet
2000a075   uDMAChannelModeGet
2000a0bb   uDMAIntRegister
2000a0d1   uDMAIntUnregister
2000a0e3   uDMAIntStatus
2000a0e9   uDMAIntClear
2000a0fd   uDMAChannelAssign
2000a195   UARTParityModeSet
2000a1b1   UARTParityModeGet
2000a1c3   UARTFIFOLevelSet
2000a1db   UARTFIFOLevelGet
2000a203   UARTConfigSetExpClk
2000a279   UARTConfigGetExpClk
2000a2c5   UARTEnable
2000a2e9   UARTDisable
2000a313   UARTFIFOEnable
2000a329   UARTFIFODisable
2000a33f   UARTModemControlSet
2000a363   UARTModemControlClear
2000a387   UARTModemControlGet
2000a399   UARTModemStatusGet
2000a3ab   UARTFlowControlSet
2000a3c7   UARTFlowControlGet
2000a3d9   UARTTxIntModeSet
2000a3f5   UARTTxIntModeGet
2000a407   UARTCharsAvail
2000a41f   UARTSpaceAvail
2000a441   UARTCharGetNonBlocking
2000a45d   UARTCharGet
2000a473   UARTCharPutNonBlocking
2000a497   UARTCharPut
2000a4b5   UARTBreakCtl
2000a4df   UARTBusy
2000a4f7   UARTIntRegister
2000a515   UARTIntUnregister
2000a52f   UARTIntEnable
2000a547   UARTIntDisable
2000a55f   UARTIntStatus
2000a57d   UARTIntClear
2000a58f   UARTDMAEnable
2000a5a7   UARTDMADisable
2000a5bf   UARTRxErrorGet
2000a5d5   UARTRxErrorClear
2000a5e5   minit
2000a671   malloc
2000a6d3   free
2000a793   realloc
2000a899   memalign
2000a979   calloc
2000a9b1   sl_Task
2000a9b5   sl_Stop
2000aa73   GetStartResponseConvert
2000aabd   sl_Start
2000ab71   sl_EventMaskSet
2000ab8f   sl_EventMaskGet
2000abad   sl_DevSet
2000abed   sl_DevGet
2000ac59   _sl_HandleAsync_Stop
2000acb9   _sl_HandleAsync_InitComplete
2000ad2d   _SlDrvDeviceEventHandler
2000ad67   IntMasterEnable
2000ad71   IntMasterDisable
2000ad7b   IntVTableBaseSet
2000ad8b   IntRegister
2000ada7   IntUnregister
2000adc1   IntPriorityGroupingSet
2000addb   IntPriorityGroupingGet
2000ae13   IntPrioritySet
2000ae63   IntPriorityGet
2000ae87   IntEnable
2000af21   IntDisable
2000afbb   IntPendSet
2000b049   IntPendClear
2000b0a1   IntPriorityMaskSet
2000b0ad   IntPriorityMaskGet
2000b0d5   GPIO_IF_LedConfigure
2000b113   GPIO_IF_LedOn
2000b1c7   GPIO_IF_LedOff
2000b27b   GPIO_IF_LedStatus
2000b2e5   GPIO_IF_LedToggle
2000b313   GPIO_IF_GetPortNPin
2000b359   GPIO_IF_ConfigureNIntEnable
2000b395   GPIO_IF_Set
2000b3cf   GPIO_IF_Get
2000b471   GPIODirModeSet
2000b4a7   GPIODirModeGet
2000b4d9   GPIOIntTypeSet
2000b55b   GPIOIntTypeGet
2000b5c1   GPIOIntEnable
2000b5db   GPIOIntDisable
2000b5f5   GPIOIntStatus
2000b617   GPIOIntClear
2000b62b   GPIOIntRegister
2000b649   GPIOIntUnregister
2000b663   GPIOPinRead
2000b67b   GPIOPinWrite
2000b69b   GPIODMATriggerEnable
2000b6f3   GPIODMATriggerDisable
2000b75d   FlashDisable
2000b793   FlashErase
2000b7cd   FlashEraseNonBlocking
2000b7eb   FlashMassErase
2000b817   FlashMassEraseNonBlocking
2000b827   FlashProgram
2000b8a9   FlashProgramNonBlocking
2000b92b   FlashProtectGet
2000b9a1   FlashIntRegister
2000b9b5   FlashIntUnregister
2000b9c5   FlashIntEnable
2000b9d9   FlashIntDisable
2000b9ed   FlashIntStatus
2000ba09   FlashIntClear
2000ba5d   PinModeSet
2000ba95   PinModeGet
2000babf   PinDirModeSet
2000baf3   PinDirModeGet
2000bb1d   PinConfigGet
2000bb5b   PinConfigSet
2000bbd7   PinTypeUART
2000bbf1   PinTypeI2C
2000bc0d   PinTypeSPI
2000bc27   PinTypeI2S
2000bc41   PinTypeTimer
2000bc5b   PinTypeCamera
2000bc75   PinTypeGPIO
2000bca5   PinTypeADC
2000bcb9   PinTypeSDHost
2000bce1   __aeabi_uldivmod
2000bed5   InitTerm
2000bef3   Message
2000bf15   ClearTerm
2000bf1f   Error
2000bf57   GetCmd
2000bfe9   Report
2000c0a9   __aeabi_dsub
2000c0b3   __aeabi_dadd
2000c25f   __aeabi_ddiv
2000c395   __aeabi_dmul
2000c491   sl_NetCfgSet
2000c4d1   sl_NetCfgGet
2000c545   __aeabi_memcpy
2000c545   __aeabi_memcpy4
2000c545   __aeabi_memcpy8
2000c545   memcpy
2000c5e1   __TI_auto_init
2000c675   _SlNonOsSpawn
2000c691   _SlNonOsSemSet
2000c699   _SlNonOsMainLoopTask
2000c6d1   _SlNonOsSemGet
2000c709   vsnprintf
2000c791   __aeabi_cdcmpeq
2000c791   __aeabi_cdcmple
2000c817   __aeabi_cdrcmple
2000c89d   __aeabi_memclr
2000c89d   __aeabi_memclr4
2000c89d   __aeabi_memclr8
2000c89f   __aeabi_memset
2000c89f   __aeabi_memset4
2000c89f   __aeabi_memset8
2000c8a5   memset
2000c915   CPUcpsid
2000c929   CPUprimask
2000c933   CPUcpsie
2000c947   CPUwfi
2000c953   CPUbasepriSet
2000c969   CPUbasepriGet
2000c9d1   ltoa
2000ca2d   _SlDrvFlowContInit
2000ca57   _SlDrvFlowContDeinit
2000ca85   atoi
2000cad1   __aeabi_d2iz
2000cb19   copy_in
2000cb5d   C$$EXIT
2000cb61   abort
2000cb69   exit
2000cba1   _Dtest
2000cbe5   PinMuxConfig
2000cc21   _c_int00
2000cc55   __aeabi_i2d
2000cc83   __aeabi_llsr
2000cca1   memccpy
2000ccbd   _args_main
2000ccd5   __aeabi_lmul
2000cced   _register_unlock
2000ccf3   _register_lock
2000ccfb   _nop
2000cd01   strlen
2000cd15   __TI_zero_init
2000cd27   __TI_decompress_none
2000cd35   _Dclass
2000cd43   ResetISR
2000cd51   UtilsDelay
2000cd57   __TI_decompress_rle24
2000cd5c   _ctypes_
2000d284   _SlPolicySetCmdCtrl
2000d288   _SlPolicyGetCmdCtrl
2000d28c   _SlProfileGetCmdCtrl
2000d290   _SlProfileDelCmdCtrl
2000d294   _SlWlanGetNetworkListCtrl
2000d298   _SlRxFilterAddtCmdCtrl
2000d29c   _SlRxFilterSetCmdCtrl
2000d2a0   _SlRxFilterGetCmdCtrl
2000d2a4   _SlSmartConfigStartCmdCtrl
2000d2a8   _SlWlanSetModeCmdCtrl
2000d2ac   _SlWlanCfgSetCmdCtrl
2000d2b0   _SlWlanCfgGetCmdCtrl
2000d2c0   _SlActionLookupTable
2000d2f8   _SlSockSocketCmdCtrl
2000d2fc   _SlSockCloseCmdCtrl
2000d300   _SlRecvfomCmdCtrl
2000d304   _SlSendCmdCtrl
2000d308   _SlListenCmdCtrl
2000d30c   _SlAcceptCmdCtrl
2000d310   _SlRecvCmdCtrl
2000d314   _SlSetSockOptCmdCtrl
2000d318   _SlGetSockOptCmdCtrl
2000d31c   _SlSelectCmdCtrl
2000d358   _SlNetAppStartCtrl
2000d35c   _SlNetAppStopCtrl
2000d360   _SlGetServiceListeCtrl
2000d364   _SlRegisterServiceCtrl
2000d368   _SlGetHostByServiceCtrl
2000d36c   _SlGetHostByNameCtrl
2000d370   _SlNetAppSetCmdCtrl
2000d374   _SlNetAppSendTokenValueCmdCtrl
2000d378   _SlNetAppGetCmdCtrl
2000d3bc   _SlStopCmdCtrl
2000d3c0   _SlEventMaskSetCmdCtrl
2000d3c4   _SlEventMaskGetCmdCtrl
2000d3c8   _SlDeviceGetCmdCtrl
2000d3cc   _SlDeviceSetCmdCtrl
2000d3d0   g_H2NSyncPattern
2000d3d8   g_H2NCnysPattern
2000d3f4   _SlNetCfgSetCmdCtrl
2000d3f8   _SlNetCfgGetCmdCtrl
2000d400   __TI_static_base__
2000d438   __TI_Handler_Table_Base
2000d444   __TI_Handler_Table_Limit
2000d450   __TI_CINIT_Base
2000d460   __TI_CINIT_Limit
20017000   _sys_memory
20017800   g_StatMem
20017964   g_ucDinDout
200179b4   g__SlNonOsCB
200179dc   g_ucConnectionSSID
20017a00   g_ucConnectionBSSID
20017a0c   g_cDummy
20017a0d   g_ucLED1Pin
20017a0e   g_ucLED2Pin
20017a0f   g_ucLED3Pin
20017a20   g_uiLED1Port
20017a24   g_uiLED2Port
20017a28   g_uiLED3Port
20017a2c   g_pHostIntHdl
20017a30   g_SpiFd
20017a34   g_ucDMAEnabled
20017a38   g_len
20017a48   g_ulStatus
20017a4c   g_ulGatewayIP
20017a50   _lock
20017a54   _unlock
20017a58   __TI_cleanup_ptr
20017a5c   __TI_dtors_ptr
20017a60   g_pCB
20017a64   pPingCallBackFunc
20017a68   main_func_sp
2002f800   __stack
20030000   __STACK_END
ffffffff   __binit__
ffffffff   __c_args__
ffffffff   binit
UNDEFED    SHT$$INIT_ARRAY$$Base
UNDEFED    SHT$$INIT_ARRAY$$Limit

[471 symbols]
