******************************************************************************
                  TI ARM Linker PC v5.1.6                      
******************************************************************************
>> Linked Wed Aug 13 21:20:38 2014

OUTPUT FILE NAME:   <BREWise_2.out>
ENTRY POINT SYMBOL: "_c_int00"  address: 2000d18d


MEMORY CONFIGURATION

         name            origin    length      used     unused   attr    fill
----------------------  --------  ---------  --------  --------  ----  --------
  SRAM_CODE             20004000   00012fff  000099c8  00009637  RW X
  SRAM_DATA             20017000   00019000  0000176d  00017893  RW X


SEGMENT ALLOCATION MAP

run origin  load origin   length   init length attrs members
----------  ----------- ---------- ----------- ----- -------
20004000    20004000    000099c8   000099c8    r-x
  20004000    20004000    00000400   00000400    r-- .intvecs
  20004400    20004400    00008ec8   00008ec8    r-x .text
  2000d2c8    2000d2c8    000006a0   000006a0    r-- .const
  2000d968    2000d968    00000060   00000060    r-- .cinit
20017000    20017000    00000f70   00000000    rw-
  20017000    20017000    00000800   00000000    rw- .sysmem
  20017800    20017800    00000711   00000000    rw- .bss
  20017f14    20017f14    0000005c   00000000    rw- .data
2002f800    2002f800    00000800   00000000    rw-
  2002f800    2002f800    00000800   00000000    rw- .stack


SECTION ALLOCATION MAP

 output                                  attributes/
section   page    origin      length       input sections
--------  ----  ----------  ----------   ----------------
.init_array 
*          0    20004000    00000000     UNINITIALIZED

.intvecs   0    20004000    00000400     
                  20004000    00000400     startup_ccs.obj (.intvecs)

.text      0    20004400    00008ec8     
                  20004400    0000126c     simplelink.a : driver.obj (.text)
                  2000566c    00000ec0     rtsv7M4_T_le_eabi.lib : _printfi.obj (.text)
                  2000652c    00000bc4     main.obj (.text)
                  200070f0    0000098c     driverlib.a : prcm.obj (.text)
                  20007a7c    00000960     simplelink.a : socket.obj (.text)
                  200083dc    000007a4                  : wlan.obj (.text)
                  20008b80    0000079c     driverlib.a : spi.obj (.text)
                  2000931c    00000748     simplelink.a : netapp.obj (.text)
                  20009a64    00000514                  : cc_pal.obj (.text)
                  20009f78    000004a4     driverlib.a : udma.obj (.text)
                  2000a41c    0000048c                 : uart.obj (.text)
                  2000a8a8    000003cc     rtsv7M4_T_le_eabi.lib : memory.obj (.text)
                  2000ac74    000003b4     simplelink.a : device.obj (.text)
                  2000b028    00000370     driverlib.a : interrupt.obj (.text)
                  2000b398    00000354     gpio_if.obj (.text)
                  2000b6ec    00000334     driverlib.a : gpio.obj (.text)
                  2000ba20    00000300                 : flash.obj (.text)
                  2000bd20    00000284                 : pin.obj (.text)
                  2000bfa4    00000200     udma_if.obj (.text)
                  2000c1a4    000001f4     rtsv7M4_T_le_eabi.lib : ull_div_t2.obj (.text)
                  2000c398    000001d4     uart_if.obj (.text)
                  2000c56c    000001b6     rtsv7M4_T_le_eabi.lib : fd_add_t2.obj (.text)
                  2000c722    00000136                           : fd_div_t2.obj (.text)
                  2000c858    000000fc                           : fd_mul_t2.obj (.text)
                  2000c954    000000b4     simplelink.a : netcfg.obj (.text)
                  2000ca08    000000a8     CommandTable.obj (.text)
                  2000cab0    0000009c     rtsv7M4_T_le_eabi.lib : memcpy_t2.obj (.text)
                  2000cb4c    00000094                           : auto_init.obj (.text)
                  2000cbe0    00000094     simplelink.a : nonos.obj (.text)
                  2000cc74    00000088     rtsv7M4_T_le_eabi.lib : vsnprintf.obj (.text)
                  2000ccfc    00000086                           : fd_cmp_t2.obj (.text:__aeabi_cdcmple)
                  2000cd82    00000086                           : fd_cmp_t2.obj (.text:__aeabi_cdrcmple)
                  2000ce08    00000078                           : memset_t2.obj (.text)
                  2000ce80    0000005e     driverlib.a : cpu.obj (.text)
                  2000cede    0000005e     rtsv7M4_T_le_eabi.lib : copy_decompress_rle.obj (.text)
                  2000cf3c    0000005a                           : ltoa.obj (.text)
                  2000cf96    00000002     --HOLE-- [fill = 0]
                  2000cf98    00000058     simplelink.a : flowcont.obj (.text)
                  2000cff0    0000004c     rtsv7M4_T_le_eabi.lib : atoi.obj (.text)
                  2000d03c    00000048                           : fd_toi_t2.obj (.text)
                  2000d084    00000044                           : cpy_tbl.obj (.text)
                  2000d0c8    00000044                           : exit.obj (.text)
                  2000d10c    00000044                           : xdtest.obj (.text)
                  2000d150    0000003c     pinmux.obj (.text)
                  2000d18c    00000034     rtsv7M4_T_le_eabi.lib : boot.obj (.text)
                  2000d1c0    0000002e                           : i_tofd_t2.obj (.text)
                  2000d1ee    0000001e                           : ll_lsr_t2.obj (.text)
                  2000d20c    0000001c                           : memccpy.obj (.text)
                  2000d228    00000018                           : args_main.obj (.text)
                  2000d240    00000018                           : ll_mul_t2.obj (.text)
                  2000d258    00000014                           : _lock.obj (.text)
                  2000d26c    00000014                           : strlen.obj (.text)
                  2000d280    00000012                           : copy_zero_init.obj (.text:decompress:ZI)
                  2000d292    0000000e                           : copy_decompress_none.obj (.text:decompress:none)
                  2000d2a0    0000000e                           : xdclass.obj (.text)
                  2000d2ae    0000000e     startup_ccs.obj (.text)
                  2000d2bc    00000006     driverlib.a : utils.obj (.text:UtilsDelay)
                  2000d2c2    00000006     rtsv7M4_T_le_eabi.lib : copy_decompress_rle.obj (.text:decompress:rle24)

.const     0    2000d2c8    000006a0     
                  2000d2c8    00000102     rtsv7M4_T_le_eabi.lib : ctype.obj (.const:.string:_ctypes_)
                  2000d3ca    00000002     --HOLE-- [fill = 0]
                  2000d3cc    00000100     driverlib.a : pin.obj (.const:g_ulPinToPadMap)
                  2000d4cc    000000d4                 : interrupt.obj (.const:g_pulRegs)
                  2000d5a0    000000b0     simplelink.a : wlan.obj (.const:$P$T0$1)
                  2000d650    000000a0     driverlib.a : prcm.obj (.const:PRCM_PeriphRegsList)
                  2000d6f0    00000080                 : interrupt.obj (.const)
                  2000d770    00000040                 : flash.obj (.const:g_pulFMPPERegs)
                  2000d7b0    00000040                 : flash.obj (.const:g_pulFMPRERegs)
                  2000d7f0    0000003c     simplelink.a : wlan.obj (.const)
                  2000d82c    00000038                  : driver.obj (.const:_SlActionLookupTable)
                  2000d864    00000034                  : socket.obj (.const)
                  2000d898    0000002c     main.obj (.const:$P$T0$1)
                  2000d8c4    00000028     simplelink.a : netapp.obj (.const)
                  2000d8ec    00000024     driverlib.a : spi.obj (.const:g_ppulSPIIntMap)
                  2000d910    00000018                 : spi.obj (.const)
                  2000d928    00000014     simplelink.a : device.obj (.const)
                  2000d93c    00000014                  : driver.obj (.const)
                  2000d950    00000010     driverlib.a : uart.obj (.const)
                  2000d960    00000008     simplelink.a : netcfg.obj (.const)

.cinit     0    2000d968    00000060     
                  2000d968    00000035     (.cinit..data.load) [load image, compression = rle]
                  2000d99d    00000003     --HOLE-- [fill = 0]
                  2000d9a0    0000000c     (__TI_handler_table)
                  2000d9ac    00000004     --HOLE-- [fill = 0]
                  2000d9b0    00000008     (.cinit..bss.load) [load image, compression = zero_init]
                  2000d9b8    00000010     (__TI_cinit_table)

.sysmem    0    20017000    00000800     UNINITIALIZED
                  20017000    00000008     rtsv7M4_T_le_eabi.lib : memory.obj (.sysmem)
                  20017008    000007f8     --HOLE--

.bss       0    20017800    00000711     UNINITIALIZED
                  20017800    00000400     udma_if.obj (.bss:gpCtlTbl)
                  20017c00    00000164     simplelink.a : driver.obj (.bss:g_StatMem)
                  20017d64    00000100     udma_if.obj (.bss:gfpAppCallbackHndl)
                  20017e64    00000050     simplelink.a : cc_pal.obj (.bss:g_ucDinDout)
                  20017eb4    00000028                  : nonos.obj (.bss:g__SlNonOsCB)
                  20017edc    00000024     main.obj (.bss:g_ucConnectionSSID)
                  20017f00    00000008     (.common:g_ucConnectionBSSID)
                  20017f08    00000004     (.common:__Errorlog)
                  20017f0c    00000001     (.common:g_cDummy)
                  20017f0d    00000001     (.common:g_ucLED1Pin)
                  20017f0e    00000001     (.common:g_ucLED2Pin)
                  20017f0f    00000001     (.common:g_ucLED3Pin)
                  20017f10    00000001     (.common:iDone)

.data      0    20017f14    0000005c     UNINITIALIZED
                  20017f14    0000001c     gpio_if.obj (.data)
                  20017f30    00000010     simplelink.a : cc_pal.obj (.data)
                  20017f40    0000000c     rtsv7M4_T_le_eabi.lib : memory.obj (.data)
                  20017f4c    00000008     main.obj (.data)
                  20017f54    00000008     rtsv7M4_T_le_eabi.lib : _lock.obj (.data)
                  20017f5c    00000008                           : exit.obj (.data)
                  20017f64    00000008     simplelink.a : driver.obj (.data)
                  20017f6c    00000004     rtsv7M4_T_le_eabi.lib : stkdepth_vars.obj (.data)

.stack     0    2002f800    00000800     UNINITIALIZED
                  2002f800    00000800     --HOLE--


LINKER GENERATED COPY TABLES

__TI_cinit_table @ 2000d9b8 records: 2, size/record: 8, table size: 16
	.data: load addr=2000d968, load size=00000035 bytes, run addr=20017f14, run size=0000005c bytes, compression=rle
	.bss: load addr=2000d9b0, load size=00000008 bytes, run addr=20017800, run size=00000711 bytes, compression=zero_init


LINKER GENERATED HANDLER TABLE

__TI_handler_table @ 2000d9a0 records: 3, size/record: 4, table size: 12
	index: 0, handler: __TI_decompress_rle24
	index: 1, handler: __TI_decompress_none
	index: 2, handler: __TI_zero_init


GLOBAL SYMBOLS: SORTED ALPHABETICALLY BY Name 

address    name
--------   ----
20006c5d   BsdTcpServer
2000d0c9   C$$EXIT
2000ced5   CPUbasepriGet
2000cebf   CPUbasepriSet
2000ce81   CPUcpsid
2000ce9f   CPUcpsie
2000ce95   CPUprimask
2000ceb3   CPUwfi
2000c3d9   ClearTerm
200093e1   CopyPingResultsToReport
2000c14b   DMASetupTransfer
2000bfbb   DmaErrorIntHandler
20009f09   DmaSpiSwIntHandler
2000bfa5   DmaSwIntHandler
2000c3e3   Error
2000ba21   FlashDisable
2000ba57   FlashErase
2000ba91   FlashEraseNonBlocking
2000bccd   FlashIntClear
2000bc9d   FlashIntDisable
2000bc89   FlashIntEnable
2000bc65   FlashIntRegister
2000bcb1   FlashIntStatus
2000bc79   FlashIntUnregister
2000baaf   FlashMassErase
2000badb   FlashMassEraseNonBlocking
2000baeb   FlashProgram
2000bb6d   FlashProgramNonBlocking
2000bbef   FlashProtectGet
2000b9b7   GPIODMATriggerDisable
2000b95f   GPIODMATriggerEnable
2000b76b   GPIODirModeGet
2000b735   GPIODirModeSet
2000b8db   GPIOIntClear
2000b89f   GPIOIntDisable
2000b885   GPIOIntEnable
2000b8ef   GPIOIntRegister
2000b8b9   GPIOIntStatus
2000b81f   GPIOIntTypeGet
2000b79d   GPIOIntTypeSet
2000b90d   GPIOIntUnregister
2000b927   GPIOPinRead
2000b93f   GPIOPinWrite
2000b61d   GPIO_IF_ConfigureNIntEnable
2000b693   GPIO_IF_Get
2000b5d7   GPIO_IF_GetPortNPin
2000b399   GPIO_IF_LedConfigure
2000b48b   GPIO_IF_LedOff
2000b3d7   GPIO_IF_LedOn
2000b53f   GPIO_IF_LedStatus
2000b5a9   GPIO_IF_LedToggle
2000b659   GPIO_IF_Set
2000c41b   GetCmd
2000ad37   GetStartResponseConvert
20009f25   HostIntHanlder
2000c399   InitTerm
2000b1e5   IntDisable
2000b14b   IntEnable
2000b035   IntMasterDisable
2000b02b   IntMasterEnable
2000b30d   IntPendClear
2000b27f   IntPendSet
2000b127   IntPriorityGet
2000b09f   IntPriorityGroupingGet
2000b085   IntPriorityGroupingSet
2000b371   IntPriorityMaskGet
2000b365   IntPriorityMaskSet
2000b0d7   IntPrioritySet
2000b04f   IntRegister
2000b06b   IntUnregister
2000b03f   IntVTableBaseSet
2000ca0d   Interpreter
2000c3b7   Message
20009e5d   NwpMaskInterrupt
20009e6d   NwpPowerOff
20009ee5   NwpPowerOn
20009ea1   NwpPowerOnPreamble
20009e1d   NwpRegisterInterruptHandler
20009e0f   NwpUnMaskInterrupt
20007965   PRCMCC3200MCUInit
2000739d   PRCMDeepSleepEnter
20007567   PRCMHibernateEnter
200074a1   PRCMHibernateIntervalSet
20007515   PRCMHibernateWakeUpGPIOSelect
20007485   PRCMHibernateWakeupCauseGet
2000745f   PRCMHibernateWakeupSourceDisable
20007439   PRCMHibernateWakeupSourceEnable
20007283   PRCMI2SClockFreqSet
200076a9   PRCMIntDisable
20007675   PRCMIntEnable
2000764d   PRCMIntRegister
200076cd   PRCMIntStatus
20007661   PRCMIntUnregister
200072eb   PRCMLPDSEnter
20007357   PRCMLPDSIntervalSet
200072d3   PRCMLPDSRestoreInfoSet
20007379   PRCMLPDSWakeUpGPIOSelect
20007351   PRCMLPDSWakeupCauseGet
2000733d   PRCMLPDSWakeupSourceDisable
2000731b   PRCMLPDSWakeupSourceEnable
200070fd   PRCMMCUReset
20007633   PRCMOCRRegisterRead
20007619   PRCMOCRRegisterWrite
2000716d   PRCMPeripheralClkDisable
20007141   PRCMPeripheralClkEnable
2000718d   PRCMPeripheralClockGet
2000720b   PRCMPeripheralReset
20007259   PRCMPeripheralStatusGet
20007795   PRCMRTCGet
200076e5   PRCMRTCInUseGet
200076d3   PRCMRTCInUseSet
200078c9   PRCMRTCMatchGet
2000782d   PRCMRTCMatchSet
20007705   PRCMRTCSet
200070f1   PRCMSOCReset
20007405   PRCMSRAMRetentionDisable
200073cd   PRCMSRAMRetentionEnable
20007395   PRCMSleepEnter
20007577   PRCMSlowClkCtrGet
200075d9   PRCMSlowClkCtrMatchGet
200075b1   PRCMSlowClkCtrMatchSet
2000711d   PRCMSysResetCauseGet
2000bde1   PinConfigGet
2000be1f   PinConfigSet
2000bdb7   PinDirModeGet
2000bd83   PinDirModeSet
2000bd59   PinModeGet
2000bd21   PinModeSet
2000d151   PinMuxConfig
2000bf69   PinTypeADC
2000bf1f   PinTypeCamera
2000bf39   PinTypeGPIO
2000beb5   PinTypeI2C
2000beeb   PinTypeI2S
2000bf7d   PinTypeSDHost
2000bed1   PinTypeSPI
2000bf05   PinTypeTimer
2000be9b   PinTypeUART
2000c4ad   Report
2000d2af   ResetISR
UNDEFED    SHT$$INIT_ARRAY$$Base
UNDEFED    SHT$$INIT_ARRAY$$Limit
200083c1   SL_FD_CLR
200083b1   SL_FD_ISSET
2000839d   SL_FD_SET
20008397   SL_FD_ZERO
20009265   SPICSDisable
2000924d   SPICSEnable
20008edd   SPIConfigSetExpClk
20008fab   SPIDataGet
20008f81   SPIDataGetNonBlocking
20008ff3   SPIDataPut
20008fcb   SPIDataPutNonBlocking
20008e6f   SPIDisable
20008ea1   SPIDmaDisable
20008e87   SPIDmaEnable
20008e57   SPIEnable
2000902b   SPIFIFODisable
20009011   SPIFIFOEnable
20009079   SPIFIFOLevelGet
20009045   SPIFIFOLevelSet
2000920f   SPIIntClear
20009157   SPIIntDisable
20009113   SPIIntEnable
200090d5   SPIIntRegister
200091a1   SPIIntStatus
200090f9   SPIIntUnregister
20008ebb   SPIReset
2000927d   SPITransfer
200090ad   SPIWordCountSet
20009bbd   SetupDMAReceive
20009ad7   SetupDMASend
2000c04d   SetupTransfer
200066f5   SimpleLinkGeneralEventHandler
200066cd   SimpleLinkHttpServerCallback
20006637   SimpleLinkNetAppEventHandler
2000670b   SimpleLinkSockEventHandler
2000652d   SimpleLinkWlanEventHandler
20006e6d   SmartConfigConnect
2000a779   UARTBreakCtl
2000a7a3   UARTBusy
2000a721   UARTCharGet
2000a705   UARTCharGetNonBlocking
2000a75b   UARTCharPut
2000a737   UARTCharPutNonBlocking
2000a6cb   UARTCharsAvail
2000a53d   UARTConfigGetExpClk
2000a4c7   UARTConfigSetExpClk
2000a86b   UARTDMADisable
2000a853   UARTDMAEnable
2000a5ad   UARTDisable
2000a589   UARTEnable
2000a5ed   UARTFIFODisable
2000a5d7   UARTFIFOEnable
2000a49f   UARTFIFOLevelGet
2000a487   UARTFIFOLevelSet
2000a68b   UARTFlowControlGet
2000a66f   UARTFlowControlSet
2000a841   UARTIntClear
2000a80b   UARTIntDisable
2000a7f3   UARTIntEnable
2000a7bb   UARTIntRegister
2000a823   UARTIntStatus
2000a7d9   UARTIntUnregister
2000a627   UARTModemControlClear
2000a64b   UARTModemControlGet
2000a603   UARTModemControlSet
2000a65d   UARTModemStatusGet
2000a475   UARTParityModeGet
2000a459   UARTParityModeSet
2000a899   UARTRxErrorClear
2000a883   UARTRxErrorGet
2000a6e3   UARTSpaceAvail
2000a6b9   UARTTxIntModeGet
2000a69d   UARTTxIntModeSet
2000c01f   UDMAChannelSelect
2000c137   UDMADeInit
2000bfc7   UDMAInit
2000c091   UDMASetupAutoMemTransfer
2000c0c5   UDMASetupPingPongTransfer
2000c11f   UDMAStartTransfer
2000c12b   UDMAStopTransfer
2000d2bd   UtilsDelay
2000d2a1   _Dclass
2000d10d   _Dtest
2000d878   _SlAcceptCmdCtrl
2000d82c   _SlActionLookupTable
20004ddf   _SlAsyncEventGenericHandler
2000d934   _SlDeviceGetCmdCtrl
2000d938   _SlDeviceSetCmdCtrl
20005631   _SlDrvBasicCmd
200049a5   _SlDrvClassifyRxMsg
200055e1   _SlDrvCmdOp
200055c3   _SlDrvCmdSend
20005461   _SlDrvDataReadOp
2000531f   _SlDrvDataWriteOp
2000aff1   _SlDrvDeviceEventHandler
200052c7   _SlDrvDriverCBDeinit
20005249   _SlDrvDriverCBInit
2000cfc3   _SlDrvFlowContDeinit
2000cf99   _SlDrvFlowContInit
20004a39   _SlDrvMsgRead
20005199   _SlDrvMsgReadCmdCtx
20005105   _SlDrvMsgReadSpawnCtx
200048a9   _SlDrvMsgWrite
200099a1   _SlDrvNetAppEventHandler
2000487f   _SlDrvObjDeInit
20004849   _SlDrvObjInit
2000474d   _SlDrvReleasePoolObj
20004625   _SlDrvRxHdrRead
200045ef   _SlDrvRxIrqHandler
200045db   _SlDrvShiftDWord
200044cb   _SlDrvWaitForPoolObj
2000d930   _SlEventMaskGetCmdCtrl
2000d92c   _SlEventMaskSetCmdCtrl
2000443f   _SlFindAndSetActiveObj
2000d8d8   _SlGetHostByNameCtrl
2000d8d4   _SlGetHostByServiceCtrl
2000d8cc   _SlGetServiceListeCtrl
2000d884   _SlGetSockOptCmdCtrl
2000d874   _SlListenCmdCtrl
2000d8e4   _SlNetAppGetCmdCtrl
2000d8e0   _SlNetAppSendTokenValueCmdCtrl
2000d8dc   _SlNetAppSetCmdCtrl
2000d8c4   _SlNetAppStartCtrl
2000d8c8   _SlNetAppStopCtrl
2000d964   _SlNetCfgGetCmdCtrl
2000d960   _SlNetCfgSetCmdCtrl
2000cc05   _SlNonOsMainLoopTask
2000cc3d   _SlNonOsSemGet
2000cbfd   _SlNonOsSemSet
2000cbe1   _SlNonOsSpawn
2000d7f4   _SlPolicyGetCmdCtrl
2000d7f0   _SlPolicySetCmdCtrl
2000d7fc   _SlProfileDelCmdCtrl
2000d7f8   _SlProfileGetCmdCtrl
2000d87c   _SlRecvCmdCtrl
2000d86c   _SlRecvfomCmdCtrl
2000d8d0   _SlRegisterServiceCtrl
20004401   _SlRemoveFromList
2000d804   _SlRxFilterAddtCmdCtrl
2000d80c   _SlRxFilterGetCmdCtrl
2000d808   _SlRxFilterSetCmdCtrl
2000d888   _SlSelectCmdCtrl
2000d870   _SlSendCmdCtrl
2000d880   _SlSetSockOptCmdCtrl
2000d810   _SlSmartConfigStartCmdCtrl
2000d868   _SlSockCloseCmdCtrl
2000d864   _SlSockSocketCmdCtrl
2000d928   _SlStopCmdCtrl
2000d81c   _SlWlanCfgGetCmdCtrl
2000d818   _SlWlanCfgSetCmdCtrl
2000d800   _SlWlanGetNetworkListCtrl
2000d814   _SlWlanSetModeCmdCtrl
20030000   __STACK_END
00000800   __STACK_SIZE
00000800   __SYSMEM_SIZE
2000d9b8   __TI_CINIT_Base
2000d9c8   __TI_CINIT_Limit
2000d9a0   __TI_Handler_Table_Base
2000d9ac   __TI_Handler_Table_Limit
00000001   __TI_args_main
2000cb4d   __TI_auto_init
20017f5c   __TI_cleanup_ptr
2000d293   __TI_decompress_none
2000d2c3   __TI_decompress_rle24
20017f60   __TI_dtors_ptr
20006223   __TI_printfi
2000d968   __TI_static_base__
2000d281   __TI_zero_init
2000ccfd   __aeabi_cdcmpeq
2000ccfd   __aeabi_cdcmple
2000cd83   __aeabi_cdrcmple
2000d03d   __aeabi_d2iz
2000c577   __aeabi_dadd
2000c723   __aeabi_ddiv
2000c859   __aeabi_dmul
2000c56d   __aeabi_dsub
2000d1c1   __aeabi_i2d
2000d1ef   __aeabi_llsr
2000d241   __aeabi_lmul
2000ce09   __aeabi_memclr
2000ce09   __aeabi_memclr4
2000ce09   __aeabi_memclr8
2000cab1   __aeabi_memcpy
2000cab1   __aeabi_memcpy4
2000cab1   __aeabi_memcpy8
2000ce0b   __aeabi_memset
2000ce0b   __aeabi_memset4
2000ce0b   __aeabi_memset8
2000c1a5   __aeabi_uldivmod
ffffffff   __binit__
ffffffff   __c_args__
2002f800   __stack
2000d229   _args_main
2000d18d   _c_int00
2000d2c8   _ctypes_
20017f54   _lock
2000d267   _nop
2000d25f   _register_lock
2000d259   _register_unlock
20007b55   _sl_BuildAddress
20008333   _sl_HandleAsync_Accept
200082c5   _sl_HandleAsync_Connect
2000999b   _sl_HandleAsync_DnsGetHostByAddr
2000991d   _sl_HandleAsync_DnsGetHostByName
200098ad   _sl_HandleAsync_DnsGetHostByService
2000af7d   _sl_HandleAsync_InitComplete
20009839   _sl_HandleAsync_PingResponse
2000826d   _sl_HandleAsync_Select
2000af1d   _sl_HandleAsync_Stop
2000822f   _sl_ParseAddress
20007ae7   _sl_TruncatePayloadByProtocol
20017000   _sys_memory
20017f58   _unlock
2000d0cd   abort
2000cff1   atoi
ffffffff   binit
2000ac3d   calloc
20009aa1   cc_SetupTransfer
20009cb1   cc_UDMAChannelSelect
2000d085   copy_in
2000d0d5   exit
2000a997   free
2000d944   g_H2NCnysPattern
2000d93c   g_H2NSyncPattern
20017f34   g_SpiFd
20017c00   g_StatMem
20017eb4   g__SlNonOsCB
20017f0c   g_cDummy
20017f3c   g_len
20017f64   g_pCB
20017f30   g_pHostIntHdl
20004000   g_pfnVectors
20017f00   g_ucConnectionBSSID
20017edc   g_ucConnectionSSID
20017f38   g_ucDMAEnabled
20017e64   g_ucDinDout
20017f0d   g_ucLED1Pin
20017f0e   g_ucLED2Pin
20017f0f   g_ucLED3Pin
20017f24   g_uiLED1Port
20017f28   g_uiLED2Port
20017f2c   g_uiLED3Port
20017f50   g_ulGatewayIP
20017f4c   g_ulStatus
20017d64   gfpAppCallbackHndl
20017800   gpCtlTbl
20017f10   iDone
2000cf3d   ltoa
20006eff   main
20017f6c   main_func_sp
2000a935   malloc
2000ab5d   memalign
2000d20d   memccpy
2000cab1   memcpy
2000ce11   memset
2000a8a9   minit
20017f68   pPingCallBackFunc
2000aa57   realloc
20008121   sl_Accept
200080b9   sl_Bind
2000809b   sl_Close
20007fb1   sl_Connect
2000aeb1   sl_DevGet
2000ae71   sl_DevSet
2000ae53   sl_EventMaskGet
2000ae35   sl_EventMaskSet
20007f49   sl_GetSockOpt
20007f07   sl_Htonl
20007ed3   sl_Htons
20007eb1   sl_Listen
20009767   sl_NetAppDnsGetHostByName
20009699   sl_NetAppDnsGetHostByService
20009639   sl_NetAppGet
200095c5   sl_NetAppGetServiceList
200095a5   sl_NetAppMDNSRegisterService
2000950f   sl_NetAppMDNSRegisterUnregisterService
20009593   sl_NetAppMDNSUnRegisterService
200093fb   sl_NetAppPingStart
20009395   sl_NetAppSendTokenValue
20009355   sl_NetAppSet
20009339   sl_NetAppStart
2000931d   sl_NetAppStop
2000c995   sl_NetCfgGet
2000c955   sl_NetCfgSet
20007e77   sl_Recv
20007dcf   sl_RecvFrom
20007cd1   sl_Select
20007c27   sl_Send
20007b7d   sl_SendTo
20007aa7   sl_SetSockOpt
20007a7d   sl_Socket
2000ad81   sl_Start
2000ac79   sl_Stop
2000ac75   sl_Task
200089d5   sl_WlanConnect
200089c9   sl_WlanDisconnect
20008961   sl_WlanGet
20008919   sl_WlanGetNetworkList
200088ad   sl_WlanPolicyGet
2000886b   sl_WlanPolicySet
200086c5   sl_WlanProfileAdd
2000868d   sl_WlanProfileDel
200085d3   sl_WlanProfileGet
20008579   sl_WlanRxFilterAdd
20008529   sl_WlanRxFilterGet
200084f3   sl_WlanRxFilterSet
200084bd   sl_WlanRxStatGet
200084b5   sl_WlanRxStatStart
200084ad   sl_WlanRxStatStop
2000846d   sl_WlanSet
2000844f   sl_WlanSetMode
200083e5   sl_WlanSmartConfigStart
200083dd   sl_WlanSmartConfigStop
20009dad   spi_Close
20009ccd   spi_Open
20009c25   spi_Read
20009b81   spi_Read_CPU
20009b39   spi_Write
20009a65   spi_Write_CPU
2000d26d   strlen
2000a3c1   uDMAChannelAssign
2000a071   uDMAChannelAttributeDisable
2000a01d   uDMAChannelAttributeEnable
2000a0c5   uDMAChannelAttributeGet
2000a135   uDMAChannelControlSet
20009faf   uDMAChannelDisable
20009f97   uDMAChannelEnable
20009fc7   uDMAChannelIsEnabled
2000a339   uDMAChannelModeGet
2000a005   uDMAChannelRequest
2000a269   uDMAChannelScatterGatherSet
2000a2f1   uDMAChannelSizeGet
2000a171   uDMAChannelTransferSet
20009fff   uDMAControlAlternateBaseGet
20009ff9   uDMAControlBaseGet
20009fe9   uDMAControlBaseSet
20009f81   uDMADisable
20009f79   uDMAEnable
20009f8f   uDMAErrorStatusClear
20009f89   uDMAErrorStatusGet
2000a3ad   uDMAIntClear
2000a37f   uDMAIntRegister
2000a3a7   uDMAIntStatus
2000a395   uDMAIntUnregister
2000cc75   vsnprintf


GLOBAL SYMBOLS: SORTED BY Symbol Address 

address    name
--------   ----
00000001   __TI_args_main
00000800   __STACK_SIZE
00000800   __SYSMEM_SIZE
20004000   g_pfnVectors
20004401   _SlRemoveFromList
2000443f   _SlFindAndSetActiveObj
200044cb   _SlDrvWaitForPoolObj
200045db   _SlDrvShiftDWord
200045ef   _SlDrvRxIrqHandler
20004625   _SlDrvRxHdrRead
2000474d   _SlDrvReleasePoolObj
20004849   _SlDrvObjInit
2000487f   _SlDrvObjDeInit
200048a9   _SlDrvMsgWrite
200049a5   _SlDrvClassifyRxMsg
20004a39   _SlDrvMsgRead
20004ddf   _SlAsyncEventGenericHandler
20005105   _SlDrvMsgReadSpawnCtx
20005199   _SlDrvMsgReadCmdCtx
20005249   _SlDrvDriverCBInit
200052c7   _SlDrvDriverCBDeinit
2000531f   _SlDrvDataWriteOp
20005461   _SlDrvDataReadOp
200055c3   _SlDrvCmdSend
200055e1   _SlDrvCmdOp
20005631   _SlDrvBasicCmd
20006223   __TI_printfi
2000652d   SimpleLinkWlanEventHandler
20006637   SimpleLinkNetAppEventHandler
200066cd   SimpleLinkHttpServerCallback
200066f5   SimpleLinkGeneralEventHandler
2000670b   SimpleLinkSockEventHandler
20006c5d   BsdTcpServer
20006e6d   SmartConfigConnect
20006eff   main
200070f1   PRCMSOCReset
200070fd   PRCMMCUReset
2000711d   PRCMSysResetCauseGet
20007141   PRCMPeripheralClkEnable
2000716d   PRCMPeripheralClkDisable
2000718d   PRCMPeripheralClockGet
2000720b   PRCMPeripheralReset
20007259   PRCMPeripheralStatusGet
20007283   PRCMI2SClockFreqSet
200072d3   PRCMLPDSRestoreInfoSet
200072eb   PRCMLPDSEnter
2000731b   PRCMLPDSWakeupSourceEnable
2000733d   PRCMLPDSWakeupSourceDisable
20007351   PRCMLPDSWakeupCauseGet
20007357   PRCMLPDSIntervalSet
20007379   PRCMLPDSWakeUpGPIOSelect
20007395   PRCMSleepEnter
2000739d   PRCMDeepSleepEnter
200073cd   PRCMSRAMRetentionEnable
20007405   PRCMSRAMRetentionDisable
20007439   PRCMHibernateWakeupSourceEnable
2000745f   PRCMHibernateWakeupSourceDisable
20007485   PRCMHibernateWakeupCauseGet
200074a1   PRCMHibernateIntervalSet
20007515   PRCMHibernateWakeUpGPIOSelect
20007567   PRCMHibernateEnter
20007577   PRCMSlowClkCtrGet
200075b1   PRCMSlowClkCtrMatchSet
200075d9   PRCMSlowClkCtrMatchGet
20007619   PRCMOCRRegisterWrite
20007633   PRCMOCRRegisterRead
2000764d   PRCMIntRegister
20007661   PRCMIntUnregister
20007675   PRCMIntEnable
200076a9   PRCMIntDisable
200076cd   PRCMIntStatus
200076d3   PRCMRTCInUseSet
200076e5   PRCMRTCInUseGet
20007705   PRCMRTCSet
20007795   PRCMRTCGet
2000782d   PRCMRTCMatchSet
200078c9   PRCMRTCMatchGet
20007965   PRCMCC3200MCUInit
20007a7d   sl_Socket
20007aa7   sl_SetSockOpt
20007ae7   _sl_TruncatePayloadByProtocol
20007b55   _sl_BuildAddress
20007b7d   sl_SendTo
20007c27   sl_Send
20007cd1   sl_Select
20007dcf   sl_RecvFrom
20007e77   sl_Recv
20007eb1   sl_Listen
20007ed3   sl_Htons
20007f07   sl_Htonl
20007f49   sl_GetSockOpt
20007fb1   sl_Connect
2000809b   sl_Close
200080b9   sl_Bind
20008121   sl_Accept
2000822f   _sl_ParseAddress
2000826d   _sl_HandleAsync_Select
200082c5   _sl_HandleAsync_Connect
20008333   _sl_HandleAsync_Accept
20008397   SL_FD_ZERO
2000839d   SL_FD_SET
200083b1   SL_FD_ISSET
200083c1   SL_FD_CLR
200083dd   sl_WlanSmartConfigStop
200083e5   sl_WlanSmartConfigStart
2000844f   sl_WlanSetMode
2000846d   sl_WlanSet
200084ad   sl_WlanRxStatStop
200084b5   sl_WlanRxStatStart
200084bd   sl_WlanRxStatGet
200084f3   sl_WlanRxFilterSet
20008529   sl_WlanRxFilterGet
20008579   sl_WlanRxFilterAdd
200085d3   sl_WlanProfileGet
2000868d   sl_WlanProfileDel
200086c5   sl_WlanProfileAdd
2000886b   sl_WlanPolicySet
200088ad   sl_WlanPolicyGet
20008919   sl_WlanGetNetworkList
20008961   sl_WlanGet
200089c9   sl_WlanDisconnect
200089d5   sl_WlanConnect
20008e57   SPIEnable
20008e6f   SPIDisable
20008e87   SPIDmaEnable
20008ea1   SPIDmaDisable
20008ebb   SPIReset
20008edd   SPIConfigSetExpClk
20008f81   SPIDataGetNonBlocking
20008fab   SPIDataGet
20008fcb   SPIDataPutNonBlocking
20008ff3   SPIDataPut
20009011   SPIFIFOEnable
2000902b   SPIFIFODisable
20009045   SPIFIFOLevelSet
20009079   SPIFIFOLevelGet
200090ad   SPIWordCountSet
200090d5   SPIIntRegister
200090f9   SPIIntUnregister
20009113   SPIIntEnable
20009157   SPIIntDisable
200091a1   SPIIntStatus
2000920f   SPIIntClear
2000924d   SPICSEnable
20009265   SPICSDisable
2000927d   SPITransfer
2000931d   sl_NetAppStop
20009339   sl_NetAppStart
20009355   sl_NetAppSet
20009395   sl_NetAppSendTokenValue
200093e1   CopyPingResultsToReport
200093fb   sl_NetAppPingStart
2000950f   sl_NetAppMDNSRegisterUnregisterService
20009593   sl_NetAppMDNSUnRegisterService
200095a5   sl_NetAppMDNSRegisterService
200095c5   sl_NetAppGetServiceList
20009639   sl_NetAppGet
20009699   sl_NetAppDnsGetHostByService
20009767   sl_NetAppDnsGetHostByName
20009839   _sl_HandleAsync_PingResponse
200098ad   _sl_HandleAsync_DnsGetHostByService
2000991d   _sl_HandleAsync_DnsGetHostByName
2000999b   _sl_HandleAsync_DnsGetHostByAddr
200099a1   _SlDrvNetAppEventHandler
20009a65   spi_Write_CPU
20009aa1   cc_SetupTransfer
20009ad7   SetupDMASend
20009b39   spi_Write
20009b81   spi_Read_CPU
20009bbd   SetupDMAReceive
20009c25   spi_Read
20009cb1   cc_UDMAChannelSelect
20009ccd   spi_Open
20009dad   spi_Close
20009e0f   NwpUnMaskInterrupt
20009e1d   NwpRegisterInterruptHandler
20009e5d   NwpMaskInterrupt
20009e6d   NwpPowerOff
20009ea1   NwpPowerOnPreamble
20009ee5   NwpPowerOn
20009f09   DmaSpiSwIntHandler
20009f25   HostIntHanlder
20009f79   uDMAEnable
20009f81   uDMADisable
20009f89   uDMAErrorStatusGet
20009f8f   uDMAErrorStatusClear
20009f97   uDMAChannelEnable
20009faf   uDMAChannelDisable
20009fc7   uDMAChannelIsEnabled
20009fe9   uDMAControlBaseSet
20009ff9   uDMAControlBaseGet
20009fff   uDMAControlAlternateBaseGet
2000a005   uDMAChannelRequest
2000a01d   uDMAChannelAttributeEnable
2000a071   uDMAChannelAttributeDisable
2000a0c5   uDMAChannelAttributeGet
2000a135   uDMAChannelControlSet
2000a171   uDMAChannelTransferSet
2000a269   uDMAChannelScatterGatherSet
2000a2f1   uDMAChannelSizeGet
2000a339   uDMAChannelModeGet
2000a37f   uDMAIntRegister
2000a395   uDMAIntUnregister
2000a3a7   uDMAIntStatus
2000a3ad   uDMAIntClear
2000a3c1   uDMAChannelAssign
2000a459   UARTParityModeSet
2000a475   UARTParityModeGet
2000a487   UARTFIFOLevelSet
2000a49f   UARTFIFOLevelGet
2000a4c7   UARTConfigSetExpClk
2000a53d   UARTConfigGetExpClk
2000a589   UARTEnable
2000a5ad   UARTDisable
2000a5d7   UARTFIFOEnable
2000a5ed   UARTFIFODisable
2000a603   UARTModemControlSet
2000a627   UARTModemControlClear
2000a64b   UARTModemControlGet
2000a65d   UARTModemStatusGet
2000a66f   UARTFlowControlSet
2000a68b   UARTFlowControlGet
2000a69d   UARTTxIntModeSet
2000a6b9   UARTTxIntModeGet
2000a6cb   UARTCharsAvail
2000a6e3   UARTSpaceAvail
2000a705   UARTCharGetNonBlocking
2000a721   UARTCharGet
2000a737   UARTCharPutNonBlocking
2000a75b   UARTCharPut
2000a779   UARTBreakCtl
2000a7a3   UARTBusy
2000a7bb   UARTIntRegister
2000a7d9   UARTIntUnregister
2000a7f3   UARTIntEnable
2000a80b   UARTIntDisable
2000a823   UARTIntStatus
2000a841   UARTIntClear
2000a853   UARTDMAEnable
2000a86b   UARTDMADisable
2000a883   UARTRxErrorGet
2000a899   UARTRxErrorClear
2000a8a9   minit
2000a935   malloc
2000a997   free
2000aa57   realloc
2000ab5d   memalign
2000ac3d   calloc
2000ac75   sl_Task
2000ac79   sl_Stop
2000ad37   GetStartResponseConvert
2000ad81   sl_Start
2000ae35   sl_EventMaskSet
2000ae53   sl_EventMaskGet
2000ae71   sl_DevSet
2000aeb1   sl_DevGet
2000af1d   _sl_HandleAsync_Stop
2000af7d   _sl_HandleAsync_InitComplete
2000aff1   _SlDrvDeviceEventHandler
2000b02b   IntMasterEnable
2000b035   IntMasterDisable
2000b03f   IntVTableBaseSet
2000b04f   IntRegister
2000b06b   IntUnregister
2000b085   IntPriorityGroupingSet
2000b09f   IntPriorityGroupingGet
2000b0d7   IntPrioritySet
2000b127   IntPriorityGet
2000b14b   IntEnable
2000b1e5   IntDisable
2000b27f   IntPendSet
2000b30d   IntPendClear
2000b365   IntPriorityMaskSet
2000b371   IntPriorityMaskGet
2000b399   GPIO_IF_LedConfigure
2000b3d7   GPIO_IF_LedOn
2000b48b   GPIO_IF_LedOff
2000b53f   GPIO_IF_LedStatus
2000b5a9   GPIO_IF_LedToggle
2000b5d7   GPIO_IF_GetPortNPin
2000b61d   GPIO_IF_ConfigureNIntEnable
2000b659   GPIO_IF_Set
2000b693   GPIO_IF_Get
2000b735   GPIODirModeSet
2000b76b   GPIODirModeGet
2000b79d   GPIOIntTypeSet
2000b81f   GPIOIntTypeGet
2000b885   GPIOIntEnable
2000b89f   GPIOIntDisable
2000b8b9   GPIOIntStatus
2000b8db   GPIOIntClear
2000b8ef   GPIOIntRegister
2000b90d   GPIOIntUnregister
2000b927   GPIOPinRead
2000b93f   GPIOPinWrite
2000b95f   GPIODMATriggerEnable
2000b9b7   GPIODMATriggerDisable
2000ba21   FlashDisable
2000ba57   FlashErase
2000ba91   FlashEraseNonBlocking
2000baaf   FlashMassErase
2000badb   FlashMassEraseNonBlocking
2000baeb   FlashProgram
2000bb6d   FlashProgramNonBlocking
2000bbef   FlashProtectGet
2000bc65   FlashIntRegister
2000bc79   FlashIntUnregister
2000bc89   FlashIntEnable
2000bc9d   FlashIntDisable
2000bcb1   FlashIntStatus
2000bccd   FlashIntClear
2000bd21   PinModeSet
2000bd59   PinModeGet
2000bd83   PinDirModeSet
2000bdb7   PinDirModeGet
2000bde1   PinConfigGet
2000be1f   PinConfigSet
2000be9b   PinTypeUART
2000beb5   PinTypeI2C
2000bed1   PinTypeSPI
2000beeb   PinTypeI2S
2000bf05   PinTypeTimer
2000bf1f   PinTypeCamera
2000bf39   PinTypeGPIO
2000bf69   PinTypeADC
2000bf7d   PinTypeSDHost
2000bfa5   DmaSwIntHandler
2000bfbb   DmaErrorIntHandler
2000bfc7   UDMAInit
2000c01f   UDMAChannelSelect
2000c04d   SetupTransfer
2000c091   UDMASetupAutoMemTransfer
2000c0c5   UDMASetupPingPongTransfer
2000c11f   UDMAStartTransfer
2000c12b   UDMAStopTransfer
2000c137   UDMADeInit
2000c14b   DMASetupTransfer
2000c1a5   __aeabi_uldivmod
2000c399   InitTerm
2000c3b7   Message
2000c3d9   ClearTerm
2000c3e3   Error
2000c41b   GetCmd
2000c4ad   Report
2000c56d   __aeabi_dsub
2000c577   __aeabi_dadd
2000c723   __aeabi_ddiv
2000c859   __aeabi_dmul
2000c955   sl_NetCfgSet
2000c995   sl_NetCfgGet
2000ca0d   Interpreter
2000cab1   __aeabi_memcpy
2000cab1   __aeabi_memcpy4
2000cab1   __aeabi_memcpy8
2000cab1   memcpy
2000cb4d   __TI_auto_init
2000cbe1   _SlNonOsSpawn
2000cbfd   _SlNonOsSemSet
2000cc05   _SlNonOsMainLoopTask
2000cc3d   _SlNonOsSemGet
2000cc75   vsnprintf
2000ccfd   __aeabi_cdcmpeq
2000ccfd   __aeabi_cdcmple
2000cd83   __aeabi_cdrcmple
2000ce09   __aeabi_memclr
2000ce09   __aeabi_memclr4
2000ce09   __aeabi_memclr8
2000ce0b   __aeabi_memset
2000ce0b   __aeabi_memset4
2000ce0b   __aeabi_memset8
2000ce11   memset
2000ce81   CPUcpsid
2000ce95   CPUprimask
2000ce9f   CPUcpsie
2000ceb3   CPUwfi
2000cebf   CPUbasepriSet
2000ced5   CPUbasepriGet
2000cf3d   ltoa
2000cf99   _SlDrvFlowContInit
2000cfc3   _SlDrvFlowContDeinit
2000cff1   atoi
2000d03d   __aeabi_d2iz
2000d085   copy_in
2000d0c9   C$$EXIT
2000d0cd   abort
2000d0d5   exit
2000d10d   _Dtest
2000d151   PinMuxConfig
2000d18d   _c_int00
2000d1c1   __aeabi_i2d
2000d1ef   __aeabi_llsr
2000d20d   memccpy
2000d229   _args_main
2000d241   __aeabi_lmul
2000d259   _register_unlock
2000d25f   _register_lock
2000d267   _nop
2000d26d   strlen
2000d281   __TI_zero_init
2000d293   __TI_decompress_none
2000d2a1   _Dclass
2000d2af   ResetISR
2000d2bd   UtilsDelay
2000d2c3   __TI_decompress_rle24
2000d2c8   _ctypes_
2000d7f0   _SlPolicySetCmdCtrl
2000d7f4   _SlPolicyGetCmdCtrl
2000d7f8   _SlProfileGetCmdCtrl
2000d7fc   _SlProfileDelCmdCtrl
2000d800   _SlWlanGetNetworkListCtrl
2000d804   _SlRxFilterAddtCmdCtrl
2000d808   _SlRxFilterSetCmdCtrl
2000d80c   _SlRxFilterGetCmdCtrl
2000d810   _SlSmartConfigStartCmdCtrl
2000d814   _SlWlanSetModeCmdCtrl
2000d818   _SlWlanCfgSetCmdCtrl
2000d81c   _SlWlanCfgGetCmdCtrl
2000d82c   _SlActionLookupTable
2000d864   _SlSockSocketCmdCtrl
2000d868   _SlSockCloseCmdCtrl
2000d86c   _SlRecvfomCmdCtrl
2000d870   _SlSendCmdCtrl
2000d874   _SlListenCmdCtrl
2000d878   _SlAcceptCmdCtrl
2000d87c   _SlRecvCmdCtrl
2000d880   _SlSetSockOptCmdCtrl
2000d884   _SlGetSockOptCmdCtrl
2000d888   _SlSelectCmdCtrl
2000d8c4   _SlNetAppStartCtrl
2000d8c8   _SlNetAppStopCtrl
2000d8cc   _SlGetServiceListeCtrl
2000d8d0   _SlRegisterServiceCtrl
2000d8d4   _SlGetHostByServiceCtrl
2000d8d8   _SlGetHostByNameCtrl
2000d8dc   _SlNetAppSetCmdCtrl
2000d8e0   _SlNetAppSendTokenValueCmdCtrl
2000d8e4   _SlNetAppGetCmdCtrl
2000d928   _SlStopCmdCtrl
2000d92c   _SlEventMaskSetCmdCtrl
2000d930   _SlEventMaskGetCmdCtrl
2000d934   _SlDeviceGetCmdCtrl
2000d938   _SlDeviceSetCmdCtrl
2000d93c   g_H2NSyncPattern
2000d944   g_H2NCnysPattern
2000d960   _SlNetCfgSetCmdCtrl
2000d964   _SlNetCfgGetCmdCtrl
2000d968   __TI_static_base__
2000d9a0   __TI_Handler_Table_Base
2000d9ac   __TI_Handler_Table_Limit
2000d9b8   __TI_CINIT_Base
2000d9c8   __TI_CINIT_Limit
20017000   _sys_memory
20017800   gpCtlTbl
20017c00   g_StatMem
20017d64   gfpAppCallbackHndl
20017e64   g_ucDinDout
20017eb4   g__SlNonOsCB
20017edc   g_ucConnectionSSID
20017f00   g_ucConnectionBSSID
20017f0c   g_cDummy
20017f0d   g_ucLED1Pin
20017f0e   g_ucLED2Pin
20017f0f   g_ucLED3Pin
20017f10   iDone
20017f24   g_uiLED1Port
20017f28   g_uiLED2Port
20017f2c   g_uiLED3Port
20017f30   g_pHostIntHdl
20017f34   g_SpiFd
20017f38   g_ucDMAEnabled
20017f3c   g_len
20017f4c   g_ulStatus
20017f50   g_ulGatewayIP
20017f54   _lock
20017f58   _unlock
20017f5c   __TI_cleanup_ptr
20017f60   __TI_dtors_ptr
20017f64   g_pCB
20017f68   pPingCallBackFunc
20017f6c   main_func_sp
2002f800   __stack
20030000   __STACK_END
ffffffff   __binit__
ffffffff   __c_args__
ffffffff   binit
UNDEFED    SHT$$INIT_ARRAY$$Base
UNDEFED    SHT$$INIT_ARRAY$$Limit

[487 symbols]
