<?xml version="1.0"?>
<link_info>
   <banner>TI ARM Linker PC v5.1.6</banner>
   <copyright>Copyright (c) 1996-2014 Texas Instruments Incorporated</copyright>
   <link_time>0x53e99510</link_time>
   <link_errors>0x0</link_errors>
   <output_file>provisioning_smartconfig.out</output_file>
   <entry_point>
      <name>_c_int00</name>
      <address>0x2000a719</address>
   </entry_point>
   <input_file_list>
      <input_file id="fl-2">
         <path>.\</path>
         <kind>object</kind>
         <file>gpio_if.obj</file>
         <name>gpio_if.obj</name>
      </input_file>
      <input_file id="fl-3">
         <path>.\</path>
         <kind>object</kind>
         <file>main.obj</file>
         <name>main.obj</name>
      </input_file>
      <input_file id="fl-4">
         <path>.\</path>
         <kind>object</kind>
         <file>pinmux.obj</file>
         <name>pinmux.obj</name>
      </input_file>
      <input_file id="fl-5">
         <path>.\</path>
         <kind>object</kind>
         <file>startup_ccs.obj</file>
         <name>startup_ccs.obj</name>
      </input_file>
      <input_file id="fl-134">
         <path>c:\ti\ccsv6\tools\compiler\arm_5.1.6\lib\</path>
         <kind>archive</kind>
         <file>rtsv7M4_T_le_eabi.lib</file>
         <name>boot.obj</name>
      </input_file>
      <input_file id="fl-135">
         <path>c:\ti\ccsv6\tools\compiler\arm_5.1.6\lib\</path>
         <kind>archive</kind>
         <file>rtsv7M4_T_le_eabi.lib</file>
         <name>copy_decompress_none.obj</name>
      </input_file>
      <input_file id="fl-136">
         <path>c:\ti\ccsv6\tools\compiler\arm_5.1.6\lib\</path>
         <kind>archive</kind>
         <file>rtsv7M4_T_le_eabi.lib</file>
         <name>copy_decompress_rle.obj</name>
      </input_file>
      <input_file id="fl-137">
         <path>c:\ti\ccsv6\tools\compiler\arm_5.1.6\lib\</path>
         <kind>archive</kind>
         <file>rtsv7M4_T_le_eabi.lib</file>
         <name>copy_zero_init.obj</name>
      </input_file>
      <input_file id="fl-138">
         <path>c:\ti\ccsv6\tools\compiler\arm_5.1.6\lib\</path>
         <kind>archive</kind>
         <file>rtsv7M4_T_le_eabi.lib</file>
         <name>exit.obj</name>
      </input_file>
      <input_file id="fl-139">
         <path>c:\ti\ccsv6\tools\compiler\arm_5.1.6\lib\</path>
         <kind>archive</kind>
         <file>rtsv7M4_T_le_eabi.lib</file>
         <name>memcpy_t2.obj</name>
      </input_file>
      <input_file id="fl-13a">
         <path>c:\ti\ccsv6\tools\compiler\arm_5.1.6\lib\</path>
         <kind>archive</kind>
         <file>rtsv7M4_T_le_eabi.lib</file>
         <name>memset_t2.obj</name>
      </input_file>
      <input_file id="fl-13b">
         <path>c:\ti\ccsv6\tools\compiler\arm_5.1.6\lib\</path>
         <kind>archive</kind>
         <file>rtsv7M4_T_le_eabi.lib</file>
         <name>stkdepth_vars.obj</name>
      </input_file>
      <input_file id="fl-13c">
         <path>c:\ti\ccsv6\tools\compiler\arm_5.1.6\lib\</path>
         <kind>archive</kind>
         <file>rtsv7M4_T_le_eabi.lib</file>
         <name>_lock.obj</name>
      </input_file>
      <input_file id="fl-13d">
         <path>c:\ti\ccsv6\tools\compiler\arm_5.1.6\lib\</path>
         <kind>archive</kind>
         <file>rtsv7M4_T_le_eabi.lib</file>
         <name>args_main.obj</name>
      </input_file>
      <input_file id="fl-13e">
         <path>c:\ti\ccsv6\tools\compiler\arm_5.1.6\lib\</path>
         <kind>archive</kind>
         <file>rtsv7M4_T_le_eabi.lib</file>
         <name>auto_init.obj</name>
      </input_file>
      <input_file id="fl-13f">
         <path>c:\ti\ccsv6\tools\compiler\arm_5.1.6\lib\</path>
         <kind>archive</kind>
         <file>rtsv7M4_T_le_eabi.lib</file>
         <name>cpy_tbl.obj</name>
      </input_file>
      <input_file id="fl-140">
         <path>C:\ti\CC3200SDK\cc3200-sdk\example\provisioning_smartconfig\ccs\..\..\..\driverlib\ccs\Release\</path>
         <kind>archive</kind>
         <file>driverlib.a</file>
         <name>gpio.obj</name>
      </input_file>
      <input_file id="fl-141">
         <path>C:\ti\CC3200SDK\cc3200-sdk\example\provisioning_smartconfig\ccs\..\..\..\driverlib\ccs\Release\</path>
         <kind>archive</kind>
         <file>driverlib.a</file>
         <name>interrupt.obj</name>
      </input_file>
      <input_file id="fl-142">
         <path>C:\ti\CC3200SDK\cc3200-sdk\example\provisioning_smartconfig\ccs\..\..\..\driverlib\ccs\Release\</path>
         <kind>archive</kind>
         <file>driverlib.a</file>
         <name>pin.obj</name>
      </input_file>
      <input_file id="fl-143">
         <path>C:\ti\CC3200SDK\cc3200-sdk\example\provisioning_smartconfig\ccs\..\..\..\driverlib\ccs\Release\</path>
         <kind>archive</kind>
         <file>driverlib.a</file>
         <name>prcm.obj</name>
      </input_file>
      <input_file id="fl-144">
         <path>C:\ti\CC3200SDK\cc3200-sdk\example\provisioning_smartconfig\ccs\..\..\..\driverlib\ccs\Release\</path>
         <kind>archive</kind>
         <file>driverlib.a</file>
         <name>utils.obj</name>
      </input_file>
      <input_file id="fl-145">
         <path>C:\ti\CC3200SDK\cc3200-sdk\example\provisioning_smartconfig\ccs\..\..\..\driverlib\ccs\Release\</path>
         <kind>archive</kind>
         <file>driverlib.a</file>
         <name>cpu.obj</name>
      </input_file>
      <input_file id="fl-146">
         <path>C:\ti\CC3200SDK\cc3200-sdk\example\provisioning_smartconfig\ccs\..\..\..\driverlib\ccs\Release\</path>
         <kind>archive</kind>
         <file>driverlib.a</file>
         <name>flash.obj</name>
      </input_file>
      <input_file id="fl-147">
         <path>C:\ti\CC3200SDK\cc3200-sdk\example\provisioning_smartconfig\ccs\..\..\..\simplelink\ccs\NON_OS\</path>
         <kind>archive</kind>
         <file>simplelink.a</file>
         <name>wlan.obj</name>
      </input_file>
      <input_file id="fl-148">
         <path>C:\ti\CC3200SDK\cc3200-sdk\example\provisioning_smartconfig\ccs\..\..\..\simplelink\ccs\NON_OS\</path>
         <kind>archive</kind>
         <file>simplelink.a</file>
         <name>nonos.obj</name>
      </input_file>
      <input_file id="fl-149">
         <path>C:\ti\CC3200SDK\cc3200-sdk\example\provisioning_smartconfig\ccs\..\..\..\simplelink\ccs\NON_OS\</path>
         <kind>archive</kind>
         <file>simplelink.a</file>
         <name>netcfg.obj</name>
      </input_file>
      <input_file id="fl-14a">
         <path>C:\ti\CC3200SDK\cc3200-sdk\example\provisioning_smartconfig\ccs\..\..\..\simplelink\ccs\NON_OS\</path>
         <kind>archive</kind>
         <file>simplelink.a</file>
         <name>driver.obj</name>
      </input_file>
      <input_file id="fl-14b">
         <path>C:\ti\CC3200SDK\cc3200-sdk\example\provisioning_smartconfig\ccs\..\..\..\simplelink\ccs\NON_OS\</path>
         <kind>archive</kind>
         <file>simplelink.a</file>
         <name>device.obj</name>
      </input_file>
      <input_file id="fl-14c">
         <path>C:\ti\CC3200SDK\cc3200-sdk\example\provisioning_smartconfig\ccs\..\..\..\simplelink\ccs\NON_OS\</path>
         <kind>archive</kind>
         <file>simplelink.a</file>
         <name>cc_pal.obj</name>
      </input_file>
      <input_file id="fl-14d">
         <path>C:\ti\CC3200SDK\cc3200-sdk\example\provisioning_smartconfig\ccs\..\..\..\simplelink\ccs\NON_OS\</path>
         <kind>archive</kind>
         <file>simplelink.a</file>
         <name>socket.obj</name>
      </input_file>
      <input_file id="fl-14e">
         <path>C:\ti\CC3200SDK\cc3200-sdk\example\provisioning_smartconfig\ccs\..\..\..\simplelink\ccs\NON_OS\</path>
         <kind>archive</kind>
         <file>simplelink.a</file>
         <name>netapp.obj</name>
      </input_file>
      <input_file id="fl-14f">
         <path>C:\ti\CC3200SDK\cc3200-sdk\example\provisioning_smartconfig\ccs\..\..\..\simplelink\ccs\NON_OS\</path>
         <kind>archive</kind>
         <file>simplelink.a</file>
         <name>flowcont.obj</name>
      </input_file>
      <input_file id="fl-150">
         <path>c:\ti\ccsv6\tools\compiler\arm_5.1.6\lib\</path>
         <kind>archive</kind>
         <file>rtsv7M4_T_le_eabi.lib</file>
         <name>ll_lsr_t2.obj</name>
      </input_file>
      <input_file id="fl-151">
         <path>c:\ti\ccsv6\tools\compiler\arm_5.1.6\lib\</path>
         <kind>archive</kind>
         <file>rtsv7M4_T_le_eabi.lib</file>
         <name>ull_div_t2.obj</name>
      </input_file>
      <input_file id="fl-152">
         <path>C:\ti\CC3200SDK\cc3200-sdk\example\provisioning_smartconfig\ccs\..\..\..\driverlib\ccs\Release\</path>
         <kind>archive</kind>
         <file>driverlib.a</file>
         <name>spi.obj</name>
      </input_file>
      <input_file id="fl-153">
         <path>C:\ti\CC3200SDK\cc3200-sdk\example\provisioning_smartconfig\ccs\..\..\..\driverlib\ccs\Release\</path>
         <kind>archive</kind>
         <file>driverlib.a</file>
         <name>udma.obj</name>
      </input_file>
   </input_file_list>
   <object_component_list>
      <object_component id="oc-e">
         <name>.intvecs</name>
         <load_address>0x20004000</load_address>
         <run_address>0x20004000</run_address>
         <size>0x400</size>
         <input_file_ref idref="fl-5"/>
      </object_component>
      <object_component id="oc-102">
         <name>.text</name>
         <load_address>0x20004400</load_address>
         <run_address>0x20004400</run_address>
         <size>0x126c</size>
         <input_file_ref idref="fl-14a"/>
      </object_component>
      <object_component id="oc-c6">
         <name>.text</name>
         <load_address>0x2000566c</load_address>
         <run_address>0x2000566c</run_address>
         <size>0x98c</size>
         <input_file_ref idref="fl-143"/>
      </object_component>
      <object_component id="oc-228">
         <name>.text</name>
         <load_address>0x20005ff8</load_address>
         <run_address>0x20005ff8</run_address>
         <size>0x960</size>
         <input_file_ref idref="fl-14d"/>
      </object_component>
      <object_component id="oc-a8">
         <name>.text</name>
         <load_address>0x20006958</load_address>
         <run_address>0x20006958</run_address>
         <size>0x7a4</size>
         <input_file_ref idref="fl-147"/>
      </object_component>
      <object_component id="oc-1c9">
         <name>.text</name>
         <load_address>0x200070fc</load_address>
         <run_address>0x200070fc</run_address>
         <size>0x79c</size>
         <input_file_ref idref="fl-152"/>
      </object_component>
      <object_component id="oc-1b3">
         <name>.text</name>
         <load_address>0x20007898</load_address>
         <run_address>0x20007898</run_address>
         <size>0x748</size>
         <input_file_ref idref="fl-14e"/>
      </object_component>
      <object_component id="oc-108">
         <name>.text</name>
         <load_address>0x20007fe0</load_address>
         <run_address>0x20007fe0</run_address>
         <size>0x514</size>
         <input_file_ref idref="fl-14c"/>
      </object_component>
      <object_component id="oc-1cf">
         <name>.text</name>
         <load_address>0x200084f4</load_address>
         <run_address>0x200084f4</run_address>
         <size>0x4a4</size>
         <input_file_ref idref="fl-153"/>
      </object_component>
      <object_component id="oc-76">
         <name>.text</name>
         <load_address>0x20008998</load_address>
         <run_address>0x20008998</run_address>
         <size>0x3d0</size>
         <input_file_ref idref="fl-3"/>
      </object_component>
      <object_component id="oc-a2">
         <name>.text</name>
         <load_address>0x20008d68</load_address>
         <run_address>0x20008d68</run_address>
         <size>0x3b4</size>
         <input_file_ref idref="fl-14b"/>
      </object_component>
      <object_component id="oc-c0">
         <name>.text</name>
         <load_address>0x2000911c</load_address>
         <run_address>0x2000911c</run_address>
         <size>0x370</size>
         <input_file_ref idref="fl-141"/>
      </object_component>
      <object_component id="oc-cf">
         <name>.text</name>
         <load_address>0x2000948c</load_address>
         <run_address>0x2000948c</run_address>
         <size>0x354</size>
         <input_file_ref idref="fl-2"/>
      </object_component>
      <object_component id="oc-192">
         <name>.text</name>
         <load_address>0x200097e0</load_address>
         <run_address>0x200097e0</run_address>
         <size>0x334</size>
         <input_file_ref idref="fl-140"/>
      </object_component>
      <object_component id="oc-176">
         <name>.text</name>
         <load_address>0x20009b14</load_address>
         <run_address>0x20009b14</run_address>
         <size>0x300</size>
         <input_file_ref idref="fl-146"/>
      </object_component>
      <object_component id="oc-1a1">
         <name>.text</name>
         <load_address>0x20009e14</load_address>
         <run_address>0x20009e14</run_address>
         <size>0x284</size>
         <input_file_ref idref="fl-142"/>
      </object_component>
      <object_component id="oc-16c">
         <name>.text</name>
         <load_address>0x2000a098</load_address>
         <run_address>0x2000a098</run_address>
         <size>0x1f4</size>
         <input_file_ref idref="fl-151"/>
      </object_component>
      <object_component id="oc-b4">
         <name>.text</name>
         <load_address>0x2000a28c</load_address>
         <run_address>0x2000a28c</run_address>
         <size>0xb4</size>
         <input_file_ref idref="fl-149"/>
      </object_component>
      <object_component id="oc-47">
         <name>.text</name>
         <load_address>0x2000a340</load_address>
         <run_address>0x2000a340</run_address>
         <size>0x9c</size>
         <input_file_ref idref="fl-139"/>
      </object_component>
      <object_component id="oc-32">
         <name>.text</name>
         <load_address>0x2000a3dc</load_address>
         <run_address>0x2000a3dc</run_address>
         <size>0x94</size>
         <input_file_ref idref="fl-13e"/>
      </object_component>
      <object_component id="oc-ae">
         <name>.text</name>
         <load_address>0x2000a470</load_address>
         <run_address>0x2000a470</run_address>
         <size>0x94</size>
         <input_file_ref idref="fl-148"/>
      </object_component>
      <object_component id="oc-9d">
         <name>.text</name>
         <load_address>0x2000a504</load_address>
         <run_address>0x2000a504</run_address>
         <size>0x78</size>
         <input_file_ref idref="fl-13a"/>
      </object_component>
      <object_component id="oc-159">
         <name>.text</name>
         <load_address>0x2000a57c</load_address>
         <run_address>0x2000a57c</run_address>
         <size>0x5e</size>
         <input_file_ref idref="fl-145"/>
      </object_component>
      <object_component id="oc-5a">
         <name>.text</name>
         <load_address>0x2000a5da</load_address>
         <run_address>0x2000a5da</run_address>
         <size>0x5e</size>
         <input_file_ref idref="fl-136"/>
      </object_component>
      <object_component id="oc-1bc">
         <name>.text</name>
         <load_address>0x2000a638</load_address>
         <run_address>0x2000a638</run_address>
         <size>0x58</size>
         <input_file_ref idref="fl-14f"/>
      </object_component>
      <object_component id="oc-6f">
         <name>.text</name>
         <load_address>0x2000a690</load_address>
         <run_address>0x2000a690</run_address>
         <size>0x44</size>
         <input_file_ref idref="fl-13f"/>
      </object_component>
      <object_component id="oc-3d">
         <name>.text</name>
         <load_address>0x2000a6d4</load_address>
         <run_address>0x2000a6d4</run_address>
         <size>0x44</size>
         <input_file_ref idref="fl-138"/>
      </object_component>
      <object_component id="oc-11">
         <name>.text</name>
         <load_address>0x2000a718</load_address>
         <run_address>0x2000a718</run_address>
         <size>0x34</size>
         <input_file_ref idref="fl-134"/>
      </object_component>
      <object_component id="oc-d6">
         <name>.text</name>
         <load_address>0x2000a74c</load_address>
         <run_address>0x2000a74c</run_address>
         <size>0x24</size>
         <input_file_ref idref="fl-4"/>
      </object_component>
      <object_component id="oc-171">
         <name>.text</name>
         <load_address>0x2000a770</load_address>
         <run_address>0x2000a770</run_address>
         <size>0x1e</size>
         <input_file_ref idref="fl-150"/>
      </object_component>
      <object_component id="oc-37">
         <name>.text</name>
         <load_address>0x2000a790</load_address>
         <run_address>0x2000a790</run_address>
         <size>0x18</size>
         <input_file_ref idref="fl-13d"/>
      </object_component>
      <object_component id="oc-ec">
         <name>.text</name>
         <load_address>0x2000a7a8</load_address>
         <run_address>0x2000a7a8</run_address>
         <size>0x14</size>
         <input_file_ref idref="fl-13c"/>
      </object_component>
      <object_component id="oc-1c">
         <name>.text:decompress:ZI</name>
         <load_address>0x2000a7bc</load_address>
         <run_address>0x2000a7bc</run_address>
         <size>0x12</size>
         <input_file_ref idref="fl-137"/>
      </object_component>
      <object_component id="oc-16">
         <name>.text:decompress:none</name>
         <load_address>0x2000a7ce</load_address>
         <run_address>0x2000a7ce</run_address>
         <size>0xe</size>
         <input_file_ref idref="fl-135"/>
      </object_component>
      <object_component id="oc-29">
         <name>.text</name>
         <load_address>0x2000a7dc</load_address>
         <run_address>0x2000a7dc</run_address>
         <size>0xe</size>
         <input_file_ref idref="fl-5"/>
      </object_component>
      <object_component id="oc-d5">
         <name>.text:UtilsDelay</name>
         <load_address>0x2000a7ea</load_address>
         <run_address>0x2000a7ea</run_address>
         <size>0x6</size>
         <input_file_ref idref="fl-144"/>
      </object_component>
      <object_component id="oc-22">
         <name>.text:decompress:rle24</name>
         <load_address>0x2000a7f0</load_address>
         <run_address>0x2000a7f0</run_address>
         <size>0x6</size>
         <input_file_ref idref="fl-136"/>
      </object_component>
      <object_component id="oc-223">
         <name>.const:g_ulPinToPadMap</name>
         <load_address>0x2000a7f8</load_address>
         <run_address>0x2000a7f8</run_address>
         <size>0x100</size>
         <input_file_ref idref="fl-142"/>
      </object_component>
      <object_component id="oc-162">
         <name>.const:g_pulRegs</name>
         <load_address>0x2000a8f8</load_address>
         <run_address>0x2000a8f8</run_address>
         <size>0xd4</size>
         <input_file_ref idref="fl-141"/>
      </object_component>
      <object_component id="oc-128">
         <name>.const:$P$T0$1</name>
         <load_address>0x2000a9cc</load_address>
         <run_address>0x2000a9cc</run_address>
         <size>0xb0</size>
         <input_file_ref idref="fl-147"/>
      </object_component>
      <object_component id="oc-17c">
         <name>.const:PRCM_PeriphRegsList</name>
         <load_address>0x2000aa7c</load_address>
         <run_address>0x2000aa7c</run_address>
         <size>0xa0</size>
         <input_file_ref idref="fl-143"/>
      </object_component>
      <object_component id="oc-15f">
         <name>.const</name>
         <load_address>0x2000ab1c</load_address>
         <run_address>0x2000ab1c</run_address>
         <size>0x80</size>
         <input_file_ref idref="fl-141"/>
      </object_component>
      <object_component id="oc-20a">
         <name>.const:g_pulFMPPERegs</name>
         <load_address>0x2000ab9c</load_address>
         <run_address>0x2000ab9c</run_address>
         <size>0x40</size>
         <input_file_ref idref="fl-146"/>
      </object_component>
      <object_component id="oc-207">
         <name>.const:g_pulFMPRERegs</name>
         <load_address>0x2000abdc</load_address>
         <run_address>0x2000abdc</run_address>
         <size>0x40</size>
         <input_file_ref idref="fl-146"/>
      </object_component>
      <object_component id="oc-125">
         <name>.const</name>
         <load_address>0x2000ac1c</load_address>
         <run_address>0x2000ac1c</run_address>
         <size>0x3c</size>
         <input_file_ref idref="fl-147"/>
      </object_component>
      <object_component id="oc-1ad">
         <name>.const:_SlActionLookupTable</name>
         <load_address>0x2000ac58</load_address>
         <run_address>0x2000ac58</run_address>
         <size>0x38</size>
         <input_file_ref idref="fl-14a"/>
      </object_component>
      <object_component id="oc-25d">
         <name>.const</name>
         <load_address>0x2000ac90</load_address>
         <run_address>0x2000ac90</run_address>
         <size>0x34</size>
         <input_file_ref idref="fl-14d"/>
      </object_component>
      <object_component id="oc-dc">
         <name>.const:$P$T0$1</name>
         <load_address>0x2000acc4</load_address>
         <run_address>0x2000acc4</run_address>
         <size>0x2c</size>
         <input_file_ref idref="fl-3"/>
      </object_component>
      <object_component id="oc-232">
         <name>.const</name>
         <load_address>0x2000acf0</load_address>
         <run_address>0x2000acf0</run_address>
         <size>0x28</size>
         <input_file_ref idref="fl-14e"/>
      </object_component>
      <object_component id="oc-241">
         <name>.const:g_ppulSPIIntMap</name>
         <load_address>0x2000ad18</load_address>
         <run_address>0x2000ad18</run_address>
         <size>0x24</size>
         <input_file_ref idref="fl-152"/>
      </object_component>
      <object_component id="oc-244">
         <name>.const</name>
         <load_address>0x2000ad3c</load_address>
         <run_address>0x2000ad3c</run_address>
         <size>0x18</size>
         <input_file_ref idref="fl-152"/>
      </object_component>
      <object_component id="oc-111">
         <name>.const</name>
         <load_address>0x2000ad54</load_address>
         <run_address>0x2000ad54</run_address>
         <size>0x14</size>
         <input_file_ref idref="fl-14b"/>
      </object_component>
      <object_component id="oc-1b0">
         <name>.const</name>
         <load_address>0x2000ad68</load_address>
         <run_address>0x2000ad68</run_address>
         <size>0x14</size>
         <input_file_ref idref="fl-14a"/>
      </object_component>
      <object_component id="oc-14b">
         <name>.const</name>
         <load_address>0x2000ad7c</load_address>
         <run_address>0x2000ad7c</run_address>
         <size>0x8</size>
         <input_file_ref idref="fl-149"/>
      </object_component>
      <object_component id="oc-29a">
         <name>.cinit..data.load</name>
         <load_address>0x2000ad88</load_address>
         <run_address>0x2000ad88</run_address>
         <size>0x2a</size>
      </object_component>
      <object_component id="oc-298">
         <name>__TI_handler_table</name>
         <load_address>0x2000adb4</load_address>
         <run_address>0x2000adb4</run_address>
         <size>0xc</size>
      </object_component>
      <object_component id="oc-29b">
         <name>.cinit..bss.load</name>
         <load_address>0x2000adc0</load_address>
         <run_address>0x2000adc0</run_address>
         <size>0x8</size>
      </object_component>
      <object_component id="oc-299">
         <name>__TI_cinit_table</name>
         <load_address>0x2000adc8</load_address>
         <run_address>0x2000adc8</run_address>
         <size>0x10</size>
      </object_component>
      <object_component id="oc-43">
         <name>.data</name>
         <load_address>0x20017258</load_address>
         <run_address>0x20017258</run_address>
         <size>0x4</size>
         <input_file_ref idref="fl-13b"/>
      </object_component>
      <object_component id="oc-7e">
         <name>.data</name>
         <load_address>0x20017240</load_address>
         <run_address>0x20017240</run_address>
         <size>0x8</size>
         <input_file_ref idref="fl-13c"/>
      </object_component>
      <object_component id="oc-81">
         <name>.data</name>
         <load_address>0x20017248</load_address>
         <run_address>0x20017248</run_address>
         <size>0x8</size>
         <input_file_ref idref="fl-138"/>
      </object_component>
      <object_component id="oc-ba">
         <name>.data</name>
         <load_address>0x20017238</load_address>
         <run_address>0x20017238</run_address>
         <size>0x8</size>
         <input_file_ref idref="fl-3"/>
      </object_component>
      <object_component id="oc-10e">
         <name>.data</name>
         <load_address>0x20017250</load_address>
         <run_address>0x20017250</run_address>
         <size>0x8</size>
         <input_file_ref idref="fl-14a"/>
      </object_component>
      <object_component id="oc-198">
         <name>.data</name>
         <load_address>0x2001720c</load_address>
         <run_address>0x2001720c</run_address>
         <size>0x1c</size>
         <input_file_ref idref="fl-2"/>
      </object_component>
      <object_component id="oc-1d8">
         <name>.data</name>
         <load_address>0x20017228</load_address>
         <run_address>0x20017228</run_address>
         <size>0x10</size>
         <input_file_ref idref="fl-14c"/>
      </object_component>
      <object_component id="oc-bd">
         <name>.bss:g_ucConnectionSSID</name>
         <uninitialized>true</uninitialized>
         <run_address>0x200171dc</run_address>
         <size>0x24</size>
         <input_file_ref idref="fl-3"/>
      </object_component>
      <object_component id="oc-13c">
         <name>.bss:g__SlNonOsCB</name>
         <uninitialized>true</uninitialized>
         <run_address>0x200171b4</run_address>
         <size>0x28</size>
         <input_file_ref idref="fl-148"/>
      </object_component>
      <object_component id="oc-1b9">
         <name>.bss:g_StatMem</name>
         <uninitialized>true</uninitialized>
         <run_address>0x20017000</run_address>
         <size>0x164</size>
         <input_file_ref idref="fl-14a"/>
      </object_component>
      <object_component id="oc-1d5">
         <name>.bss:g_ucDinDout</name>
         <uninitialized>true</uninitialized>
         <run_address>0x20017164</run_address>
         <size>0x50</size>
         <input_file_ref idref="fl-14c"/>
      </object_component>
      <object_component id="oc-19b">
         <name>.common:g_ucLED1Pin</name>
         <uninitialized>true</uninitialized>
         <run_address>0x20017209</run_address>
         <size>0x1</size>
      </object_component>
      <object_component id="oc-19e">
         <name>.common:g_ucLED2Pin</name>
         <uninitialized>true</uninitialized>
         <run_address>0x2001720a</run_address>
         <size>0x1</size>
      </object_component>
      <object_component id="oc-19f">
         <name>.common:g_ucLED3Pin</name>
         <uninitialized>true</uninitialized>
         <run_address>0x2001720b</run_address>
         <size>0x1</size>
      </object_component>
      <object_component id="oc-cc">
         <name>.common:g_ucConnectionBSSID</name>
         <uninitialized>true</uninitialized>
         <run_address>0x20017200</run_address>
         <size>0x8</size>
      </object_component>
      <object_component id="oc-1de">
         <name>.common:g_cDummy</name>
         <uninitialized>true</uninitialized>
         <run_address>0x20017208</run_address>
         <size>0x1</size>
      </object_component>
      <object_component id="oc-28">
         <name>.stack</name>
         <uninitialized>true</uninitialized>
         <run_address>0x2002f800</run_address>
         <size>0x0</size>
         <input_file_ref idref="fl-134"/>
      </object_component>
      <object_component id="oc-29c">
         <name>.stack</name>
         <uninitialized>true</uninitialized>
         <run_address>0x2002f800</run_address>
         <size>0x0</size>
      </object_component>
      <object_component id="oc-f">
         <name>.debug_info</name>
         <load_address>0x0</load_address>
         <run_address>0x0</run_address>
         <size>0x115</size>
         <input_file_ref idref="fl-5"/>
      </object_component>
      <object_component id="oc-12">
         <name>.debug_info</name>
         <load_address>0x115</load_address>
         <run_address>0x115</run_address>
         <size>0x10a</size>
         <input_file_ref idref="fl-134"/>
      </object_component>
      <object_component id="oc-1a">
         <name>.debug_info</name>
         <load_address>0x21f</load_address>
         <run_address>0x21f</run_address>
         <size>0x1ab</size>
         <input_file_ref idref="fl-135"/>
      </object_component>
      <object_component id="oc-1f">
         <name>.debug_info</name>
         <load_address>0x3ca</load_address>
         <run_address>0x3ca</run_address>
         <size>0x181</size>
         <input_file_ref idref="fl-137"/>
      </object_component>
      <object_component id="oc-25">
         <name>.debug_info</name>
         <load_address>0x54b</load_address>
         <run_address>0x54b</run_address>
         <size>0x1a5</size>
         <input_file_ref idref="fl-136"/>
      </object_component>
      <object_component id="oc-2b">
         <name>.debug_info</name>
         <load_address>0x6f0</load_address>
         <run_address>0x6f0</run_address>
         <size>0x3fa</size>
         <input_file_ref idref="fl-5"/>
      </object_component>
      <object_component id="oc-31">
         <name>.debug_info</name>
         <load_address>0xaea</load_address>
         <run_address>0xaea</run_address>
         <size>0x130</size>
         <input_file_ref idref="fl-5"/>
      </object_component>
      <object_component id="oc-33">
         <name>.debug_info</name>
         <load_address>0xc1a</load_address>
         <run_address>0xc1a</run_address>
         <size>0x154</size>
         <input_file_ref idref="fl-13e"/>
      </object_component>
      <object_component id="oc-39">
         <name>.debug_info</name>
         <load_address>0xd6e</load_address>
         <run_address>0xd6e</run_address>
         <size>0x133</size>
         <input_file_ref idref="fl-13d"/>
      </object_component>
      <object_component id="oc-40">
         <name>.debug_info</name>
         <load_address>0xea1</load_address>
         <run_address>0xea1</run_address>
         <size>0x1d9</size>
         <input_file_ref idref="fl-138"/>
      </object_component>
      <object_component id="oc-44">
         <name>.debug_info</name>
         <load_address>0x107a</load_address>
         <run_address>0x107a</run_address>
         <size>0xd5</size>
         <input_file_ref idref="fl-13b"/>
      </object_component>
      <object_component id="oc-4a">
         <name>.debug_info</name>
         <load_address>0x114f</load_address>
         <run_address>0x114f</run_address>
         <size>0xe3</size>
         <input_file_ref idref="fl-139"/>
      </object_component>
      <object_component id="oc-4d">
         <name>.debug_info</name>
         <load_address>0x1232</load_address>
         <run_address>0x1232</run_address>
         <size>0x46</size>
         <input_file_ref idref="fl-135"/>
      </object_component>
      <object_component id="oc-52">
         <name>.debug_info</name>
         <load_address>0x1278</load_address>
         <run_address>0x1278</run_address>
         <size>0x109</size>
         <input_file_ref idref="fl-135"/>
      </object_component>
      <object_component id="oc-54">
         <name>.debug_info</name>
         <load_address>0x1381</load_address>
         <run_address>0x1381</run_address>
         <size>0x46</size>
         <input_file_ref idref="fl-137"/>
      </object_component>
      <object_component id="oc-59">
         <name>.debug_info</name>
         <load_address>0x13c7</load_address>
         <run_address>0x13c7</run_address>
         <size>0xc4</size>
         <input_file_ref idref="fl-137"/>
      </object_component>
      <object_component id="oc-5d">
         <name>.debug_info</name>
         <load_address>0x148b</load_address>
         <run_address>0x148b</run_address>
         <size>0x206</size>
         <input_file_ref idref="fl-136"/>
      </object_component>
      <object_component id="oc-61">
         <name>.debug_info</name>
         <load_address>0x1691</load_address>
         <run_address>0x1691</run_address>
         <size>0xce</size>
         <input_file_ref idref="fl-136"/>
      </object_component>
      <object_component id="oc-62">
         <name>.debug_info</name>
         <load_address>0x175f</load_address>
         <run_address>0x175f</run_address>
         <size>0x39</size>
         <input_file_ref idref="fl-136"/>
      </object_component>
      <object_component id="oc-6a">
         <name>.debug_info</name>
         <load_address>0x1798</load_address>
         <run_address>0x1798</run_address>
         <size>0x84</size>
         <input_file_ref idref="fl-2"/>
      </object_component>
      <object_component id="oc-73">
         <name>.debug_info</name>
         <load_address>0x181c</load_address>
         <run_address>0x181c</run_address>
         <size>0x162</size>
         <input_file_ref idref="fl-13f"/>
      </object_component>
      <object_component id="oc-77">
         <name>.debug_info</name>
         <load_address>0x197e</load_address>
         <run_address>0x197e</run_address>
         <size>0xf3c</size>
         <input_file_ref idref="fl-3"/>
      </object_component>
      <object_component id="oc-7d">
         <name>.debug_info</name>
         <load_address>0x28ba</load_address>
         <run_address>0x28ba</run_address>
         <size>0x132</size>
         <input_file_ref idref="fl-13d"/>
      </object_component>
      <object_component id="oc-7f">
         <name>.debug_info</name>
         <load_address>0x29ec</load_address>
         <run_address>0x29ec</run_address>
         <size>0xdf</size>
         <input_file_ref idref="fl-13c"/>
      </object_component>
      <object_component id="oc-82">
         <name>.debug_info</name>
         <load_address>0x2acb</load_address>
         <run_address>0x2acb</run_address>
         <size>0x102</size>
         <input_file_ref idref="fl-138"/>
      </object_component>
      <object_component id="oc-85">
         <name>.debug_info</name>
         <load_address>0x2bcd</load_address>
         <run_address>0x2bcd</run_address>
         <size>0x15d</size>
         <input_file_ref idref="fl-138"/>
      </object_component>
      <object_component id="oc-8a">
         <name>.debug_info</name>
         <load_address>0x2d2a</load_address>
         <run_address>0x2d2a</run_address>
         <size>0x2c</size>
         <input_file_ref idref="fl-135"/>
      </object_component>
      <object_component id="oc-91">
         <name>.debug_info</name>
         <load_address>0x2d56</load_address>
         <run_address>0x2d56</run_address>
         <size>0x2c</size>
         <input_file_ref idref="fl-3"/>
      </object_component>
      <object_component id="oc-9c">
         <name>.debug_info</name>
         <load_address>0x2d82</load_address>
         <run_address>0x2d82</run_address>
         <size>0x15f</size>
         <input_file_ref idref="fl-13f"/>
      </object_component>
      <object_component id="oc-a0">
         <name>.debug_info</name>
         <load_address>0x2ee1</load_address>
         <run_address>0x2ee1</run_address>
         <size>0x113</size>
         <input_file_ref idref="fl-13a"/>
      </object_component>
      <object_component id="oc-a3">
         <name>.debug_info</name>
         <load_address>0x2ff4</load_address>
         <run_address>0x2ff4</run_address>
         <size>0x1073</size>
         <input_file_ref idref="fl-14b"/>
      </object_component>
      <object_component id="oc-aa">
         <name>.debug_info</name>
         <load_address>0x4067</load_address>
         <run_address>0x4067</run_address>
         <size>0x1cd2</size>
         <input_file_ref idref="fl-147"/>
      </object_component>
      <object_component id="oc-b1">
         <name>.debug_info</name>
         <load_address>0x5d39</load_address>
         <run_address>0x5d39</run_address>
         <size>0x501</size>
         <input_file_ref idref="fl-148"/>
      </object_component>
      <object_component id="oc-b6">
         <name>.debug_info</name>
         <load_address>0x623a</load_address>
         <run_address>0x623a</run_address>
         <size>0x40f</size>
         <input_file_ref idref="fl-149"/>
      </object_component>
      <object_component id="oc-bb">
         <name>.debug_info</name>
         <load_address>0x6649</load_address>
         <run_address>0x6649</run_address>
         <size>0x147</size>
         <input_file_ref idref="fl-3"/>
      </object_component>
      <object_component id="oc-be">
         <name>.debug_info</name>
         <load_address>0x6790</load_address>
         <run_address>0x6790</run_address>
         <size>0x12c</size>
         <input_file_ref idref="fl-3"/>
      </object_component>
      <object_component id="oc-c2">
         <name>.debug_info</name>
         <load_address>0x68bc</load_address>
         <run_address>0x68bc</run_address>
         <size>0xed3</size>
         <input_file_ref idref="fl-141"/>
      </object_component>
      <object_component id="oc-c7">
         <name>.debug_info</name>
         <load_address>0x778f</load_address>
         <run_address>0x778f</run_address>
         <size>0x284a</size>
         <input_file_ref idref="fl-143"/>
      </object_component>
      <object_component id="oc-cd">
         <name>.debug_info</name>
         <load_address>0x9fd9</load_address>
         <run_address>0x9fd9</run_address>
         <size>0x88d</size>
         <input_file_ref idref="fl-3"/>
      </object_component>
      <object_component id="oc-d0">
         <name>.debug_info</name>
         <load_address>0xa866</load_address>
         <run_address>0xa866</run_address>
         <size>0xd74</size>
         <input_file_ref idref="fl-2"/>
      </object_component>
      <object_component id="oc-da">
         <name>.debug_info</name>
         <load_address>0xb5da</load_address>
         <run_address>0xb5da</run_address>
         <size>0x207</size>
         <input_file_ref idref="fl-4"/>
      </object_component>
      <object_component id="oc-dd">
         <name>.debug_info</name>
         <load_address>0xb7e1</load_address>
         <run_address>0xb7e1</run_address>
         <size>0x116</size>
         <input_file_ref idref="fl-3"/>
      </object_component>
      <object_component id="oc-e0">
         <name>.debug_info</name>
         <load_address>0xb8f7</load_address>
         <run_address>0xb8f7</run_address>
         <size>0x2c6</size>
         <input_file_ref idref="fl-3"/>
      </object_component>
      <object_component id="oc-e7">
         <name>.debug_info</name>
         <load_address>0xbbbd</load_address>
         <run_address>0xbbbd</run_address>
         <size>0x5e</size>
         <input_file_ref idref="fl-13d"/>
      </object_component>
      <object_component id="oc-ed">
         <name>.debug_info</name>
         <load_address>0xbc1b</load_address>
         <run_address>0xbc1b</run_address>
         <size>0x1eb</size>
         <input_file_ref idref="fl-13c"/>
      </object_component>
      <object_component id="oc-f4">
         <name>.debug_info</name>
         <load_address>0xbe06</load_address>
         <run_address>0xbe06</run_address>
         <size>0xf0</size>
         <input_file_ref idref="fl-13c"/>
      </object_component>
      <object_component id="oc-fc">
         <name>.debug_info</name>
         <load_address>0xbef6</load_address>
         <run_address>0xbef6</run_address>
         <size>0xcd</size>
         <input_file_ref idref="fl-13f"/>
      </object_component>
      <object_component id="oc-104">
         <name>.debug_info</name>
         <load_address>0xbfc3</load_address>
         <run_address>0xbfc3</run_address>
         <size>0x2355</size>
         <input_file_ref idref="fl-14a"/>
      </object_component>
      <object_component id="oc-10a">
         <name>.debug_info</name>
         <load_address>0xe318</load_address>
         <run_address>0xe318</run_address>
         <size>0x15b1</size>
         <input_file_ref idref="fl-14c"/>
      </object_component>
      <object_component id="oc-10f">
         <name>.debug_info</name>
         <load_address>0xf8c9</load_address>
         <run_address>0xf8c9</run_address>
         <size>0x113</size>
         <input_file_ref idref="fl-14a"/>
      </object_component>
      <object_component id="oc-112">
         <name>.debug_info</name>
         <load_address>0xf9dc</load_address>
         <run_address>0xf9dc</run_address>
         <size>0x1de</size>
         <input_file_ref idref="fl-14b"/>
      </object_component>
      <object_component id="oc-115">
         <name>.debug_info</name>
         <load_address>0xfbba</load_address>
         <run_address>0xfbba</run_address>
         <size>0x750</size>
         <input_file_ref idref="fl-14b"/>
      </object_component>
      <object_component id="oc-116">
         <name>.debug_info</name>
         <load_address>0x1030a</load_address>
         <run_address>0x1030a</run_address>
         <size>0x235a</size>
         <input_file_ref idref="fl-147"/>
      </object_component>
      <object_component id="oc-11b">
         <name>.debug_info</name>
         <load_address>0x12664</load_address>
         <run_address>0x12664</run_address>
         <size>0x169</size>
         <input_file_ref idref="fl-14b"/>
      </object_component>
      <object_component id="oc-120">
         <name>.debug_info</name>
         <load_address>0x127cd</load_address>
         <run_address>0x127cd</run_address>
         <size>0x5d5</size>
         <input_file_ref idref="fl-147"/>
      </object_component>
      <object_component id="oc-126">
         <name>.debug_info</name>
         <load_address>0x12da2</load_address>
         <run_address>0x12da2</run_address>
         <size>0x3f2</size>
         <input_file_ref idref="fl-147"/>
      </object_component>
      <object_component id="oc-129">
         <name>.debug_info</name>
         <load_address>0x13194</load_address>
         <run_address>0x13194</run_address>
         <size>0xe1</size>
         <input_file_ref idref="fl-147"/>
      </object_component>
      <object_component id="oc-12c">
         <name>.debug_info</name>
         <load_address>0x13275</load_address>
         <run_address>0x13275</run_address>
         <size>0x565</size>
         <input_file_ref idref="fl-147"/>
      </object_component>
      <object_component id="oc-12d">
         <name>.debug_info</name>
         <load_address>0x137da</load_address>
         <run_address>0x137da</run_address>
         <size>0x48e</size>
         <input_file_ref idref="fl-147"/>
      </object_component>
      <object_component id="oc-132">
         <name>.debug_info</name>
         <load_address>0x13c68</load_address>
         <run_address>0x13c68</run_address>
         <size>0x6c4</size>
         <input_file_ref idref="fl-3"/>
      </object_component>
      <object_component id="oc-137">
         <name>.debug_info</name>
         <load_address>0x1432c</load_address>
         <run_address>0x1432c</run_address>
         <size>0xef</size>
         <input_file_ref idref="fl-3"/>
      </object_component>
      <object_component id="oc-13d">
         <name>.debug_info</name>
         <load_address>0x1441b</load_address>
         <run_address>0x1441b</run_address>
         <size>0xed</size>
         <input_file_ref idref="fl-148"/>
      </object_component>
      <object_component id="oc-140">
         <name>.debug_info</name>
         <load_address>0x14508</load_address>
         <run_address>0x14508</run_address>
         <size>0x46</size>
         <input_file_ref idref="fl-3"/>
      </object_component>
      <object_component id="oc-145">
         <name>.debug_info</name>
         <load_address>0x1454e</load_address>
         <run_address>0x1454e</run_address>
         <size>0x3fe</size>
         <input_file_ref idref="fl-148"/>
      </object_component>
      <object_component id="oc-146">
         <name>.debug_info</name>
         <load_address>0x1494c</load_address>
         <run_address>0x1494c</run_address>
         <size>0x2d</size>
         <input_file_ref idref="fl-3"/>
      </object_component>
      <object_component id="oc-14c">
         <name>.debug_info</name>
         <load_address>0x14979</load_address>
         <run_address>0x14979</run_address>
         <size>0x133</size>
         <input_file_ref idref="fl-149"/>
      </object_component>
      <object_component id="oc-14f">
         <name>.debug_info</name>
         <load_address>0x14aac</load_address>
         <run_address>0x14aac</run_address>
         <size>0x3fa</size>
         <input_file_ref idref="fl-149"/>
      </object_component>
      <object_component id="oc-150">
         <name>.debug_info</name>
         <load_address>0x14ea6</load_address>
         <run_address>0x14ea6</run_address>
         <size>0x9d</size>
         <input_file_ref idref="fl-149"/>
      </object_component>
      <object_component id="oc-15a">
         <name>.debug_info</name>
         <load_address>0x14f43</load_address>
         <run_address>0x14f43</run_address>
         <size>0x45f</size>
         <input_file_ref idref="fl-145"/>
      </object_component>
      <object_component id="oc-160">
         <name>.debug_info</name>
         <load_address>0x153a2</load_address>
         <run_address>0x153a2</run_address>
         <size>0x19e</size>
         <input_file_ref idref="fl-141"/>
      </object_component>
      <object_component id="oc-163">
         <name>.debug_info</name>
         <load_address>0x15540</load_address>
         <run_address>0x15540</run_address>
         <size>0xf0</size>
         <input_file_ref idref="fl-141"/>
      </object_component>
      <object_component id="oc-166">
         <name>.debug_info</name>
         <load_address>0x15630</load_address>
         <run_address>0x15630</run_address>
         <size>0x2c</size>
         <input_file_ref idref="fl-2"/>
      </object_component>
      <object_component id="oc-16b">
         <name>.debug_info</name>
         <load_address>0x1565c</load_address>
         <run_address>0x1565c</run_address>
         <size>0x19b</size>
         <input_file_ref idref="fl-141"/>
      </object_component>
      <object_component id="oc-16e">
         <name>.debug_info</name>
         <load_address>0x157f7</load_address>
         <run_address>0x157f7</run_address>
         <size>0x151</size>
         <input_file_ref idref="fl-151"/>
      </object_component>
      <object_component id="oc-174">
         <name>.debug_info</name>
         <load_address>0x15948</load_address>
         <run_address>0x15948</run_address>
         <size>0xec</size>
         <input_file_ref idref="fl-150"/>
      </object_component>
      <object_component id="oc-179">
         <name>.debug_info</name>
         <load_address>0x15a34</load_address>
         <run_address>0x15a34</run_address>
         <size>0xd10</size>
         <input_file_ref idref="fl-146"/>
      </object_component>
      <object_component id="oc-17d">
         <name>.debug_info</name>
         <load_address>0x16744</load_address>
         <run_address>0x16744</run_address>
         <size>0xff</size>
         <input_file_ref idref="fl-143"/>
      </object_component>
      <object_component id="oc-180">
         <name>.debug_info</name>
         <load_address>0x16843</load_address>
         <run_address>0x16843</run_address>
         <size>0x1d2</size>
         <input_file_ref idref="fl-143"/>
      </object_component>
      <object_component id="oc-183">
         <name>.debug_info</name>
         <load_address>0x16a15</load_address>
         <run_address>0x16a15</run_address>
         <size>0x92b</size>
         <input_file_ref idref="fl-3"/>
      </object_component>
      <object_component id="oc-188">
         <name>.debug_info</name>
         <load_address>0x17340</load_address>
         <run_address>0x17340</run_address>
         <size>0x738</size>
         <input_file_ref idref="fl-3"/>
      </object_component>
      <object_component id="oc-18d">
         <name>.debug_info</name>
         <load_address>0x17a78</load_address>
         <run_address>0x17a78</run_address>
         <size>0x5e7</size>
         <input_file_ref idref="fl-3"/>
      </object_component>
      <object_component id="oc-193">
         <name>.debug_info</name>
         <load_address>0x1805f</load_address>
         <run_address>0x1805f</run_address>
         <size>0xfc3</size>
         <input_file_ref idref="fl-140"/>
      </object_component>
      <object_component id="oc-199">
         <name>.debug_info</name>
         <load_address>0x19022</load_address>
         <run_address>0x19022</run_address>
         <size>0x17d</size>
         <input_file_ref idref="fl-2"/>
      </object_component>
      <object_component id="oc-19c">
         <name>.debug_info</name>
         <load_address>0x1919f</load_address>
         <run_address>0x1919f</run_address>
         <size>0x2bd</size>
         <input_file_ref idref="fl-2"/>
      </object_component>
      <object_component id="oc-1a3">
         <name>.debug_info</name>
         <load_address>0x1945c</load_address>
         <run_address>0x1945c</run_address>
         <size>0x10c1</size>
         <input_file_ref idref="fl-142"/>
      </object_component>
      <object_component id="oc-1ae">
         <name>.debug_info</name>
         <load_address>0x1a51d</load_address>
         <run_address>0x1a51d</run_address>
         <size>0xfe</size>
         <input_file_ref idref="fl-14a"/>
      </object_component>
      <object_component id="oc-1b1">
         <name>.debug_info</name>
         <load_address>0x1a61b</load_address>
         <run_address>0x1a61b</run_address>
         <size>0x146</size>
         <input_file_ref idref="fl-14a"/>
      </object_component>
      <object_component id="oc-1b4">
         <name>.debug_info</name>
         <load_address>0x1a761</load_address>
         <run_address>0x1a761</run_address>
         <size>0x1f86</size>
         <input_file_ref idref="fl-14e"/>
      </object_component>
      <object_component id="oc-1ba">
         <name>.debug_info</name>
         <load_address>0x1c6e7</load_address>
         <run_address>0x1c6e7</run_address>
         <size>0xe8</size>
         <input_file_ref idref="fl-14a"/>
      </object_component>
      <object_component id="oc-1bd">
         <name>.debug_info</name>
         <load_address>0x1c7cf</load_address>
         <run_address>0x1c7cf</run_address>
         <size>0x271</size>
         <input_file_ref idref="fl-14f"/>
      </object_component>
      <object_component id="oc-1c3">
         <name>.debug_info</name>
         <load_address>0x1ca40</load_address>
         <run_address>0x1ca40</run_address>
         <size>0x9ee</size>
         <input_file_ref idref="fl-14a"/>
      </object_component>
      <object_component id="oc-1c4">
         <name>.debug_info</name>
         <load_address>0x1d42e</load_address>
         <run_address>0x1d42e</run_address>
         <size>0xd7</size>
         <input_file_ref idref="fl-14a"/>
      </object_component>
      <object_component id="oc-1cc">
         <name>.debug_info</name>
         <load_address>0x1d505</load_address>
         <run_address>0x1d505</run_address>
         <size>0x229e</size>
         <input_file_ref idref="fl-152"/>
      </object_component>
      <object_component id="oc-1d3">
         <name>.debug_info</name>
         <load_address>0x1f7a3</load_address>
         <run_address>0x1f7a3</run_address>
         <size>0x18fa</size>
         <input_file_ref idref="fl-153"/>
      </object_component>
      <object_component id="oc-1d6">
         <name>.debug_info</name>
         <load_address>0x2109d</load_address>
         <run_address>0x2109d</run_address>
         <size>0xe5</size>
         <input_file_ref idref="fl-14c"/>
      </object_component>
      <object_component id="oc-1d9">
         <name>.debug_info</name>
         <load_address>0x21182</load_address>
         <run_address>0x21182</run_address>
         <size>0x151</size>
         <input_file_ref idref="fl-14c"/>
      </object_component>
      <object_component id="oc-1dc">
         <name>.debug_info</name>
         <load_address>0x212d3</load_address>
         <run_address>0x212d3</run_address>
         <size>0xa5f</size>
         <input_file_ref idref="fl-14c"/>
      </object_component>
      <object_component id="oc-1e0">
         <name>.debug_info</name>
         <load_address>0x21d32</load_address>
         <run_address>0x21d32</run_address>
         <size>0x39</size>
         <input_file_ref idref="fl-3"/>
      </object_component>
      <object_component id="oc-1f3">
         <name>.debug_info</name>
         <load_address>0x21d6b</load_address>
         <run_address>0x21d6b</run_address>
         <size>0x89</size>
         <input_file_ref idref="fl-148"/>
      </object_component>
      <object_component id="oc-208">
         <name>.debug_info</name>
         <load_address>0x21df4</load_address>
         <run_address>0x21df4</run_address>
         <size>0xf6</size>
         <input_file_ref idref="fl-146"/>
      </object_component>
      <object_component id="oc-20b">
         <name>.debug_info</name>
         <load_address>0x21eea</load_address>
         <run_address>0x21eea</run_address>
         <size>0xf6</size>
         <input_file_ref idref="fl-146"/>
      </object_component>
      <object_component id="oc-20e">
         <name>.debug_info</name>
         <load_address>0x21fe0</load_address>
         <run_address>0x21fe0</run_address>
         <size>0x1ba</size>
         <input_file_ref idref="fl-146"/>
      </object_component>
      <object_component id="oc-20f">
         <name>.debug_info</name>
         <load_address>0x2219a</load_address>
         <run_address>0x2219a</run_address>
         <size>0x51</size>
         <input_file_ref idref="fl-143"/>
      </object_component>
      <object_component id="oc-218">
         <name>.debug_info</name>
         <load_address>0x221eb</load_address>
         <run_address>0x221eb</run_address>
         <size>0x62</size>
         <input_file_ref idref="fl-2"/>
      </object_component>
      <object_component id="oc-21e">
         <name>.debug_info</name>
         <load_address>0x2224d</load_address>
         <run_address>0x2224d</run_address>
         <size>0x17a</size>
         <input_file_ref idref="fl-140"/>
      </object_component>
      <object_component id="oc-224">
         <name>.debug_info</name>
         <load_address>0x223c7</load_address>
         <run_address>0x223c7</run_address>
         <size>0xf6</size>
         <input_file_ref idref="fl-142"/>
      </object_component>
      <object_component id="oc-227">
         <name>.debug_info</name>
         <load_address>0x224bd</load_address>
         <run_address>0x224bd</run_address>
         <size>0xe8</size>
         <input_file_ref idref="fl-142"/>
      </object_component>
      <object_component id="oc-22c">
         <name>.debug_info</name>
         <load_address>0x225a5</load_address>
         <run_address>0x225a5</run_address>
         <size>0x2106</size>
         <input_file_ref idref="fl-14d"/>
      </object_component>
      <object_component id="oc-233">
         <name>.debug_info</name>
         <load_address>0x246ab</load_address>
         <run_address>0x246ab</run_address>
         <size>0x2ff</size>
         <input_file_ref idref="fl-14e"/>
      </object_component>
      <object_component id="oc-236">
         <name>.debug_info</name>
         <load_address>0x249aa</load_address>
         <run_address>0x249aa</run_address>
         <size>0x6f2</size>
         <input_file_ref idref="fl-14e"/>
      </object_component>
      <object_component id="oc-237">
         <name>.debug_info</name>
         <load_address>0x2509c</load_address>
         <run_address>0x2509c</run_address>
         <size>0x5b9</size>
         <input_file_ref idref="fl-14e"/>
      </object_component>
      <object_component id="oc-242">
         <name>.debug_info</name>
         <load_address>0x25655</load_address>
         <run_address>0x25655</run_address>
         <size>0xf6</size>
         <input_file_ref idref="fl-152"/>
      </object_component>
      <object_component id="oc-245">
         <name>.debug_info</name>
         <load_address>0x2574b</load_address>
         <run_address>0x2574b</run_address>
         <size>0xfa</size>
         <input_file_ref idref="fl-152"/>
      </object_component>
      <object_component id="oc-248">
         <name>.debug_info</name>
         <load_address>0x25845</load_address>
         <run_address>0x25845</run_address>
         <size>0x1cc</size>
         <input_file_ref idref="fl-152"/>
      </object_component>
      <object_component id="oc-24a">
         <name>.debug_info</name>
         <load_address>0x25a11</load_address>
         <run_address>0x25a11</run_address>
         <size>0x196</size>
         <input_file_ref idref="fl-153"/>
      </object_component>
      <object_component id="oc-25e">
         <name>.debug_info</name>
         <load_address>0x25ba7</load_address>
         <run_address>0x25ba7</run_address>
         <size>0x32b</size>
         <input_file_ref idref="fl-14d"/>
      </object_component>
      <object_component id="oc-261">
         <name>.debug_info</name>
         <load_address>0x25ed2</load_address>
         <run_address>0x25ed2</run_address>
         <size>0x63c</size>
         <input_file_ref idref="fl-14d"/>
      </object_component>
      <object_component id="oc-262">
         <name>.debug_info</name>
         <load_address>0x2650e</load_address>
         <run_address>0x2650e</run_address>
         <size>0x364</size>
         <input_file_ref idref="fl-14d"/>
      </object_component>
      <object_component id="oc-273">
         <name>.debug_info</name>
         <load_address>0x26872</load_address>
         <run_address>0x26872</run_address>
         <size>0x86</size>
         <input_file_ref idref="fl-14c"/>
      </object_component>
      <object_component id="oc-29d">
         <name>.debug_info</name>
         <load_address>0x268f8</load_address>
         <run_address>0x268f8</run_address>
         <size>0xb5</size>
      </object_component>
      <object_component id="oc-10">
         <name>.debug_pubnames</name>
         <load_address>0x0</load_address>
         <run_address>0x0</run_address>
         <size>0x23</size>
         <input_file_ref idref="fl-5"/>
      </object_component>
      <object_component id="oc-14">
         <name>.debug_pubnames</name>
         <load_address>0x23</load_address>
         <run_address>0x23</run_address>
         <size>0x1f</size>
         <input_file_ref idref="fl-134"/>
      </object_component>
      <object_component id="oc-1b">
         <name>.debug_pubnames</name>
         <load_address>0x42</load_address>
         <run_address>0x42</run_address>
         <size>0x2b</size>
         <input_file_ref idref="fl-135"/>
      </object_component>
      <object_component id="oc-21">
         <name>.debug_pubnames</name>
         <load_address>0x6d</load_address>
         <run_address>0x6d</run_address>
         <size>0x25</size>
         <input_file_ref idref="fl-137"/>
      </object_component>
      <object_component id="oc-27">
         <name>.debug_pubnames</name>
         <load_address>0x92</load_address>
         <run_address>0x92</run_address>
         <size>0x2c</size>
         <input_file_ref idref="fl-136"/>
      </object_component>
      <object_component id="oc-2d">
         <name>.debug_pubnames</name>
         <load_address>0xbe</load_address>
         <run_address>0xbe</run_address>
         <size>0x60</size>
         <input_file_ref idref="fl-5"/>
      </object_component>
      <object_component id="oc-35">
         <name>.debug_pubnames</name>
         <load_address>0x11e</load_address>
         <run_address>0x11e</run_address>
         <size>0x37</size>
         <input_file_ref idref="fl-13e"/>
      </object_component>
      <object_component id="oc-3b">
         <name>.debug_pubnames</name>
         <load_address>0x155</load_address>
         <run_address>0x155</run_address>
         <size>0x21</size>
         <input_file_ref idref="fl-13d"/>
      </object_component>
      <object_component id="oc-41">
         <name>.debug_pubnames</name>
         <load_address>0x176</load_address>
         <run_address>0x176</run_address>
         <size>0x35</size>
         <input_file_ref idref="fl-138"/>
      </object_component>
      <object_component id="oc-45">
         <name>.debug_pubnames</name>
         <load_address>0x1ab</load_address>
         <run_address>0x1ab</run_address>
         <size>0x23</size>
         <input_file_ref idref="fl-13b"/>
      </object_component>
      <object_component id="oc-4b">
         <name>.debug_pubnames</name>
         <load_address>0x1ce</load_address>
         <run_address>0x1ce</run_address>
         <size>0x1d</size>
         <input_file_ref idref="fl-139"/>
      </object_component>
      <object_component id="oc-5e">
         <name>.debug_pubnames</name>
         <load_address>0x1eb</load_address>
         <run_address>0x1eb</run_address>
         <size>0x2f</size>
         <input_file_ref idref="fl-136"/>
      </object_component>
      <object_component id="oc-74">
         <name>.debug_pubnames</name>
         <load_address>0x21a</load_address>
         <run_address>0x21a</run_address>
         <size>0x1e</size>
         <input_file_ref idref="fl-13f"/>
      </object_component>
      <object_component id="oc-78">
         <name>.debug_pubnames</name>
         <load_address>0x238</load_address>
         <run_address>0x238</run_address>
         <size>0x123</size>
         <input_file_ref idref="fl-3"/>
      </object_component>
      <object_component id="oc-80">
         <name>.debug_pubnames</name>
         <load_address>0x35b</load_address>
         <run_address>0x35b</run_address>
         <size>0x28</size>
         <input_file_ref idref="fl-13c"/>
      </object_component>
      <object_component id="oc-83">
         <name>.debug_pubnames</name>
         <load_address>0x383</load_address>
         <run_address>0x383</run_address>
         <size>0x3a</size>
         <input_file_ref idref="fl-138"/>
      </object_component>
      <object_component id="oc-a1">
         <name>.debug_pubnames</name>
         <load_address>0x3bd</load_address>
         <run_address>0x3bd</run_address>
         <size>0x37</size>
         <input_file_ref idref="fl-13a"/>
      </object_component>
      <object_component id="oc-a5">
         <name>.debug_pubnames</name>
         <load_address>0x3f4</load_address>
         <run_address>0x3f4</run_address>
         <size>0xee</size>
         <input_file_ref idref="fl-14b"/>
      </object_component>
      <object_component id="oc-ab">
         <name>.debug_pubnames</name>
         <load_address>0x4e2</load_address>
         <run_address>0x4e2</run_address>
         <size>0x1b0</size>
         <input_file_ref idref="fl-147"/>
      </object_component>
      <object_component id="oc-b2">
         <name>.debug_pubnames</name>
         <load_address>0x692</load_address>
         <run_address>0x692</run_address>
         <size>0x63</size>
         <input_file_ref idref="fl-148"/>
      </object_component>
      <object_component id="oc-b7">
         <name>.debug_pubnames</name>
         <load_address>0x6f5</load_address>
         <run_address>0x6f5</run_address>
         <size>0x34</size>
         <input_file_ref idref="fl-149"/>
      </object_component>
      <object_component id="oc-bc">
         <name>.debug_pubnames</name>
         <load_address>0x729</load_address>
         <run_address>0x729</run_address>
         <size>0x33</size>
         <input_file_ref idref="fl-3"/>
      </object_component>
      <object_component id="oc-bf">
         <name>.debug_pubnames</name>
         <load_address>0x75c</load_address>
         <run_address>0x75c</run_address>
         <size>0x29</size>
         <input_file_ref idref="fl-3"/>
      </object_component>
      <object_component id="oc-c4">
         <name>.debug_pubnames</name>
         <load_address>0x785</load_address>
         <run_address>0x785</run_address>
         <size>0x14f</size>
         <input_file_ref idref="fl-141"/>
      </object_component>
      <object_component id="oc-c9">
         <name>.debug_pubnames</name>
         <load_address>0x8d4</load_address>
         <run_address>0x8d4</run_address>
         <size>0x42d</size>
         <input_file_ref idref="fl-143"/>
      </object_component>
      <object_component id="oc-ce">
         <name>.debug_pubnames</name>
         <load_address>0xd01</load_address>
         <run_address>0xd01</run_address>
         <size>0x2a</size>
         <input_file_ref idref="fl-3"/>
      </object_component>
      <object_component id="oc-d2">
         <name>.debug_pubnames</name>
         <load_address>0xd2b</load_address>
         <run_address>0xd2b</run_address>
         <size>0xd4</size>
         <input_file_ref idref="fl-2"/>
      </object_component>
      <object_component id="oc-db">
         <name>.debug_pubnames</name>
         <load_address>0xdff</load_address>
         <run_address>0xdff</run_address>
         <size>0x23</size>
         <input_file_ref idref="fl-4"/>
      </object_component>
      <object_component id="oc-de">
         <name>.debug_pubnames</name>
         <load_address>0xe22</load_address>
         <run_address>0xe22</run_address>
         <size>0x1e</size>
         <input_file_ref idref="fl-3"/>
      </object_component>
      <object_component id="oc-ef">
         <name>.debug_pubnames</name>
         <load_address>0xe40</load_address>
         <run_address>0xe40</run_address>
         <size>0x43</size>
         <input_file_ref idref="fl-13c"/>
      </object_component>
      <object_component id="oc-105">
         <name>.debug_pubnames</name>
         <load_address>0xe83</load_address>
         <run_address>0xe83</run_address>
         <size>0x1fa</size>
         <input_file_ref idref="fl-14a"/>
      </object_component>
      <object_component id="oc-10b">
         <name>.debug_pubnames</name>
         <load_address>0x107d</load_address>
         <run_address>0x107d</run_address>
         <size>0x16a</size>
         <input_file_ref idref="fl-14c"/>
      </object_component>
      <object_component id="oc-110">
         <name>.debug_pubnames</name>
         <load_address>0x11e7</load_address>
         <run_address>0x11e7</run_address>
         <size>0x32</size>
         <input_file_ref idref="fl-14a"/>
      </object_component>
      <object_component id="oc-113">
         <name>.debug_pubnames</name>
         <load_address>0x1219</load_address>
         <run_address>0x1219</run_address>
         <size>0x8b</size>
         <input_file_ref idref="fl-14b"/>
      </object_component>
      <object_component id="oc-127">
         <name>.debug_pubnames</name>
         <load_address>0x12a4</load_address>
         <run_address>0x12a4</run_address>
         <size>0x170</size>
         <input_file_ref idref="fl-147"/>
      </object_component>
      <object_component id="oc-12a">
         <name>.debug_pubnames</name>
         <load_address>0x1414</load_address>
         <run_address>0x1414</run_address>
         <size>0x1e</size>
         <input_file_ref idref="fl-147"/>
      </object_component>
      <object_component id="oc-13e">
         <name>.debug_pubnames</name>
         <load_address>0x1432</load_address>
         <run_address>0x1432</run_address>
         <size>0x23</size>
         <input_file_ref idref="fl-148"/>
      </object_component>
      <object_component id="oc-14d">
         <name>.debug_pubnames</name>
         <load_address>0x1455</load_address>
         <run_address>0x1455</run_address>
         <size>0x42</size>
         <input_file_ref idref="fl-149"/>
      </object_component>
      <object_component id="oc-15b">
         <name>.debug_pubnames</name>
         <load_address>0x1497</load_address>
         <run_address>0x1497</run_address>
         <size>0x6a</size>
         <input_file_ref idref="fl-145"/>
      </object_component>
      <object_component id="oc-161">
         <name>.debug_pubnames</name>
         <load_address>0x1501</load_address>
         <run_address>0x1501</run_address>
         <size>0x6b</size>
         <input_file_ref idref="fl-141"/>
      </object_component>
      <object_component id="oc-164">
         <name>.debug_pubnames</name>
         <load_address>0x156c</load_address>
         <run_address>0x156c</run_address>
         <size>0x20</size>
         <input_file_ref idref="fl-141"/>
      </object_component>
      <object_component id="oc-170">
         <name>.debug_pubnames</name>
         <load_address>0x158c</load_address>
         <run_address>0x158c</run_address>
         <size>0x39</size>
         <input_file_ref idref="fl-151"/>
      </object_component>
      <object_component id="oc-175">
         <name>.debug_pubnames</name>
         <load_address>0x15c5</load_address>
         <run_address>0x15c5</run_address>
         <size>0x23</size>
         <input_file_ref idref="fl-150"/>
      </object_component>
      <object_component id="oc-17a">
         <name>.debug_pubnames</name>
         <load_address>0x15e8</load_address>
         <run_address>0x15e8</run_address>
         <size>0x136</size>
         <input_file_ref idref="fl-146"/>
      </object_component>
      <object_component id="oc-17e">
         <name>.debug_pubnames</name>
         <load_address>0x171e</load_address>
         <run_address>0x171e</run_address>
         <size>0x2a</size>
         <input_file_ref idref="fl-143"/>
      </object_component>
      <object_component id="oc-195">
         <name>.debug_pubnames</name>
         <load_address>0x1748</load_address>
         <run_address>0x1748</run_address>
         <size>0x139</size>
         <input_file_ref idref="fl-140"/>
      </object_component>
      <object_component id="oc-19a">
         <name>.debug_pubnames</name>
         <load_address>0x1881</load_address>
         <run_address>0x1881</run_address>
         <size>0x4f</size>
         <input_file_ref idref="fl-2"/>
      </object_component>
      <object_component id="oc-19d">
         <name>.debug_pubnames</name>
         <load_address>0x18d0</load_address>
         <run_address>0x18d0</run_address>
         <size>0x42</size>
         <input_file_ref idref="fl-2"/>
      </object_component>
      <object_component id="oc-1a5">
         <name>.debug_pubnames</name>
         <load_address>0x1912</load_address>
         <run_address>0x1912</run_address>
         <size>0x107</size>
         <input_file_ref idref="fl-142"/>
      </object_component>
      <object_component id="oc-1af">
         <name>.debug_pubnames</name>
         <load_address>0x1a19</load_address>
         <run_address>0x1a19</run_address>
         <size>0x2b</size>
         <input_file_ref idref="fl-14a"/>
      </object_component>
      <object_component id="oc-1b2">
         <name>.debug_pubnames</name>
         <load_address>0x1a44</load_address>
         <run_address>0x1a44</run_address>
         <size>0x48</size>
         <input_file_ref idref="fl-14a"/>
      </object_component>
      <object_component id="oc-1b6">
         <name>.debug_pubnames</name>
         <load_address>0x1a8c</load_address>
         <run_address>0x1a8c</run_address>
         <size>0x222</size>
         <input_file_ref idref="fl-14e"/>
      </object_component>
      <object_component id="oc-1bb">
         <name>.debug_pubnames</name>
         <load_address>0x1cae</load_address>
         <run_address>0x1cae</run_address>
         <size>0x20</size>
         <input_file_ref idref="fl-14a"/>
      </object_component>
      <object_component id="oc-1bf">
         <name>.debug_pubnames</name>
         <load_address>0x1cce</load_address>
         <run_address>0x1cce</run_address>
         <size>0x42</size>
         <input_file_ref idref="fl-14f"/>
      </object_component>
      <object_component id="oc-1cd">
         <name>.debug_pubnames</name>
         <load_address>0x1d10</load_address>
         <run_address>0x1d10</run_address>
         <size>0x221</size>
         <input_file_ref idref="fl-152"/>
      </object_component>
      <object_component id="oc-1d4">
         <name>.debug_pubnames</name>
         <load_address>0x1f31</load_address>
         <run_address>0x1f31</run_address>
         <size>0x24d</size>
         <input_file_ref idref="fl-153"/>
      </object_component>
      <object_component id="oc-1d7">
         <name>.debug_pubnames</name>
         <load_address>0x217e</load_address>
         <run_address>0x217e</run_address>
         <size>0x22</size>
         <input_file_ref idref="fl-14c"/>
      </object_component>
      <object_component id="oc-1da">
         <name>.debug_pubnames</name>
         <load_address>0x21a0</load_address>
         <run_address>0x21a0</run_address>
         <size>0x4d</size>
         <input_file_ref idref="fl-14c"/>
      </object_component>
      <object_component id="oc-1dd">
         <name>.debug_pubnames</name>
         <load_address>0x21ed</load_address>
         <run_address>0x21ed</run_address>
         <size>0x1f</size>
         <input_file_ref idref="fl-14c"/>
      </object_component>
      <object_component id="oc-209">
         <name>.debug_pubnames</name>
         <load_address>0x220c</load_address>
         <run_address>0x220c</run_address>
         <size>0x25</size>
         <input_file_ref idref="fl-146"/>
      </object_component>
      <object_component id="oc-20c">
         <name>.debug_pubnames</name>
         <load_address>0x2231</load_address>
         <run_address>0x2231</run_address>
         <size>0x25</size>
         <input_file_ref idref="fl-146"/>
      </object_component>
      <object_component id="oc-225">
         <name>.debug_pubnames</name>
         <load_address>0x2256</load_address>
         <run_address>0x2256</run_address>
         <size>0x26</size>
         <input_file_ref idref="fl-142"/>
      </object_component>
      <object_component id="oc-22d">
         <name>.debug_pubnames</name>
         <load_address>0x227c</load_address>
         <run_address>0x227c</run_address>
         <size>0x1bf</size>
         <input_file_ref idref="fl-14d"/>
      </object_component>
      <object_component id="oc-234">
         <name>.debug_pubnames</name>
         <load_address>0x243b</load_address>
         <run_address>0x243b</run_address>
         <size>0x109</size>
         <input_file_ref idref="fl-14e"/>
      </object_component>
      <object_component id="oc-243">
         <name>.debug_pubnames</name>
         <load_address>0x2544</load_address>
         <run_address>0x2544</run_address>
         <size>0x26</size>
         <input_file_ref idref="fl-152"/>
      </object_component>
      <object_component id="oc-246">
         <name>.debug_pubnames</name>
         <load_address>0x256a</load_address>
         <run_address>0x256a</run_address>
         <size>0x28</size>
         <input_file_ref idref="fl-152"/>
      </object_component>
      <object_component id="oc-25f">
         <name>.debug_pubnames</name>
         <load_address>0x2592</load_address>
         <run_address>0x2592</run_address>
         <size>0x114</size>
         <input_file_ref idref="fl-14d"/>
      </object_component>
      <object_component id="oc-13">
         <name>.debug_aranges</name>
         <load_address>0x0</load_address>
         <run_address>0x0</run_address>
         <size>0x20</size>
         <input_file_ref idref="fl-134"/>
      </object_component>
      <object_component id="oc-19">
         <name>.debug_aranges</name>
         <load_address>0x20</load_address>
         <run_address>0x20</run_address>
         <size>0x20</size>
         <input_file_ref idref="fl-135"/>
      </object_component>
      <object_component id="oc-20">
         <name>.debug_aranges</name>
         <load_address>0x40</load_address>
         <run_address>0x40</run_address>
         <size>0x20</size>
         <input_file_ref idref="fl-137"/>
      </object_component>
      <object_component id="oc-26">
         <name>.debug_aranges</name>
         <load_address>0x60</load_address>
         <run_address>0x60</run_address>
         <size>0x20</size>
         <input_file_ref idref="fl-136"/>
      </object_component>
      <object_component id="oc-2c">
         <name>.debug_aranges</name>
         <load_address>0x80</load_address>
         <run_address>0x80</run_address>
         <size>0x40</size>
         <input_file_ref idref="fl-5"/>
      </object_component>
      <object_component id="oc-34">
         <name>.debug_aranges</name>
         <load_address>0xc0</load_address>
         <run_address>0xc0</run_address>
         <size>0x28</size>
         <input_file_ref idref="fl-13e"/>
      </object_component>
      <object_component id="oc-3a">
         <name>.debug_aranges</name>
         <load_address>0xe8</load_address>
         <run_address>0xe8</run_address>
         <size>0x20</size>
         <input_file_ref idref="fl-13d"/>
      </object_component>
      <object_component id="oc-3f">
         <name>.debug_aranges</name>
         <load_address>0x108</load_address>
         <run_address>0x108</run_address>
         <size>0x30</size>
         <input_file_ref idref="fl-138"/>
      </object_component>
      <object_component id="oc-48">
         <name>.debug_aranges</name>
         <load_address>0x138</load_address>
         <run_address>0x138</run_address>
         <size>0x20</size>
         <input_file_ref idref="fl-139"/>
      </object_component>
      <object_component id="oc-5f">
         <name>.debug_aranges</name>
         <load_address>0x158</load_address>
         <run_address>0x158</run_address>
         <size>0x20</size>
         <input_file_ref idref="fl-136"/>
      </object_component>
      <object_component id="oc-70">
         <name>.debug_aranges</name>
         <load_address>0x178</load_address>
         <run_address>0x178</run_address>
         <size>0x20</size>
         <input_file_ref idref="fl-13f"/>
      </object_component>
      <object_component id="oc-79">
         <name>.debug_aranges</name>
         <load_address>0x198</load_address>
         <run_address>0x198</run_address>
         <size>0x68</size>
         <input_file_ref idref="fl-3"/>
      </object_component>
      <object_component id="oc-9f">
         <name>.debug_aranges</name>
         <load_address>0x200</load_address>
         <run_address>0x200</run_address>
         <size>0x28</size>
         <input_file_ref idref="fl-13a"/>
      </object_component>
      <object_component id="oc-a4">
         <name>.debug_aranges</name>
         <load_address>0x228</load_address>
         <run_address>0x228</run_address>
         <size>0x70</size>
         <input_file_ref idref="fl-14b"/>
      </object_component>
      <object_component id="oc-a9">
         <name>.debug_aranges</name>
         <load_address>0x298</load_address>
         <run_address>0x298</run_address>
         <size>0xb0</size>
         <input_file_ref idref="fl-147"/>
      </object_component>
      <object_component id="oc-b0">
         <name>.debug_aranges</name>
[...]
         <object_component_ref idref="oc-108"/>
      </symbol>
      <symbol id="sm-828">
         <name>spi_Open</name>
         <value>0x20008249</value>
         <object_component_ref idref="oc-108"/>
      </symbol>
      <symbol id="sm-829">
         <name>g_ucDMAEnabled</name>
         <value>0x20017230</value>
         <object_component_ref idref="oc-1d8"/>
      </symbol>
      <symbol id="sm-82a">
         <name>g_SpiFd</name>
         <value>0x2001722c</value>
         <object_component_ref idref="oc-1d8"/>
      </symbol>
      <symbol id="sm-8e1">
         <name>sl_Accept</name>
         <value>0x2000669d</value>
         <object_component_ref idref="oc-228"/>
      </symbol>
      <symbol id="sm-8e2">
         <name>sl_Recv</name>
         <value>0x200063f3</value>
         <object_component_ref idref="oc-228"/>
      </symbol>
      <symbol id="sm-8e3">
         <name>SL_FD_ZERO</name>
         <value>0x20006913</value>
         <object_component_ref idref="oc-228"/>
      </symbol>
      <symbol id="sm-8e4">
         <name>_SlSockCloseCmdCtrl</name>
         <value>0x2000ac94</value>
         <object_component_ref idref="oc-25d"/>
      </symbol>
      <symbol id="sm-8e5">
         <name>SL_FD_SET</name>
         <value>0x20006919</value>
         <object_component_ref idref="oc-228"/>
      </symbol>
      <symbol id="sm-8e6">
         <name>_SlSendCmdCtrl</name>
         <value>0x2000ac9c</value>
         <object_component_ref idref="oc-25d"/>
      </symbol>
      <symbol id="sm-8e7">
         <name>sl_SendTo</name>
         <value>0x200060f9</value>
         <object_component_ref idref="oc-228"/>
      </symbol>
      <symbol id="sm-8e8">
         <name>_sl_BuildAddress</name>
         <value>0x200060d1</value>
         <object_component_ref idref="oc-228"/>
      </symbol>
      <symbol id="sm-8e9">
         <name>sl_Send</name>
         <value>0x200061a3</value>
         <object_component_ref idref="oc-228"/>
      </symbol>
      <symbol id="sm-8ea">
         <name>_sl_HandleAsync_Connect</name>
         <value>0x20006841</value>
         <object_component_ref idref="oc-228"/>
      </symbol>
      <symbol id="sm-8eb">
         <name>sl_Htonl</name>
         <value>0x20006483</value>
         <object_component_ref idref="oc-228"/>
      </symbol>
      <symbol id="sm-8ec">
         <name>sl_Htons</name>
         <value>0x2000644f</value>
         <object_component_ref idref="oc-228"/>
      </symbol>
      <symbol id="sm-8ed">
         <name>_SlSelectCmdCtrl</name>
         <value>0x2000acb4</value>
         <object_component_ref idref="oc-25d"/>
      </symbol>
      <symbol id="sm-8ee">
         <name>sl_Connect</name>
         <value>0x2000652d</value>
         <object_component_ref idref="oc-228"/>
      </symbol>
      <symbol id="sm-8ef">
         <name>sl_Socket</name>
         <value>0x20005ff9</value>
         <object_component_ref idref="oc-228"/>
      </symbol>
      <symbol id="sm-8f0">
         <name>sl_Select</name>
         <value>0x2000624d</value>
         <object_component_ref idref="oc-228"/>
      </symbol>
      <symbol id="sm-8f1">
         <name>_sl_HandleAsync_Select</name>
         <value>0x200067e9</value>
         <object_component_ref idref="oc-228"/>
      </symbol>
      <symbol id="sm-8f2">
         <name>sl_RecvFrom</name>
         <value>0x2000634b</value>
         <object_component_ref idref="oc-228"/>
      </symbol>
      <symbol id="sm-8f3">
         <name>_SlSockSocketCmdCtrl</name>
         <value>0x2000ac90</value>
         <object_component_ref idref="oc-25d"/>
      </symbol>
      <symbol id="sm-8f4">
         <name>_SlRecvfomCmdCtrl</name>
         <value>0x2000ac98</value>
         <object_component_ref idref="oc-25d"/>
      </symbol>
      <symbol id="sm-8f5">
         <name>_SlSetSockOptCmdCtrl</name>
         <value>0x2000acac</value>
         <object_component_ref idref="oc-25d"/>
      </symbol>
      <symbol id="sm-8f6">
         <name>_SlAcceptCmdCtrl</name>
         <value>0x2000aca4</value>
         <object_component_ref idref="oc-25d"/>
      </symbol>
      <symbol id="sm-8f7">
         <name>_SlListenCmdCtrl</name>
         <value>0x2000aca0</value>
         <object_component_ref idref="oc-25d"/>
      </symbol>
      <symbol id="sm-8f8">
         <name>_SlRecvCmdCtrl</name>
         <value>0x2000aca8</value>
         <object_component_ref idref="oc-25d"/>
      </symbol>
      <symbol id="sm-8f9">
         <name>SL_FD_CLR</name>
         <value>0x2000693d</value>
         <object_component_ref idref="oc-228"/>
      </symbol>
      <symbol id="sm-8fa">
         <name>_SlGetSockOptCmdCtrl</name>
         <value>0x2000acb0</value>
         <object_component_ref idref="oc-25d"/>
      </symbol>
      <symbol id="sm-8fb">
         <name>_sl_TruncatePayloadByProtocol</name>
         <value>0x20006063</value>
         <object_component_ref idref="oc-228"/>
      </symbol>
      <symbol id="sm-8fc">
         <name>sl_Close</name>
         <value>0x20006617</value>
         <object_component_ref idref="oc-228"/>
      </symbol>
      <symbol id="sm-8fd">
         <name>_sl_HandleAsync_Accept</name>
         <value>0x200068af</value>
         <object_component_ref idref="oc-228"/>
      </symbol>
      <symbol id="sm-8fe">
         <name>sl_GetSockOpt</name>
         <value>0x200064c5</value>
         <object_component_ref idref="oc-228"/>
      </symbol>
      <symbol id="sm-8ff">
         <name>sl_SetSockOpt</name>
         <value>0x20006023</value>
         <object_component_ref idref="oc-228"/>
      </symbol>
      <symbol id="sm-900">
         <name>_sl_ParseAddress</name>
         <value>0x200067ab</value>
         <object_component_ref idref="oc-228"/>
      </symbol>
      <symbol id="sm-901">
         <name>sl_Listen</name>
         <value>0x2000642d</value>
         <object_component_ref idref="oc-228"/>
      </symbol>
      <symbol id="sm-902">
         <name>SL_FD_ISSET</name>
         <value>0x2000692d</value>
         <object_component_ref idref="oc-228"/>
      </symbol>
      <symbol id="sm-903">
         <name>sl_Bind</name>
         <value>0x20006635</value>
         <object_component_ref idref="oc-228"/>
      </symbol>
      <symbol id="sm-994">
         <name>sl_NetAppMDNSUnRegisterService</name>
         <value>0x20007b0f</value>
         <object_component_ref idref="oc-1b3"/>
      </symbol>
      <symbol id="sm-995">
         <name>sl_NetAppGetServiceList</name>
         <value>0x20007b41</value>
         <object_component_ref idref="oc-1b3"/>
      </symbol>
      <symbol id="sm-996">
         <name>sl_NetAppSet</name>
         <value>0x200078d1</value>
         <object_component_ref idref="oc-1b3"/>
      </symbol>
      <symbol id="sm-997">
         <name>_SlNetAppSendTokenValueCmdCtrl</name>
         <value>0x2000ad0c</value>
         <object_component_ref idref="oc-232"/>
      </symbol>
      <symbol id="sm-998">
         <name>sl_NetAppStop</name>
         <value>0x20007899</value>
         <object_component_ref idref="oc-1b3"/>
      </symbol>
      <symbol id="sm-999">
         <name>_SlGetServiceListeCtrl</name>
         <value>0x2000acf8</value>
         <object_component_ref idref="oc-232"/>
      </symbol>
      <symbol id="sm-99a">
         <name>_SlNetAppStopCtrl</name>
         <value>0x2000acf4</value>
         <object_component_ref idref="oc-232"/>
      </symbol>
      <symbol id="sm-99b">
         <name>_SlNetAppSetCmdCtrl</name>
         <value>0x2000ad08</value>
         <object_component_ref idref="oc-232"/>
      </symbol>
      <symbol id="sm-99c">
         <name>_SlNetAppGetCmdCtrl</name>
         <value>0x2000ad10</value>
         <object_component_ref idref="oc-232"/>
      </symbol>
      <symbol id="sm-99d">
         <name>sl_NetAppDnsGetHostByName</name>
         <value>0x20007ce3</value>
         <object_component_ref idref="oc-1b3"/>
      </symbol>
      <symbol id="sm-99e">
         <name>_sl_HandleAsync_DnsGetHostByName</name>
         <value>0x20007e99</value>
         <object_component_ref idref="oc-1b3"/>
      </symbol>
      <symbol id="sm-99f">
         <name>_SlRegisterServiceCtrl</name>
         <value>0x2000acfc</value>
         <object_component_ref idref="oc-232"/>
      </symbol>
      <symbol id="sm-9a0">
         <name>_sl_HandleAsync_PingResponse</name>
         <value>0x20007db5</value>
         <object_component_ref idref="oc-1b3"/>
      </symbol>
      <symbol id="sm-9a1">
         <name>sl_NetAppDnsGetHostByService</name>
         <value>0x20007c15</value>
         <object_component_ref idref="oc-1b3"/>
      </symbol>
      <symbol id="sm-9a2">
         <name>_SlNetAppStartCtrl</name>
         <value>0x2000acf0</value>
         <object_component_ref idref="oc-232"/>
      </symbol>
      <symbol id="sm-9a3">
         <name>sl_NetAppPingStart</name>
         <value>0x20007977</value>
         <object_component_ref idref="oc-1b3"/>
      </symbol>
      <symbol id="sm-9a4">
         <name>_SlDrvNetAppEventHandler</name>
         <value>0x20007f1d</value>
         <object_component_ref idref="oc-1b3"/>
      </symbol>
      <symbol id="sm-9a5">
         <name>_sl_HandleAsync_DnsGetHostByService</name>
         <value>0x20007e29</value>
         <object_component_ref idref="oc-1b3"/>
      </symbol>
      <symbol id="sm-9a6">
         <name>sl_NetAppStart</name>
         <value>0x200078b5</value>
         <object_component_ref idref="oc-1b3"/>
      </symbol>
      <symbol id="sm-9a7">
         <name>sl_NetAppSendTokenValue</name>
         <value>0x20007911</value>
         <object_component_ref idref="oc-1b3"/>
      </symbol>
      <symbol id="sm-9a8">
         <name>sl_NetAppMDNSRegisterService</name>
         <value>0x20007b21</value>
         <object_component_ref idref="oc-1b3"/>
      </symbol>
      <symbol id="sm-9a9">
         <name>CopyPingResultsToReport</name>
         <value>0x2000795d</value>
         <object_component_ref idref="oc-1b3"/>
      </symbol>
      <symbol id="sm-9aa">
         <name>sl_NetAppGet</name>
         <value>0x20007bb5</value>
         <object_component_ref idref="oc-1b3"/>
      </symbol>
      <symbol id="sm-9ab">
         <name>_SlGetHostByNameCtrl</name>
         <value>0x2000ad04</value>
         <object_component_ref idref="oc-232"/>
      </symbol>
      <symbol id="sm-9ac">
         <name>_SlGetHostByServiceCtrl</name>
         <value>0x2000ad00</value>
         <object_component_ref idref="oc-232"/>
      </symbol>
      <symbol id="sm-9ad">
         <name>sl_NetAppMDNSRegisterUnregisterService</name>
         <value>0x20007a8b</value>
         <object_component_ref idref="oc-1b3"/>
      </symbol>
      <symbol id="sm-9ae">
         <name>_sl_HandleAsync_DnsGetHostByAddr</name>
         <value>0x20007f17</value>
         <object_component_ref idref="oc-1b3"/>
      </symbol>
      <symbol id="sm-9c1">
         <name>_SlDrvFlowContDeinit</name>
         <value>0x2000a663</value>
         <object_component_ref idref="oc-1bc"/>
      </symbol>
      <symbol id="sm-9c2">
         <name>_SlDrvFlowContInit</name>
         <value>0x2000a639</value>
         <object_component_ref idref="oc-1bc"/>
      </symbol>
      <symbol id="sm-9cb">
         <name>__aeabi_llsr</name>
         <value>0x2000a771</value>
         <object_component_ref idref="oc-171"/>
      </symbol>
      <symbol id="sm-9e7">
         <name>__aeabi_uldivmod</name>
         <value>0x2000a099</value>
         <object_component_ref idref="oc-16c"/>
      </symbol>
      <symbol id="sm-a6e">
         <name>SPIFIFOLevelGet</name>
         <value>0x200075f5</value>
         <object_component_ref idref="oc-1c9"/>
      </symbol>
      <symbol id="sm-a6f">
         <name>SPIFIFODisable</name>
         <value>0x200075a7</value>
         <object_component_ref idref="oc-1c9"/>
      </symbol>
      <symbol id="sm-a70">
         <name>SPITransfer</name>
         <value>0x200077f9</value>
         <object_component_ref idref="oc-1c9"/>
      </symbol>
      <symbol id="sm-a71">
         <name>SPICSEnable</name>
         <value>0x200077c9</value>
         <object_component_ref idref="oc-1c9"/>
      </symbol>
      <symbol id="sm-a72">
         <name>SPIDisable</name>
         <value>0x200073eb</value>
         <object_component_ref idref="oc-1c9"/>
      </symbol>
      <symbol id="sm-a73">
         <name>SPIFIFOEnable</name>
         <value>0x2000758d</value>
         <object_component_ref idref="oc-1c9"/>
      </symbol>
      <symbol id="sm-a74">
         <name>SPIWordCountSet</name>
         <value>0x20007629</value>
         <object_component_ref idref="oc-1c9"/>
      </symbol>
      <symbol id="sm-a75">
         <name>SPIDataGetNonBlocking</name>
         <value>0x200074fd</value>
         <object_component_ref idref="oc-1c9"/>
      </symbol>
      <symbol id="sm-a76">
         <name>SPIDataPut</name>
         <value>0x2000756f</value>
         <object_component_ref idref="oc-1c9"/>
      </symbol>
      <symbol id="sm-a77">
         <name>SPIEnable</name>
         <value>0x200073d3</value>
         <object_component_ref idref="oc-1c9"/>
      </symbol>
      <symbol id="sm-a78">
         <name>SPIDataGet</name>
         <value>0x20007527</value>
         <object_component_ref idref="oc-1c9"/>
      </symbol>
      <symbol id="sm-a79">
         <name>SPIDmaEnable</name>
         <value>0x20007403</value>
         <object_component_ref idref="oc-1c9"/>
      </symbol>
      <symbol id="sm-a7a">
         <name>SPIConfigSetExpClk</name>
         <value>0x20007459</value>
         <object_component_ref idref="oc-1c9"/>
      </symbol>
      <symbol id="sm-a7b">
         <name>SPIIntRegister</name>
         <value>0x20007651</value>
         <object_component_ref idref="oc-1c9"/>
      </symbol>
      <symbol id="sm-a7c">
         <name>SPIIntUnregister</name>
         <value>0x20007675</value>
         <object_component_ref idref="oc-1c9"/>
      </symbol>
      <symbol id="sm-a7d">
         <name>SPIFIFOLevelSet</name>
         <value>0x200075c1</value>
         <object_component_ref idref="oc-1c9"/>
      </symbol>
      <symbol id="sm-a7e">
         <name>SPIDmaDisable</name>
         <value>0x2000741d</value>
         <object_component_ref idref="oc-1c9"/>
      </symbol>
      <symbol id="sm-a7f">
         <name>SPIReset</name>
         <value>0x20007437</value>
         <object_component_ref idref="oc-1c9"/>
      </symbol>
      <symbol id="sm-a80">
         <name>SPIDataPutNonBlocking</name>
         <value>0x20007547</value>
         <object_component_ref idref="oc-1c9"/>
      </symbol>
      <symbol id="sm-a81">
         <name>SPIIntStatus</name>
         <value>0x2000771d</value>
         <object_component_ref idref="oc-1c9"/>
      </symbol>
      <symbol id="sm-a82">
         <name>SPIIntEnable</name>
         <value>0x2000768f</value>
         <object_component_ref idref="oc-1c9"/>
      </symbol>
      <symbol id="sm-a83">
         <name>SPIIntClear</name>
         <value>0x2000778b</value>
         <object_component_ref idref="oc-1c9"/>
      </symbol>
      <symbol id="sm-a84">
         <name>SPICSDisable</name>
         <value>0x200077e1</value>
         <object_component_ref idref="oc-1c9"/>
      </symbol>
      <symbol id="sm-a85">
         <name>SPIIntDisable</name>
         <value>0x200076d3</value>
         <object_component_ref idref="oc-1c9"/>
      </symbol>
      <symbol id="sm-ae1">
         <name>uDMAChannelControlSet</name>
         <value>0x200086b1</value>
         <object_component_ref idref="oc-1cf"/>
      </symbol>
      <symbol id="sm-ae2">
         <name>uDMAIntClear</name>
         <value>0x20008929</value>
         <object_component_ref idref="oc-1cf"/>
      </symbol>
      <symbol id="sm-ae3">
         <name>uDMAControlAlternateBaseGet</name>
         <value>0x2000857b</value>
         <object_component_ref idref="oc-1cf"/>
      </symbol>
      <symbol id="sm-ae4">
         <name>uDMAChannelIsEnabled</name>
         <value>0x20008543</value>
         <object_component_ref idref="oc-1cf"/>
      </symbol>
      <symbol id="sm-ae5">
         <name>uDMAChannelScatterGatherSet</name>
         <value>0x200087e5</value>
         <object_component_ref idref="oc-1cf"/>
      </symbol>
      <symbol id="sm-ae6">
         <name>uDMAControlBaseGet</name>
         <value>0x20008575</value>
         <object_component_ref idref="oc-1cf"/>
      </symbol>
      <symbol id="sm-ae7">
         <name>uDMAErrorStatusGet</name>
         <value>0x20008505</value>
         <object_component_ref idref="oc-1cf"/>
      </symbol>
      <symbol id="sm-ae8">
         <name>uDMAChannelDisable</name>
         <value>0x2000852b</value>
         <object_component_ref idref="oc-1cf"/>
      </symbol>
      <symbol id="sm-ae9">
         <name>uDMAChannelModeGet</name>
         <value>0x200088b5</value>
         <object_component_ref idref="oc-1cf"/>
      </symbol>
      <symbol id="sm-aea">
         <name>uDMAIntUnregister</name>
         <value>0x20008911</value>
         <object_component_ref idref="oc-1cf"/>
      </symbol>
      <symbol id="sm-aeb">
         <name>uDMAChannelSizeGet</name>
         <value>0x2000886d</value>
         <object_component_ref idref="oc-1cf"/>
      </symbol>
      <symbol id="sm-aec">
         <name>uDMAChannelAttributeEnable</name>
         <value>0x20008599</value>
         <object_component_ref idref="oc-1cf"/>
      </symbol>
      <symbol id="sm-aed">
         <name>uDMADisable</name>
         <value>0x200084fd</value>
         <object_component_ref idref="oc-1cf"/>
      </symbol>
      <symbol id="sm-aee">
         <name>uDMAErrorStatusClear</name>
         <value>0x2000850b</value>
         <object_component_ref idref="oc-1cf"/>
      </symbol>
      <symbol id="sm-aef">
         <name>uDMAChannelAttributeGet</name>
         <value>0x20008641</value>
         <object_component_ref idref="oc-1cf"/>
      </symbol>
      <symbol id="sm-af0">
         <name>uDMAChannelTransferSet</name>
         <value>0x200086ed</value>
         <object_component_ref idref="oc-1cf"/>
      </symbol>
      <symbol id="sm-af1">
         <name>uDMAIntStatus</name>
         <value>0x20008923</value>
         <object_component_ref idref="oc-1cf"/>
      </symbol>
      <symbol id="sm-af2">
         <name>uDMAChannelAssign</name>
         <value>0x2000893d</value>
         <object_component_ref idref="oc-1cf"/>
      </symbol>
      <symbol id="sm-af3">
         <name>uDMAIntRegister</name>
         <value>0x200088fb</value>
         <object_component_ref idref="oc-1cf"/>
      </symbol>
      <symbol id="sm-af4">
         <name>uDMAEnable</name>
         <value>0x200084f5</value>
         <object_component_ref idref="oc-1cf"/>
      </symbol>
      <symbol id="sm-af5">
         <name>uDMAControlBaseSet</name>
         <value>0x20008565</value>
         <object_component_ref idref="oc-1cf"/>
      </symbol>
      <symbol id="sm-af6">
         <name>uDMAChannelAttributeDisable</name>
         <value>0x200085ed</value>
         <object_component_ref idref="oc-1cf"/>
      </symbol>
      <symbol id="sm-af7">
         <name>uDMAChannelEnable</name>
         <value>0x20008513</value>
         <object_component_ref idref="oc-1cf"/>
      </symbol>
      <symbol id="sm-af8">
         <name>uDMAChannelRequest</name>
         <value>0x20008581</value>
         <object_component_ref idref="oc-1cf"/>
      </symbol>
      <symbol id="sm-af9">
         <name>__TI_static_base__</name>
         <value>0x2000ad88</value>
      </symbol>
      <symbol id="sm-afa">
         <name>__TI_args_main</name>
         <value>0x1</value>
      </symbol>
      <symbol id="sm-afb">
         <name>SHT$$INIT_ARRAY$$Limit</name>
         <value>0x0</value>
      </symbol>
      <symbol id="sm-afc">
         <name>SHT$$INIT_ARRAY$$Base</name>
         <value>0x0</value>
      </symbol>
   </symbol_table>
   <title>Link successful</title>
</link_info>
